Blender 4.5.3 LTS (hash 67807e1800cc built 2025-09-09 01:33:33)
Read blend: "F:\SteamLibrary\steamapps\common\Jagged Alliance 3\ModTools\Samples\Assets\SampleMaleModel\BlenderScene_Appearance.blend"
Fra:0 Mem:43.04M (Peak 43.04M) | Time:00:00.00 | Mem:0.00M, Peak:0.00M | Scene, ViewLayer | Synchronizing object | Rounded chest hide
Fra:0 Mem:43.04M (Peak 43.04M) | Time:00:00.00 | Mem:0.00M, Peak:0.00M | Scene, ViewLayer | Synchronizing object | Rounded chest hide rolled hide edge
Fra:0 Mem:43.13M (Peak 43.13M) | Time:00:00.00 | Mem:0.00M, Peak:0.00M | Scene, ViewLayer | Synchronizing object | Rounded chest hide saddle stitch
Fra:0 Mem:43.23M (Peak 43.23M) | Time:00:00.00 | Mem:0.00M, Peak:0.00M | Scene, ViewLayer | Synchronizing object | Back leather pad
Fra:0 Mem:43.33M (Peak 43.33M) | Time:00:00.00 | Mem:0.00M, Peak:0.00M | Scene, ViewLayer | Synchronizing object | Back leather pad rolled hide edge
Fra:0 Mem:43.38M (Peak 43.38M) | Time:00:00.00 | Mem:0.00M, Peak:0.00M | Scene, ViewLayer | Synchronizing object | Back leather pad rolled hide edge.001
Fra:0 Mem:43.41M (Peak 43.41M) | Time:00:00.00 | Mem:0.00M, Peak:0.00M | Scene, ViewLayer | Synchronizing object | Back leather pad rolled hide edge.002
Fra:0 Mem:43.42M (Peak 43.42M) | Time:00:00.00 | Mem:0.00M, Peak:0.00M | Scene, ViewLayer | Synchronizing object | Back leather pad saddle stitch
Fra:0 Mem:43.42M (Peak 43.42M) | Time:00:00.00 | Mem:0.00M, Peak:0.00M | Scene, ViewLayer | Synchronizing object | Plate envelope
Fra:0 Mem:43.51M (Peak 43.51M) | Time:00:00.00 | Mem:0.00M, Peak:0.00M | Scene, ViewLayer | Synchronizing object | Plate envelope rolled hide edge
Fra:0 Mem:43.51M (Peak 43.51M) | Time:00:00.00 | Mem:0.00M, Peak:0.00M | Scene, ViewLayer | Synchronizing object | Plate envelope rolled hide edge.001
Fra:0 Mem:43.57M (Peak 43.57M) | Time:00:00.00 | Mem:0.00M, Peak:0.00M | Scene, ViewLayer | Synchronizing object | Plate envelope rolled hide edge.002
Fra:0 Mem:43.59M (Peak 43.59M) | Time:00:00.00 | Mem:0.00M, Peak:0.00M | Scene, ViewLayer | Synchronizing object | Plate envelope saddle stitch
Fra:0 Mem:43.60M (Peak 43.60M) | Time:00:00.00 | Mem:0.00M, Peak:0.00M | Scene, ViewLayer | Synchronizing object | Plate pocket closure flap
Fra:0 Mem:43.62M (Peak 43.62M) | Time:00:00.00 | Mem:0.00M, Peak:0.00M | Scene, ViewLayer | Synchronizing object | Left shoulder strap
Fra:0 Mem:43.66M (Peak 43.66M) | Time:00:00.00 | Mem:0.00M, Peak:0.00M | Scene, ViewLayer | Synchronizing object | Shoulder anchor
Fra:0 Mem:43.68M (Peak 43.68M) | Time:00:00.00 | Mem:0.00M, Peak:0.00M | Scene, ViewLayer | Synchronizing object | Shoulder anchor.001
Fra:0 Mem:43.69M (Peak 43.69M) | Time:00:00.00 | Mem:0.00M, Peak:0.00M | Scene, ViewLayer | Synchronizing object | Shoulder anchor.002
Fra:0 Mem:43.70M (Peak 43.70M) | Time:00:00.00 | Mem:0.00M, Peak:0.00M | Scene, ViewLayer | Synchronizing object | Shoulder anchor.003
Fra:0 Mem:43.70M (Peak 43.70M) | Time:00:00.00 | Mem:0.00M, Peak:0.00M | Scene, ViewLayer | Synchronizing object | Side closing strap
Fra:0 Mem:43.70M (Peak 43.70M) | Time:00:00.00 | Mem:0.00M, Peak:0.00M | Scene, ViewLayer | Synchronizing object | Hand forged side buckle
Fra:0 Mem:43.72M (Peak 43.72M) | Time:00:00.00 | Mem:0.00M, Peak:0.00M | Scene, ViewLayer | Synchronizing object | Buckle tongue
Fra:0 Mem:43.73M (Peak 43.73M) | Time:00:00.00 | Mem:0.00M, Peak:0.00M | Scene, ViewLayer | Synchronizing object | Fill
Fra:0 Mem:43.73M (Peak 43.73M) | Time:00:00.00 | Mem:0.00M, Peak:0.00M | Scene, ViewLayer | Synchronizing object | Key
Fra:0 Mem:43.73M (Peak 43.73M) | Time:00:00.00 | Mem:0.00M, Peak:0.00M | Scene, ViewLayer | Synchronizing object | Side closing strap.001
Fra:0 Mem:43.73M (Peak 43.73M) | Time:00:00.00 | Mem:0.00M, Peak:0.00M | Scene, ViewLayer | Synchronizing object | Patch stitch.009
Fra:0 Mem:43.77M (Peak 43.77M) | Time:00:00.00 | Mem:0.00M, Peak:0.00M | Scene, ViewLayer | Synchronizing object | Patch stitch.008
Fra:0 Mem:43.77M (Peak 43.77M) | Time:00:00.00 | Mem:0.00M, Peak:0.00M | Scene, ViewLayer | Synchronizing object | Patch stitch.007
Fra:0 Mem:43.78M (Peak 43.78M) | Time:00:00.00 | Mem:0.00M, Peak:0.00M | Scene, ViewLayer | Synchronizing object | Hand forged side buckle.001
Fra:0 Mem:43.78M (Peak 43.78M) | Time:00:00.00 | Mem:0.00M, Peak:0.00M | Scene, ViewLayer | Synchronizing object | Buckle tongue.001
Fra:0 Mem:43.79M (Peak 43.79M) | Time:00:00.00 | Mem:0.00M, Peak:0.00M | Scene, ViewLayer | Synchronizing object | Right shoulder strap
Fra:0 Mem:43.79M (Peak 43.79M) | Time:00:00.00 | Mem:0.00M, Peak:0.00M | Scene, ViewLayer | Synchronizing object | Shoulder anchor.004
Fra:0 Mem:43.79M (Peak 43.79M) | Time:00:00.00 | Mem:0.00M, Peak:0.00M | Scene, ViewLayer | Synchronizing object | Shoulder anchor.005
Fra:0 Mem:43.82M (Peak 43.82M) | Time:00:00.00 | Mem:0.00M, Peak:0.00M | Scene, ViewLayer | Synchronizing object | Shoulder anchor.006
Fra:0 Mem:43.84M (Peak 43.84M) | Time:00:00.00 | Mem:0.00M, Peak:0.00M | Scene, ViewLayer | Synchronizing object | Shoulder anchor.007
Fra:0 Mem:43.85M (Peak 43.85M) | Time:00:00.00 | Mem:0.00M, Peak:0.00M | Scene, ViewLayer | Synchronizing object | Patch stitch.004
Fra:0 Mem:43.86M (Peak 43.86M) | Time:00:00.00 | Mem:0.00M, Peak:0.00M | Scene, ViewLayer | Synchronizing object | Hand forged side buckle.002
Fra:0 Mem:43.88M (Peak 43.88M) | Time:00:00.00 | Mem:0.00M, Peak:0.00M | Scene, ViewLayer | Synchronizing object | Patch stitch.003
Fra:0 Mem:43.88M (Peak 43.88M) | Time:00:00.00 | Mem:0.00M, Peak:0.00M | Scene, ViewLayer | Synchronizing object | Buckle tongue.002
Fra:0 Mem:43.89M (Peak 43.89M) | Time:00:00.00 | Mem:0.00M, Peak:0.00M | Scene, ViewLayer | Synchronizing object | Patch stitch.002
Fra:0 Mem:43.89M (Peak 43.89M) | Time:00:00.00 | Mem:0.00M, Peak:0.00M | Scene, ViewLayer | Synchronizing object | Side closing strap.003
Fra:0 Mem:43.91M (Peak 43.91M) | Time:00:00.00 | Mem:0.00M, Peak:0.00M | Scene, ViewLayer | Synchronizing object | Hand forged side buckle.003
Fra:0 Mem:43.93M (Peak 43.93M) | Time:00:00.00 | Mem:0.00M, Peak:0.00M | Scene, ViewLayer | Synchronizing object | Buckle tongue.003
Fra:0 Mem:43.93M (Peak 43.93M) | Time:00:00.00 | Mem:0.00M, Peak:0.00M | Scene, ViewLayer | Synchronizing object | Chest binding rivet
Fra:0 Mem:43.93M (Peak 43.93M) | Time:00:00.00 | Mem:0.00M, Peak:0.00M | Scene, ViewLayer | Synchronizing object | Patch stitch
Fra:0 Mem:43.94M (Peak 43.94M) | Time:00:00.00 | Mem:0.00M, Peak:0.00M | Scene, ViewLayer | Synchronizing object | Chest binding rivet.001
Fra:0 Mem:43.94M (Peak 43.94M) | Time:00:00.00 | Mem:0.00M, Peak:0.00M | Scene, ViewLayer | Synchronizing object | Chest binding rivet.002
Fra:0 Mem:43.94M (Peak 43.94M) | Time:00:00.00 | Mem:0.00M, Peak:0.00M | Scene, ViewLayer | Synchronizing object | Chest binding rivet.004
Fra:0 Mem:43.95M (Peak 43.95M) | Time:00:00.00 | Mem:0.00M, Peak:0.00M | Scene, ViewLayer | Synchronizing object | Chest binding rivet.005
Fra:0 Mem:43.95M (Peak 43.95M) | Time:00:00.00 | Mem:0.00M, Peak:0.00M | Scene, ViewLayer | Initializing
Fra:0 Mem:41.39M (Peak 43.95M) | Time:00:00.00 | Mem:0.00M, Peak:0.00M | Scene, ViewLayer | Waiting for render to start
Fra:0 Mem:41.39M (Peak 43.95M) | Time:00:00.00 | Mem:0.00M, Peak:0.00M | Scene, ViewLayer | Updating Scene
Fra:0 Mem:41.39M (Peak 43.95M) | Time:00:00.00 | Mem:0.00M, Peak:0.00M | Scene, ViewLayer | Updating Shaders
Fra:0 Mem:41.39M (Peak 43.95M) | Time:00:00.00 | Mem:0.00M, Peak:0.00M | Scene, ViewLayer | Loading render kernels (may take a few minutes the first time)
Fra:0 Mem:41.56M (Peak 43.95M) | Time:00:00.00 | Mem:0.09M, Peak:0.09M | Scene, ViewLayer | Updating Procedurals
Fra:0 Mem:41.56M (Peak 43.95M) | Time:00:00.00 | Mem:0.09M, Peak:0.09M | Scene, ViewLayer | Updating Background
Fra:0 Mem:41.56M (Peak 43.95M) | Time:00:00.00 | Mem:0.09M, Peak:0.09M | Scene, ViewLayer | Updating Camera
Fra:0 Mem:41.56M (Peak 43.95M) | Time:00:00.00 | Mem:0.09M, Peak:0.09M | Scene, ViewLayer | Updating Meshes Flags
Fra:0 Mem:41.56M (Peak 43.95M) | Time:00:00.00 | Mem:0.09M, Peak:0.09M | Scene, ViewLayer | Updating Objects
Fra:0 Mem:41.56M (Peak 43.95M) | Time:00:00.00 | Mem:0.09M, Peak:0.09M | Scene, ViewLayer | Updating Objects | Copying Transformations to device
Fra:0 Mem:41.57M (Peak 43.95M) | Time:00:00.00 | Mem:0.10M, Peak:0.10M | Scene, ViewLayer | Updating Particle Systems
Fra:0 Mem:41.57M (Peak 43.95M) | Time:00:00.00 | Mem:0.10M, Peak:0.10M | Scene, ViewLayer | Updating Particle Systems | Copying Particles to device
Fra:0 Mem:41.57M (Peak 43.95M) | Time:00:00.00 | Mem:0.10M, Peak:0.10M | Scene, ViewLayer | Updating Meshes
Fra:0 Mem:41.57M (Peak 43.95M) | Time:00:00.00 | Mem:0.10M, Peak:0.10M | Scene, ViewLayer | Updating Objects | Applying Static Transformations
Fra:0 Mem:41.57M (Peak 43.95M) | Time:00:00.00 | Mem:0.10M, Peak:0.10M | Scene, ViewLayer | Updating Mesh | Computing attributes
Fra:0 Mem:41.66M (Peak 43.95M) | Time:00:00.00 | Mem:0.10M, Peak:0.10M | Scene, ViewLayer | Updating Mesh | Copying Attributes to device
Fra:0 Mem:41.65M (Peak 43.95M) | Time:00:00.00 | Mem:0.18M, Peak:0.18M | Scene, ViewLayer | Updating Scene BVH | Building
Fra:0 Mem:41.65M (Peak 43.95M) | Time:00:00.00 | Mem:0.18M, Peak:0.18M | Scene, ViewLayer | Updating Scene BVH | Building BVH
Fra:0 Mem:41.65M (Peak 43.95M) | Time:00:00.00 | Mem:0.54M, Peak:0.54M | Scene, ViewLayer | Updating Scene BVH | Building BVH 0%
Fra:0 Mem:41.65M (Peak 43.95M) | Time:00:00.01 | Mem:0.91M, Peak:1.27M | Scene, ViewLayer | Updating Scene BVH | Copying BVH to device
Fra:0 Mem:41.65M (Peak 43.95M) | Time:00:00.01 | Mem:0.91M, Peak:1.27M | Scene, ViewLayer | Updating Mesh | Computing normals
Fra:0 Mem:41.98M (Peak 43.95M) | Time:00:00.01 | Mem:0.91M, Peak:1.27M | Scene, ViewLayer | Updating Mesh | Copying Mesh to device
Fra:0 Mem:41.98M (Peak 43.95M) | Time:00:00.01 | Mem:1.24M, Peak:1.27M | Scene, ViewLayer | Updating Objects Flags
Fra:0 Mem:41.98M (Peak 43.95M) | Time:00:00.01 | Mem:1.24M, Peak:1.27M | Scene, ViewLayer | Updating Primitive Offsets
Fra:0 Mem:41.98M (Peak 43.95M) | Time:00:00.01 | Mem:1.24M, Peak:1.27M | Scene, ViewLayer | Updating Images
Fra:0 Mem:41.98M (Peak 43.95M) | Time:00:00.01 | Mem:1.24M, Peak:1.27M | Scene, ViewLayer | Updating Camera Volume
Fra:0 Mem:41.98M (Peak 43.95M) | Time:00:00.01 | Mem:1.24M, Peak:1.27M | Scene, ViewLayer | Updating Lookup Tables
Fra:0 Mem:41.98M (Peak 43.95M) | Time:00:00.01 | Mem:1.32M, Peak:1.32M | Scene, ViewLayer | Updating Lights
Fra:0 Mem:41.98M (Peak 43.95M) | Time:00:00.01 | Mem:1.32M, Peak:1.32M | Scene, ViewLayer | Updating Lights | Computing tree
Fra:0 Mem:41.98M (Peak 43.95M) | Time:00:00.01 | Mem:1.32M, Peak:1.32M | Scene, ViewLayer | Updating Integrator
Fra:0 Mem:42.98M (Peak 43.95M) | Time:00:00.01 | Mem:2.32M, Peak:2.32M | Scene, ViewLayer | Updating Film
Fra:0 Mem:42.99M (Peak 43.95M) | Time:00:00.01 | Mem:2.24M, Peak:2.32M | Scene, ViewLayer | Updating Lookup Tables
Fra:0 Mem:42.99M (Peak 43.95M) | Time:00:00.01 | Mem:2.32M, Peak:2.32M | Scene, ViewLayer | Updating Baking
Fra:0 Mem:42.99M (Peak 43.95M) | Time:00:00.01 | Mem:2.32M, Peak:2.32M | Scene, ViewLayer | Updating Device | Writing constant memory
Fra:0 Mem:42.99M (Peak 43.95M) | Time:00:00.01 | Mem:2.32M, Peak:2.32M | Scene, ViewLayer | Loading denoising kernels (may take a few minutes the first time)
Fra:0 Mem:42.99M (Peak 43.95M) | Time:00:00.01 | Mem:2.32M, Peak:2.32M | Scene, ViewLayer | Sample 0/32
Fra:0 Mem:101.74M (Peak 101.74M) | Time:00:00.46 | Remaining:00:13.95 | Mem:61.03M, Peak:61.03M | Scene, ViewLayer | Sample 1/32
Fra:0 Mem:126.46M (Peak 163.54M) | Time:00:18.89 | Mem:61.03M, Peak:61.03M | Scene, ViewLayer | Sample 32/32
Fra:0 Mem:126.46M (Peak 163.54M) | Time:00:18.89 | Mem:61.03M, Peak:61.03M | Scene, ViewLayer | Finished
Saved: 'C:\Users\SsAnd\AppData\Roaming\Jagged Alliance 3\Mods\jazz\tmp\leather-armor-v5\front.png'
Time: 00:19.04 (Saving: 00:00.15)

Fra:0 Mem:43.46M (Peak 43.46M) | Time:00:00.00 | Mem:0.00M, Peak:0.00M | Scene, ViewLayer | Synchronizing object | Rounded chest hide
Fra:0 Mem:43.46M (Peak 43.46M) | Time:00:00.00 | Mem:0.00M, Peak:0.00M | Scene, ViewLayer | Synchronizing object | Rounded chest hide saddle stitch
Fra:0 Mem:43.54M (Peak 43.54M) | Time:00:00.00 | Mem:0.00M, Peak:0.00M | Scene, ViewLayer | Synchronizing object | Back leather pad rolled hide edge
Fra:0 Mem:43.59M (Peak 43.59M) | Time:00:00.00 | Mem:0.00M, Peak:0.00M | Scene, ViewLayer | Synchronizing object | Back leather pad rolled hide edge.001
Fra:0 Mem:43.60M (Peak 43.60M) | Time:00:00.00 | Mem:0.00M, Peak:0.00M | Scene, ViewLayer | Synchronizing object | Back leather pad rolled hide edge.002
Fra:0 Mem:43.61M (Peak 43.61M) | Time:00:00.00 | Mem:0.00M, Peak:0.00M | Scene, ViewLayer | Synchronizing object | Back leather pad saddle stitch
Fra:0 Mem:43.66M (Peak 43.66M) | Time:00:00.00 | Mem:0.00M, Peak:0.00M | Scene, ViewLayer | Synchronizing object | Plate envelope rolled hide edge
Fra:0 Mem:43.68M (Peak 43.68M) | Time:00:00.00 | Mem:0.00M, Peak:0.00M | Scene, ViewLayer | Synchronizing object | Plate envelope rolled hide edge.001
Fra:0 Mem:43.70M (Peak 43.70M) | Time:00:00.00 | Mem:0.00M, Peak:0.00M | Scene, ViewLayer | Synchronizing object | Plate envelope rolled hide edge.002
Fra:0 Mem:43.71M (Peak 43.71M) | Time:00:00.00 | Mem:0.00M, Peak:0.00M | Scene, ViewLayer | Synchronizing object | Plate envelope saddle stitch
Fra:0 Mem:43.75M (Peak 43.75M) | Time:00:00.00 | Mem:0.00M, Peak:0.00M | Scene, ViewLayer | Synchronizing object | Plate pocket closure flap
Fra:0 Mem:43.76M (Peak 43.76M) | Time:00:00.00 | Mem:0.00M, Peak:0.00M | Scene, ViewLayer | Synchronizing object | Left shoulder strap
Fra:0 Mem:43.82M (Peak 43.82M) | Time:00:00.00 | Mem:0.00M, Peak:0.00M | Scene, ViewLayer | Synchronizing object | Shoulder anchor
Fra:0 Mem:43.82M (Peak 43.82M) | Time:00:00.00 | Mem:0.00M, Peak:0.00M | Scene, ViewLayer | Synchronizing object | Shoulder anchor.002
Fra:0 Mem:43.82M (Peak 43.82M) | Time:00:00.00 | Mem:0.00M, Peak:0.00M | Scene, ViewLayer | Synchronizing object | Side closing strap
Fra:0 Mem:43.82M (Peak 43.82M) | Time:00:00.00 | Mem:0.00M, Peak:0.00M | Scene, ViewLayer | Synchronizing object | Hand forged side buckle
Fra:0 Mem:43.82M (Peak 43.82M) | Time:00:00.00 | Mem:0.00M, Peak:0.00M | Scene, ViewLayer | Synchronizing object | Buckle tongue
Fra:0 Mem:43.83M (Peak 43.83M) | Time:00:00.00 | Mem:0.00M, Peak:0.00M | Scene, ViewLayer | Synchronizing object | Side closing strap.001
Fra:0 Mem:43.84M (Peak 43.84M) | Time:00:00.00 | Mem:0.00M, Peak:0.00M | Scene, ViewLayer | Synchronizing object | Hand forged side buckle.001
Fra:0 Mem:43.84M (Peak 43.84M) | Time:00:00.00 | Mem:0.00M, Peak:0.00M | Scene, ViewLayer | Synchronizing object | Buckle tongue.001
Fra:0 Mem:43.86M (Peak 43.86M) | Time:00:00.00 | Mem:0.00M, Peak:0.00M | Scene, ViewLayer | Synchronizing object | Right shoulder strap
Fra:0 Mem:43.88M (Peak 43.88M) | Time:00:00.00 | Mem:0.00M, Peak:0.00M | Scene, ViewLayer | Synchronizing object | Shoulder anchor.004
Fra:0 Mem:43.90M (Peak 43.90M) | Time:00:00.00 | Mem:0.00M, Peak:0.00M | Scene, ViewLayer | Synchronizing object | Shoulder anchor.005
Fra:0 Mem:43.90M (Peak 43.90M) | Time:00:00.00 | Mem:0.00M, Peak:0.00M | Scene, ViewLayer | Synchronizing object | Side closing strap.002
Fra:0 Mem:43.92M (Peak 43.92M) | Time:00:00.00 | Mem:0.00M, Peak:0.00M | Scene, ViewLayer | Synchronizing object | Hand forged side buckle.002
Fra:0 Mem:43.92M (Peak 43.92M) | Time:00:00.00 | Mem:0.00M, Peak:0.00M | Scene, ViewLayer | Synchronizing object | Buckle tongue.002
Fra:0 Mem:43.92M (Peak 43.92M) | Time:00:00.00 | Mem:0.00M, Peak:0.00M | Scene, ViewLayer | Synchronizing object | Fill
Fra:0 Mem:43.92M (Peak 43.92M) | Time:00:00.00 | Mem:0.00M, Peak:0.00M | Scene, ViewLayer | Synchronizing object | Hand forged side buckle.003
Fra:0 Mem:43.93M (Peak 43.93M) | Time:00:00.00 | Mem:0.00M, Peak:0.00M | Scene, ViewLayer | Synchronizing object | Buckle tongue.003
Fra:0 Mem:43.94M (Peak 43.94M) | Time:00:00.00 | Mem:0.00M, Peak:0.00M | Scene, ViewLayer | Synchronizing object | Chest binding rivet.001
Fra:0 Mem:43.94M (Peak 43.94M) | Time:00:00.00 | Mem:0.00M, Peak:0.00M | Scene, ViewLayer | Synchronizing object | Key
Fra:0 Mem:43.94M (Peak 43.94M) | Time:00:00.00 | Mem:0.00M, Peak:0.00M | Scene, ViewLayer | Synchronizing object | Chest binding rivet.002
Fra:0 Mem:43.94M (Peak 43.94M) | Time:00:00.00 | Mem:0.00M, Peak:0.00M | Scene, ViewLayer | Synchronizing object | Chest binding rivet.003
Fra:0 Mem:43.94M (Peak 43.94M) | Time:00:00.00 | Mem:0.00M, Peak:0.00M | Scene, ViewLayer | Synchronizing object | Patch stitch.009
Fra:0 Mem:43.94M (Peak 43.94M) | Time:00:00.00 | Mem:0.00M, Peak:0.00M | Scene, ViewLayer | Synchronizing object | Hand cut repair patch
Fra:0 Mem:43.95M (Peak 43.95M) | Time:00:00.00 | Mem:0.00M, Peak:0.00M | Scene, ViewLayer | Synchronizing object | Patch stitch
Fra:0 Mem:43.95M (Peak 43.95M) | Time:00:00.00 | Mem:0.00M, Peak:0.00M | Scene, ViewLayer | Synchronizing object | Patch stitch.001
Fra:0 Mem:43.95M (Peak 43.95M) | Time:00:00.00 | Mem:0.00M, Peak:0.00M | Scene, ViewLayer | Synchronizing object | Patch stitch.002
Fra:0 Mem:43.95M (Peak 43.95M) | Time:00:00.00 | Mem:0.00M, Peak:0.00M | Scene, ViewLayer | Synchronizing object | Patch stitch.004
Fra:0 Mem:43.95M (Peak 43.95M) | Time:00:00.00 | Mem:0.00M, Peak:0.00M | Scene, ViewLayer | Synchronizing object | Patch stitch.005
Fra:0 Mem:43.95M (Peak 43.95M) | Time:00:00.00 | Mem:0.00M, Peak:0.00M | Scene, ViewLayer | Synchronizing object | Patch stitch.008
Fra:0 Mem:43.95M (Peak 43.95M) | Time:00:00.00 | Mem:0.00M, Peak:0.00M | Scene, ViewLayer | Synchronizing object | Patch stitch.006
Fra:0 Mem:43.95M (Peak 43.95M) | Time:00:00.00 | Mem:0.00M, Peak:0.00M | Scene, ViewLayer | Synchronizing object | Patch stitch.007
Fra:0 Mem:43.95M (Peak 43.95M) | Time:00:00.00 | Mem:0.00M, Peak:0.00M | Scene, ViewLayer | Initializing
Fra:0 Mem:41.39M (Peak 43.95M) | Time:00:00.00 | Mem:0.00M, Peak:0.00M | Scene, ViewLayer | Waiting for render to start
Fra:0 Mem:41.39M (Peak 43.95M) | Time:00:00.00 | Mem:0.00M, Peak:0.00M | Scene, ViewLayer | Updating Scene
Fra:0 Mem:41.39M (Peak 43.95M) | Time:00:00.00 | Mem:0.00M, Peak:0.00M | Scene, ViewLayer | Updating Shaders
Fra:0 Mem:41.39M (Peak 43.95M) | Time:00:00.00 | Mem:0.00M, Peak:0.00M | Scene, ViewLayer | Loading render kernels (may take a few minutes the first time)
Fra:0 Mem:41.56M (Peak 43.95M) | Time:00:00.00 | Mem:0.09M, Peak:0.09M | Scene, ViewLayer | Updating Procedurals
Fra:0 Mem:41.56M (Peak 43.95M) | Time:00:00.00 | Mem:0.09M, Peak:0.09M | Scene, ViewLayer | Updating Background
Fra:0 Mem:41.56M (Peak 43.95M) | Time:00:00.00 | Mem:0.09M, Peak:0.09M | Scene, ViewLayer | Updating Camera
Fra:0 Mem:41.56M (Peak 43.95M) | Time:00:00.00 | Mem:0.09M, Peak:0.09M | Scene, ViewLayer | Updating Meshes Flags
Fra:0 Mem:41.56M (Peak 43.95M) | Time:00:00.00 | Mem:0.09M, Peak:0.09M | Scene, ViewLayer | Updating Objects
Fra:0 Mem:41.56M (Peak 43.95M) | Time:00:00.00 | Mem:0.09M, Peak:0.09M | Scene, ViewLayer | Updating Objects | Copying Transformations to device
Fra:0 Mem:41.57M (Peak 43.95M) | Time:00:00.00 | Mem:0.10M, Peak:0.10M | Scene, ViewLayer | Updating Particle Systems
Fra:0 Mem:41.57M (Peak 43.95M) | Time:00:00.00 | Mem:0.10M, Peak:0.10M | Scene, ViewLayer | Updating Particle Systems | Copying Particles to device
Fra:0 Mem:41.57M (Peak 43.95M) | Time:00:00.00 | Mem:0.10M, Peak:0.10M | Scene, ViewLayer | Updating Meshes
Fra:0 Mem:41.57M (Peak 43.95M) | Time:00:00.00 | Mem:0.10M, Peak:0.10M | Scene, ViewLayer | Updating Objects | Applying Static Transformations
Fra:0 Mem:41.57M (Peak 43.95M) | Time:00:00.00 | Mem:0.10M, Peak:0.10M | Scene, ViewLayer | Updating Mesh | Computing attributes
Fra:0 Mem:41.66M (Peak 43.95M) | Time:00:00.00 | Mem:0.10M, Peak:0.10M | Scene, ViewLayer | Updating Mesh | Copying Attributes to device
Fra:0 Mem:41.65M (Peak 43.95M) | Time:00:00.00 | Mem:0.18M, Peak:0.18M | Scene, ViewLayer | Updating Scene BVH | Building
Fra:0 Mem:41.65M (Peak 43.95M) | Time:00:00.00 | Mem:0.18M, Peak:0.18M | Scene, ViewLayer | Updating Scene BVH | Building BVH
Fra:0 Mem:41.65M (Peak 43.95M) | Time:00:00.00 | Mem:0.54M, Peak:0.54M | Scene, ViewLayer | Updating Scene BVH | Building BVH 0%
Fra:0 Mem:41.65M (Peak 43.95M) | Time:00:00.01 | Mem:0.91M, Peak:1.27M | Scene, ViewLayer | Updating Scene BVH | Copying BVH to device
Fra:0 Mem:41.65M (Peak 43.95M) | Time:00:00.01 | Mem:0.91M, Peak:1.27M | Scene, ViewLayer | Updating Mesh | Computing normals
Fra:0 Mem:41.98M (Peak 43.95M) | Time:00:00.01 | Mem:0.91M, Peak:1.27M | Scene, ViewLayer | Updating Mesh | Copying Mesh to device
Fra:0 Mem:41.98M (Peak 43.95M) | Time:00:00.01 | Mem:1.24M, Peak:1.27M | Scene, ViewLayer | Updating Objects Flags
Fra:0 Mem:41.98M (Peak 43.95M) | Time:00:00.01 | Mem:1.24M, Peak:1.27M | Scene, ViewLayer | Updating Primitive Offsets
Fra:0 Mem:41.98M (Peak 43.95M) | Time:00:00.01 | Mem:1.24M, Peak:1.27M | Scene, ViewLayer | Updating Images
Fra:0 Mem:41.98M (Peak 43.95M) | Time:00:00.01 | Mem:1.24M, Peak:1.27M | Scene, ViewLayer | Updating Camera Volume
Fra:0 Mem:41.98M (Peak 43.95M) | Time:00:00.01 | Mem:1.24M, Peak:1.27M | Scene, ViewLayer | Updating Lookup Tables
Fra:0 Mem:41.98M (Peak 43.95M) | Time:00:00.01 | Mem:1.32M, Peak:1.32M | Scene, ViewLayer | Updating Lights
Fra:0 Mem:41.98M (Peak 43.95M) | Time:00:00.01 | Mem:1.32M, Peak:1.32M | Scene, ViewLayer | Updating Lights | Computing tree
Fra:0 Mem:41.98M (Peak 43.95M) | Time:00:00.01 | Mem:1.32M, Peak:1.32M | Scene, ViewLayer | Updating Integrator
Fra:0 Mem:42.98M (Peak 43.95M) | Time:00:00.01 | Mem:2.32M, Peak:2.32M | Scene, ViewLayer | Updating Film
Fra:0 Mem:42.99M (Peak 43.95M) | Time:00:00.01 | Mem:2.24M, Peak:2.32M | Scene, ViewLayer | Updating Lookup Tables
Fra:0 Mem:42.99M (Peak 43.95M) | Time:00:00.01 | Mem:2.32M, Peak:2.32M | Scene, ViewLayer | Updating Baking
Fra:0 Mem:42.99M (Peak 43.95M) | Time:00:00.01 | Mem:2.32M, Peak:2.32M | Scene, ViewLayer | Updating Device | Writing constant memory
Fra:0 Mem:42.99M (Peak 43.95M) | Time:00:00.01 | Mem:2.32M, Peak:2.32M | Scene, ViewLayer | Loading denoising kernels (may take a few minutes the first time)
Fra:0 Mem:42.99M (Peak 43.95M) | Time:00:00.01 | Mem:2.32M, Peak:2.32M | Scene, ViewLayer | Sample 0/32
Fra:0 Mem:101.74M (Peak 101.74M) | Time:00:00.46 | Remaining:00:13.96 | Mem:61.03M, Peak:61.03M | Scene, ViewLayer | Sample 1/32
Fra:0 Mem:126.46M (Peak 163.54M) | Time:00:17.30 | Mem:61.03M, Peak:61.03M | Scene, ViewLayer | Sample 32/32
Fra:0 Mem:126.46M (Peak 163.54M) | Time:00:17.30 | Mem:61.03M, Peak:61.03M | Scene, ViewLayer | Finished
Saved: 'C:\Users\SsAnd\AppData\Roaming\Jagged Alliance 3\Mods\jazz\tmp\leather-armor-v5\back.png'
Time: 00:17.37 (Saving: 00:00.06)

Fra:0 Mem:43.46M (Peak 43.46M) | Time:00:00.00 | Mem:0.00M, Peak:0.00M | Scene, ViewLayer | Synchronizing object | Rounded chest hide
Fra:0 Mem:43.51M (Peak 43.51M) | Time:00:00.00 | Mem:0.00M, Peak:0.00M | Scene, ViewLayer | Synchronizing object | Rounded chest hide saddle stitch
Fra:0 Mem:43.54M (Peak 43.54M) | Time:00:00.00 | Mem:0.00M, Peak:0.00M | Scene, ViewLayer | Synchronizing object | Back leather pad
Fra:0 Mem:43.64M (Peak 43.64M) | Time:00:00.00 | Mem:0.00M, Peak:0.00M | Scene, ViewLayer | Synchronizing object | Back leather pad rolled hide edge
Fra:0 Mem:43.65M (Peak 43.65M) | Time:00:00.00 | Mem:0.00M, Peak:0.00M | Scene, ViewLayer | Synchronizing object | Back leather pad rolled hide edge.002
Fra:0 Mem:43.65M (Peak 43.65M) | Time:00:00.00 | Mem:0.00M, Peak:0.00M | Scene, ViewLayer | Synchronizing object | Back leather pad saddle stitch
Fra:0 Mem:43.66M (Peak 43.66M) | Time:00:00.00 | Mem:0.00M, Peak:0.00M | Scene, ViewLayer | Synchronizing object | Plate envelope
Fra:0 Mem:43.67M (Peak 43.67M) | Time:00:00.00 | Mem:0.00M, Peak:0.00M | Scene, ViewLayer | Synchronizing object | Plate envelope rolled hide edge
Fra:0 Mem:43.74M (Peak 43.74M) | Time:00:00.00 | Mem:0.00M, Peak:0.00M | Scene, ViewLayer | Synchronizing object | Plate envelope rolled hide edge.001
Fra:0 Mem:43.75M (Peak 43.75M) | Time:00:00.00 | Mem:0.00M, Peak:0.00M | Scene, ViewLayer | Synchronizing object | Plate envelope rolled hide edge.002
Fra:0 Mem:43.76M (Peak 43.76M) | Time:00:00.00 | Mem:0.00M, Peak:0.00M | Scene, ViewLayer | Synchronizing object | Plate envelope saddle stitch
Fra:0 Mem:43.77M (Peak 43.77M) | Time:00:00.00 | Mem:0.00M, Peak:0.00M | Scene, ViewLayer | Synchronizing object | Left shoulder strap
Fra:0 Mem:43.77M (Peak 43.77M) | Time:00:00.00 | Mem:0.00M, Peak:0.00M | Scene, ViewLayer | Synchronizing object | Shoulder anchor
Fra:0 Mem:43.78M (Peak 43.78M) | Time:00:00.00 | Mem:0.00M, Peak:0.00M | Scene, ViewLayer | Synchronizing object | Shoulder anchor.001
Fra:0 Mem:43.82M (Peak 43.82M) | Time:00:00.00 | Mem:0.00M, Peak:0.00M | Scene, ViewLayer | Synchronizing object | Shoulder anchor.002
Fra:0 Mem:43.82M (Peak 43.82M) | Time:00:00.00 | Mem:0.00M, Peak:0.00M | Scene, ViewLayer | Synchronizing object | Side closing strap
Fra:0 Mem:43.83M (Peak 43.83M) | Time:00:00.00 | Mem:0.00M, Peak:0.00M | Scene, ViewLayer | Synchronizing object | Hand forged side buckle
Fra:0 Mem:43.84M (Peak 43.84M) | Time:00:00.00 | Mem:0.00M, Peak:0.00M | Scene, ViewLayer | Synchronizing object | Buckle tongue
Fra:0 Mem:43.84M (Peak 43.84M) | Time:00:00.00 | Mem:0.00M, Peak:0.00M | Scene, ViewLayer | Synchronizing object | Hand forged side buckle.001
Fra:0 Mem:43.86M (Peak 43.86M) | Time:00:00.00 | Mem:0.00M, Peak:0.00M | Scene, ViewLayer | Synchronizing object | Buckle tongue.001
Fra:0 Mem:43.86M (Peak 43.86M) | Time:00:00.00 | Mem:0.00M, Peak:0.00M | Scene, ViewLayer | Synchronizing object | Right shoulder strap
Fra:0 Mem:43.88M (Peak 43.88M) | Time:00:00.00 | Mem:0.00M, Peak:0.00M | Scene, ViewLayer | Synchronizing object | Shoulder anchor.004
Fra:0 Mem:43.90M (Peak 43.90M) | Time:00:00.00 | Mem:0.00M, Peak:0.00M | Scene, ViewLayer | Synchronizing object | Shoulder anchor.005
Fra:0 Mem:43.90M (Peak 43.90M) | Time:00:00.00 | Mem:0.00M, Peak:0.00M | Scene, ViewLayer | Synchronizing object | Shoulder anchor.006
Fra:0 Mem:43.90M (Peak 43.90M) | Time:00:00.00 | Mem:0.00M, Peak:0.00M | Scene, ViewLayer | Synchronizing object | Shoulder anchor.007
Fra:0 Mem:43.90M (Peak 43.90M) | Time:00:00.00 | Mem:0.00M, Peak:0.00M | Scene, ViewLayer | Synchronizing object | Side closing strap.002
Fra:0 Mem:43.90M (Peak 43.90M) | Time:00:00.00 | Mem:0.00M, Peak:0.00M | Scene, ViewLayer | Synchronizing object | Buckle tongue.002
Fra:0 Mem:43.92M (Peak 43.92M) | Time:00:00.00 | Mem:0.00M, Peak:0.00M | Scene, ViewLayer | Synchronizing object | Side closing strap.003
Fra:0 Mem:43.93M (Peak 43.93M) | Time:00:00.00 | Mem:0.00M, Peak:0.00M | Scene, ViewLayer | Synchronizing object | Hand forged side buckle.003
Fra:0 Mem:43.93M (Peak 43.93M) | Time:00:00.00 | Mem:0.00M, Peak:0.00M | Scene, ViewLayer | Synchronizing object | Buckle tongue.003
Fra:0 Mem:43.94M (Peak 43.94M) | Time:00:00.00 | Mem:0.00M, Peak:0.00M | Scene, ViewLayer | Synchronizing object | Chest binding rivet
Fra:0 Mem:43.94M (Peak 43.94M) | Time:00:00.00 | Mem:0.00M, Peak:0.00M | Scene, ViewLayer | Synchronizing object | Key
Fra:0 Mem:43.94M (Peak 43.94M) | Time:00:00.00 | Mem:0.00M, Peak:0.00M | Scene, ViewLayer | Synchronizing object | Patch stitch.009
Fra:0 Mem:43.94M (Peak 43.94M) | Time:00:00.00 | Mem:0.00M, Peak:0.00M | Scene, ViewLayer | Synchronizing object | Patch stitch.008
Fra:0 Mem:43.94M (Peak 43.94M) | Time:00:00.00 | Mem:0.00M, Peak:0.00M | Scene, ViewLayer | Synchronizing object | Patch stitch.007
Fra:0 Mem:43.94M (Peak 43.94M) | Time:00:00.00 | Mem:0.00M, Peak:0.00M | Scene, ViewLayer | Synchronizing object | Chest binding rivet.004
Fra:0 Mem:43.95M (Peak 43.95M) | Time:00:00.00 | Mem:0.00M, Peak:0.00M | Scene, ViewLayer | Synchronizing object | Patch stitch.006
Fra:0 Mem:43.95M (Peak 43.95M) | Time:00:00.00 | Mem:0.00M, Peak:0.00M | Scene, ViewLayer | Synchronizing object | Hand cut repair patch
Fra:0 Mem:43.95M (Peak 43.95M) | Time:00:00.00 | Mem:0.00M, Peak:0.00M | Scene, ViewLayer | Synchronizing object | Patch stitch
Fra:0 Mem:43.95M (Peak 43.95M) | Time:00:00.00 | Mem:0.00M, Peak:0.00M | Scene, ViewLayer | Synchronizing object | Patch stitch.005
Fra:0 Mem:43.95M (Peak 43.95M) | Time:00:00.00 | Mem:0.00M, Peak:0.00M | Scene, ViewLayer | Synchronizing object | Patch stitch.001
Fra:0 Mem:43.95M (Peak 43.95M) | Time:00:00.00 | Mem:0.00M, Peak:0.00M | Scene, ViewLayer | Synchronizing object | Patch stitch.003
Fra:0 Mem:43.95M (Peak 43.95M) | Time:00:00.00 | Mem:0.00M, Peak:0.00M | Scene, ViewLayer | Synchronizing object | Patch stitch.004
Fra:0 Mem:43.95M (Peak 43.95M) | Time:00:00.00 | Mem:0.00M, Peak:0.00M | Scene, ViewLayer | Initializing
Fra:0 Mem:41.39M (Peak 43.95M) | Time:00:00.00 | Mem:0.00M, Peak:0.00M | Scene, ViewLayer | Waiting for render to start
Fra:0 Mem:41.39M (Peak 43.95M) | Time:00:00.00 | Mem:0.00M, Peak:0.00M | Scene, ViewLayer | Updating Scene
Fra:0 Mem:41.39M (Peak 43.95M) | Time:00:00.00 | Mem:0.00M, Peak:0.00M | Scene, ViewLayer | Updating Shaders
Fra:0 Mem:41.39M (Peak 43.95M) | Time:00:00.00 | Mem:0.00M, Peak:0.00M | Scene, ViewLayer | Loading render kernels (may take a few minutes the first time)
Fra:0 Mem:41.56M (Peak 43.95M) | Time:00:00.00 | Mem:0.09M, Peak:0.09M | Scene, ViewLayer | Updating Procedurals
Fra:0 Mem:41.56M (Peak 43.95M) | Time:00:00.00 | Mem:0.09M, Peak:0.09M | Scene, ViewLayer | Updating Background
Fra:0 Mem:41.56M (Peak 43.95M) | Time:00:00.00 | Mem:0.09M, Peak:0.09M | Scene, ViewLayer | Updating Camera
Fra:0 Mem:41.56M (Peak 43.95M) | Time:00:00.00 | Mem:0.09M, Peak:0.09M | Scene, ViewLayer | Updating Meshes Flags
Fra:0 Mem:41.56M (Peak 43.95M) | Time:00:00.00 | Mem:0.09M, Peak:0.09M | Scene, ViewLayer | Updating Objects
Fra:0 Mem:41.56M (Peak 43.95M) | Time:00:00.00 | Mem:0.09M, Peak:0.09M | Scene, ViewLayer | Updating Objects | Copying Transformations to device
Fra:0 Mem:41.57M (Peak 43.95M) | Time:00:00.00 | Mem:0.10M, Peak:0.10M | Scene, ViewLayer | Updating Particle Systems
Fra:0 Mem:41.57M (Peak 43.95M) | Time:00:00.00 | Mem:0.10M, Peak:0.10M | Scene, ViewLayer | Updating Particle Systems | Copying Particles to device
Fra:0 Mem:41.57M (Peak 43.95M) | Time:00:00.00 | Mem:0.10M, Peak:0.10M | Scene, ViewLayer | Updating Meshes
Fra:0 Mem:41.57M (Peak 43.95M) | Time:00:00.00 | Mem:0.10M, Peak:0.10M | Scene, ViewLayer | Updating Objects | Applying Static Transformations
Fra:0 Mem:41.57M (Peak 43.95M) | Time:00:00.00 | Mem:0.10M, Peak:0.10M | Scene, ViewLayer | Updating Mesh | Computing attributes
Fra:0 Mem:41.66M (Peak 43.95M) | Time:00:00.00 | Mem:0.10M, Peak:0.10M | Scene, ViewLayer | Updating Mesh | Copying Attributes to device
Fra:0 Mem:41.65M (Peak 43.95M) | Time:00:00.00 | Mem:0.18M, Peak:0.18M | Scene, ViewLayer | Updating Scene BVH | Building
Fra:0 Mem:41.65M (Peak 43.95M) | Time:00:00.00 | Mem:0.18M, Peak:0.18M | Scene, ViewLayer | Updating Scene BVH | Building BVH
Fra:0 Mem:41.65M (Peak 43.95M) | Time:00:00.00 | Mem:0.54M, Peak:0.54M | Scene, ViewLayer | Updating Scene BVH | Building BVH 0%
Fra:0 Mem:41.65M (Peak 43.95M) | Time:00:00.00 | Mem:0.91M, Peak:1.27M | Scene, ViewLayer | Updating Scene BVH | Copying BVH to device
Fra:0 Mem:41.65M (Peak 43.95M) | Time:00:00.00 | Mem:0.91M, Peak:1.27M | Scene, ViewLayer | Updating Mesh | Computing normals
Fra:0 Mem:41.98M (Peak 43.95M) | Time:00:00.00 | Mem:0.91M, Peak:1.27M | Scene, ViewLayer | Updating Mesh | Copying Mesh to device
Fra:0 Mem:41.98M (Peak 43.95M) | Time:00:00.00 | Mem:1.24M, Peak:1.27M | Scene, ViewLayer | Updating Objects Flags
Fra:0 Mem:41.98M (Peak 43.95M) | Time:00:00.00 | Mem:1.24M, Peak:1.27M | Scene, ViewLayer | Updating Primitive Offsets
Fra:0 Mem:41.98M (Peak 43.95M) | Time:00:00.00 | Mem:1.24M, Peak:1.27M | Scene, ViewLayer | Updating Images
Fra:0 Mem:41.98M (Peak 43.95M) | Time:00:00.00 | Mem:1.24M, Peak:1.27M | Scene, ViewLayer | Updating Camera Volume
Fra:0 Mem:41.98M (Peak 43.95M) | Time:00:00.00 | Mem:1.24M, Peak:1.27M | Scene, ViewLayer | Updating Lookup Tables
Fra:0 Mem:41.98M (Peak 43.95M) | Time:00:00.00 | Mem:1.32M, Peak:1.32M | Scene, ViewLayer | Updating Lights
Fra:0 Mem:41.98M (Peak 43.95M) | Time:00:00.00 | Mem:1.32M, Peak:1.32M | Scene, ViewLayer | Updating Lights | Computing tree
Fra:0 Mem:41.98M (Peak 43.95M) | Time:00:00.00 | Mem:1.32M, Peak:1.32M | Scene, ViewLayer | Updating Integrator
Fra:0 Mem:42.98M (Peak 43.95M) | Time:00:00.00 | Mem:2.32M, Peak:2.32M | Scene, ViewLayer | Updating Film
Fra:0 Mem:42.99M (Peak 43.95M) | Time:00:00.00 | Mem:2.24M, Peak:2.32M | Scene, ViewLayer | Updating Lookup Tables
Fra:0 Mem:42.99M (Peak 43.95M) | Time:00:00.00 | Mem:2.32M, Peak:2.32M | Scene, ViewLayer | Updating Baking
Fra:0 Mem:42.99M (Peak 43.95M) | Time:00:00.00 | Mem:2.32M, Peak:2.32M | Scene, ViewLayer | Updating Device | Writing constant memory
Fra:0 Mem:42.99M (Peak 43.95M) | Time:00:00.00 | Mem:2.32M, Peak:2.32M | Scene, ViewLayer | Loading denoising kernels (may take a few minutes the first time)
Fra:0 Mem:42.99M (Peak 43.95M) | Time:00:00.00 | Mem:2.32M, Peak:2.32M | Scene, ViewLayer | Sample 0/32
Fra:0 Mem:101.74M (Peak 101.74M) | Time:00:00.22 | Remaining:00:06.73 | Mem:61.03M, Peak:61.03M | Scene, ViewLayer | Sample 1/32
Fra:0 Mem:126.46M (Peak 163.54M) | Time:00:10.31 | Mem:61.03M, Peak:61.03M | Scene, ViewLayer | Sample 32/32
Fra:0 Mem:126.46M (Peak 163.54M) | Time:00:10.31 | Mem:61.03M, Peak:61.03M | Scene, ViewLayer | Finished
Saved: 'C:\Users\SsAnd\AppData\Roaming\Jagged Alliance 3\Mods\jazz\tmp\leather-armor-v5\side.png'
Time: 00:10.37 (Saving: 00:00.06)

Fra:0 Mem:43.46M (Peak 43.46M) | Time:00:00.00 | Mem:0.00M, Peak:0.00M | Scene, ViewLayer | Synchronizing object | Rounded chest hide
Fra:0 Mem:43.46M (Peak 43.46M) | Time:00:00.00 | Mem:0.00M, Peak:0.00M | Scene, ViewLayer | Synchronizing object | Rounded chest hide saddle stitch
Fra:0 Mem:43.58M (Peak 43.58M) | Time:00:00.00 | Mem:0.00M, Peak:0.00M | Scene, ViewLayer | Synchronizing object | Back leather pad
Fra:0 Mem:43.61M (Peak 43.61M) | Time:00:00.00 | Mem:0.00M, Peak:0.00M | Scene, ViewLayer | Synchronizing object | Back leather pad rolled hide edge.001
Fra:0 Mem:43.65M (Peak 43.65M) | Time:00:00.00 | Mem:0.00M, Peak:0.00M | Scene, ViewLayer | Synchronizing object | Back leather pad rolled hide edge.002
Fra:0 Mem:43.65M (Peak 43.65M) | Time:00:00.00 | Mem:0.00M, Peak:0.00M | Scene, ViewLayer | Synchronizing object | Back leather pad saddle stitch
Fra:0 Mem:43.67M (Peak 43.67M) | Time:00:00.00 | Mem:0.00M, Peak:0.00M | Scene, ViewLayer | Synchronizing object | Plate envelope
Fra:0 Mem:43.67M (Peak 43.67M) | Time:00:00.00 | Mem:0.00M, Peak:0.00M | Scene, ViewLayer | Synchronizing object | Plate envelope rolled hide edge
Fra:0 Mem:43.74M (Peak 43.74M) | Time:00:00.00 | Mem:0.00M, Peak:0.00M | Scene, ViewLayer | Synchronizing object | Plate envelope rolled hide edge.001
Fra:0 Mem:43.74M (Peak 43.74M) | Time:00:00.00 | Mem:0.00M, Peak:0.00M | Scene, ViewLayer | Synchronizing object | Plate envelope rolled hide edge.002
Fra:0 Mem:43.75M (Peak 43.75M) | Time:00:00.00 | Mem:0.00M, Peak:0.00M | Scene, ViewLayer | Synchronizing object | Plate envelope saddle stitch
Fra:0 Mem:43.76M (Peak 43.76M) | Time:00:00.00 | Mem:0.00M, Peak:0.00M | Scene, ViewLayer | Synchronizing object | Plate pocket closure flap
Fra:0 Mem:43.77M (Peak 43.77M) | Time:00:00.00 | Mem:0.00M, Peak:0.00M | Scene, ViewLayer | Synchronizing object | Shoulder anchor
Fra:0 Mem:43.78M (Peak 43.78M) | Time:00:00.00 | Mem:0.00M, Peak:0.00M | Scene, ViewLayer | Synchronizing object | Shoulder anchor.001
Fra:0 Mem:43.79M (Peak 43.79M) | Time:00:00.00 | Mem:0.00M, Peak:0.00M | Scene, ViewLayer | Synchronizing object | Shoulder anchor.002
Fra:0 Mem:43.82M (Peak 43.82M) | Time:00:00.00 | Mem:0.00M, Peak:0.00M | Scene, ViewLayer | Synchronizing object | Shoulder anchor.003
Fra:0 Mem:43.82M (Peak 43.82M) | Time:00:00.00 | Mem:0.00M, Peak:0.00M | Scene, ViewLayer | Synchronizing object | Side closing strap
Fra:0 Mem:43.83M (Peak 43.83M) | Time:00:00.00 | Mem:0.00M, Peak:0.00M | Scene, ViewLayer | Synchronizing object | Hand forged side buckle
Fra:0 Mem:43.84M (Peak 43.84M) | Time:00:00.00 | Mem:0.00M, Peak:0.00M | Scene, ViewLayer | Synchronizing object | Buckle tongue
Fra:0 Mem:43.84M (Peak 43.84M) | Time:00:00.00 | Mem:0.00M, Peak:0.00M | Scene, ViewLayer | Synchronizing object | Side closing strap.001
Fra:0 Mem:43.84M (Peak 43.84M) | Time:00:00.00 | Mem:0.00M, Peak:0.00M | Scene, ViewLayer | Synchronizing object | Hand forged side buckle.001
Fra:0 Mem:43.84M (Peak 43.84M) | Time:00:00.00 | Mem:0.00M, Peak:0.00M | Scene, ViewLayer | Synchronizing object | Buckle tongue.001
Fra:0 Mem:43.84M (Peak 43.84M) | Time:00:00.00 | Mem:0.00M, Peak:0.00M | Scene, ViewLayer | Synchronizing object | Right shoulder strap
Fra:0 Mem:43.85M (Peak 43.85M) | Time:00:00.00 | Mem:0.00M, Peak:0.00M | Scene, ViewLayer | Synchronizing object | Shoulder anchor.004
Fra:0 Mem:43.88M (Peak 43.88M) | Time:00:00.00 | Mem:0.00M, Peak:0.00M | Scene, ViewLayer | Synchronizing object | Shoulder anchor.005
Fra:0 Mem:43.89M (Peak 43.89M) | Time:00:00.00 | Mem:0.00M, Peak:0.00M | Scene, ViewLayer | Synchronizing object | Shoulder anchor.006
Fra:0 Mem:43.89M (Peak 43.89M) | Time:00:00.00 | Mem:0.00M, Peak:0.00M | Scene, ViewLayer | Synchronizing object | Rim
Fra:0 Mem:43.89M (Peak 43.89M) | Time:00:00.00 | Mem:0.00M, Peak:0.00M | Scene, ViewLayer | Synchronizing object | Side closing strap.002
Fra:0 Mem:43.89M (Peak 43.89M) | Time:00:00.00 | Mem:0.00M, Peak:0.00M | Scene, ViewLayer | Synchronizing object | Fill
Fra:0 Mem:43.89M (Peak 43.89M) | Time:00:00.00 | Mem:0.00M, Peak:0.00M | Scene, ViewLayer | Synchronizing object | Hand forged side buckle.002
Fra:0 Mem:43.91M (Peak 43.91M) | Time:00:00.00 | Mem:0.00M, Peak:0.00M | Scene, ViewLayer | Synchronizing object | Buckle tongue.002
Fra:0 Mem:43.91M (Peak 43.91M) | Time:00:00.00 | Mem:0.00M, Peak:0.00M | Scene, ViewLayer | Synchronizing object | Side closing strap.003
Fra:0 Mem:43.91M (Peak 43.91M) | Time:00:00.00 | Mem:0.00M, Peak:0.00M | Scene, ViewLayer | Synchronizing object | Hand forged side buckle.003
Fra:0 Mem:43.92M (Peak 43.92M) | Time:00:00.00 | Mem:0.00M, Peak:0.00M | Scene, ViewLayer | Synchronizing object | Chest binding rivet
Fra:0 Mem:43.92M (Peak 43.92M) | Time:00:00.00 | Mem:0.00M, Peak:0.00M | Scene, ViewLayer | Synchronizing object | Patch stitch.009
Fra:0 Mem:43.93M (Peak 43.93M) | Time:00:00.00 | Mem:0.00M, Peak:0.00M | Scene, ViewLayer | Synchronizing object | Chest binding rivet.001
Fra:0 Mem:43.93M (Peak 43.93M) | Time:00:00.00 | Mem:0.00M, Peak:0.00M | Scene, ViewLayer | Synchronizing object | Patch stitch.008
Fra:0 Mem:43.93M (Peak 43.93M) | Time:00:00.00 | Mem:0.00M, Peak:0.00M | Scene, ViewLayer | Synchronizing object | Chest binding rivet.002
Fra:0 Mem:43.94M (Peak 43.94M) | Time:00:00.00 | Mem:0.00M, Peak:0.00M | Scene, ViewLayer | Synchronizing object | Chest binding rivet.003
Fra:0 Mem:43.94M (Peak 43.94M) | Time:00:00.00 | Mem:0.00M, Peak:0.00M | Scene, ViewLayer | Synchronizing object | Chest binding rivet.004
Fra:0 Mem:43.94M (Peak 43.94M) | Time:00:00.00 | Mem:0.00M, Peak:0.00M | Scene, ViewLayer | Synchronizing object | Hand cut repair patch
Fra:0 Mem:43.95M (Peak 43.95M) | Time:00:00.00 | Mem:0.00M, Peak:0.00M | Scene, ViewLayer | Synchronizing object | Patch stitch
Fra:0 Mem:43.95M (Peak 43.95M) | Time:00:00.00 | Mem:0.00M, Peak:0.00M | Scene, ViewLayer | Synchronizing object | Patch stitch.002
Fra:0 Mem:43.95M (Peak 43.95M) | Time:00:00.00 | Mem:0.00M, Peak:0.00M | Scene, ViewLayer | Synchronizing object | Patch stitch.003
Fra:0 Mem:43.95M (Peak 43.95M) | Time:00:00.00 | Mem:0.00M, Peak:0.00M | Scene, ViewLayer | Synchronizing object | Patch stitch.005
Fra:0 Mem:43.95M (Peak 43.95M) | Time:00:00.00 | Mem:0.00M, Peak:0.00M | Scene, ViewLayer | Synchronizing object | Patch stitch.006
Fra:0 Mem:43.95M (Peak 43.95M) | Time:00:00.00 | Mem:0.00M, Peak:0.00M | Scene, ViewLayer | Initializing
Fra:0 Mem:41.39M (Peak 43.95M) | Time:00:00.00 | Mem:0.00M, Peak:0.00M | Scene, ViewLayer | Waiting for render to start
Fra:0 Mem:41.39M (Peak 43.95M) | Time:00:00.00 | Mem:0.00M, Peak:0.00M | Scene, ViewLayer | Updating Scene
Fra:0 Mem:41.39M (Peak 43.95M) | Time:00:00.00 | Mem:0.00M, Peak:0.00M | Scene, ViewLayer | Updating Shaders
Fra:0 Mem:41.39M (Peak 43.95M) | Time:00:00.00 | Mem:0.00M, Peak:0.00M | Scene, ViewLayer | Loading render kernels (may take a few minutes the first time)
Fra:0 Mem:41.56M (Peak 43.95M) | Time:00:00.00 | Mem:0.09M, Peak:0.09M | Scene, ViewLayer | Updating Procedurals
Fra:0 Mem:41.56M (Peak 43.95M) | Time:00:00.00 | Mem:0.09M, Peak:0.09M | Scene, ViewLayer | Updating Background
Fra:0 Mem:41.56M (Peak 43.95M) | Time:00:00.00 | Mem:0.09M, Peak:0.09M | Scene, ViewLayer | Updating Camera
Fra:0 Mem:41.56M (Peak 43.95M) | Time:00:00.00 | Mem:0.09M, Peak:0.09M | Scene, ViewLayer | Updating Meshes Flags
Fra:0 Mem:41.56M (Peak 43.95M) | Time:00:00.00 | Mem:0.09M, Peak:0.09M | Scene, ViewLayer | Updating Objects
Fra:0 Mem:41.56M (Peak 43.95M) | Time:00:00.00 | Mem:0.09M, Peak:0.09M | Scene, ViewLayer | Updating Objects | Copying Transformations to device
Fra:0 Mem:41.57M (Peak 43.95M) | Time:00:00.00 | Mem:0.10M, Peak:0.10M | Scene, ViewLayer | Updating Particle Systems
Fra:0 Mem:41.57M (Peak 43.95M) | Time:00:00.00 | Mem:0.10M, Peak:0.10M | Scene, ViewLayer | Updating Particle Systems | Copying Particles to device
Fra:0 Mem:41.57M (Peak 43.95M) | Time:00:00.00 | Mem:0.10M, Peak:0.10M | Scene, ViewLayer | Updating Meshes
Fra:0 Mem:41.57M (Peak 43.95M) | Time:00:00.00 | Mem:0.10M, Peak:0.10M | Scene, ViewLayer | Updating Objects | Applying Static Transformations
Fra:0 Mem:41.57M (Peak 43.95M) | Time:00:00.00 | Mem:0.10M, Peak:0.10M | Scene, ViewLayer | Updating Mesh | Computing attributes
Fra:0 Mem:41.66M (Peak 43.95M) | Time:00:00.00 | Mem:0.10M, Peak:0.10M | Scene, ViewLayer | Updating Mesh | Copying Attributes to device
Fra:0 Mem:41.65M (Peak 43.95M) | Time:00:00.00 | Mem:0.18M, Peak:0.18M | Scene, ViewLayer | Updating Scene BVH | Building
Fra:0 Mem:41.65M (Peak 43.95M) | Time:00:00.00 | Mem:0.18M, Peak:0.18M | Scene, ViewLayer | Updating Scene BVH | Building BVH
Fra:0 Mem:41.65M (Peak 43.95M) | Time:00:00.00 | Mem:0.54M, Peak:0.54M | Scene, ViewLayer | Updating Scene BVH | Building BVH 0%
Fra:0 Mem:41.65M (Peak 43.95M) | Time:00:00.00 | Mem:0.91M, Peak:1.27M | Scene, ViewLayer | Updating Scene BVH | Copying BVH to device
Fra:0 Mem:41.65M (Peak 43.95M) | Time:00:00.00 | Mem:0.91M, Peak:1.27M | Scene, ViewLayer | Updating Mesh | Computing normals
Fra:0 Mem:41.98M (Peak 43.95M) | Time:00:00.00 | Mem:0.91M, Peak:1.27M | Scene, ViewLayer | Updating Mesh | Copying Mesh to device
Fra:0 Mem:41.98M (Peak 43.95M) | Time:00:00.00 | Mem:1.24M, Peak:1.27M | Scene, ViewLayer | Updating Objects Flags
Fra:0 Mem:41.98M (Peak 43.95M) | Time:00:00.00 | Mem:1.24M, Peak:1.27M | Scene, ViewLayer | Updating Primitive Offsets
Fra:0 Mem:41.98M (Peak 43.95M) | Time:00:00.00 | Mem:1.24M, Peak:1.27M | Scene, ViewLayer | Updating Images
Fra:0 Mem:41.98M (Peak 43.95M) | Time:00:00.00 | Mem:1.24M, Peak:1.27M | Scene, ViewLayer | Updating Camera Volume
Fra:0 Mem:41.98M (Peak 43.95M) | Time:00:00.00 | Mem:1.24M, Peak:1.27M | Scene, ViewLayer | Updating Lookup Tables
Fra:0 Mem:41.98M (Peak 43.95M) | Time:00:00.00 | Mem:1.32M, Peak:1.32M | Scene, ViewLayer | Updating Lights
Fra:0 Mem:41.98M (Peak 43.95M) | Time:00:00.00 | Mem:1.32M, Peak:1.32M | Scene, ViewLayer | Updating Lights | Computing tree
Fra:0 Mem:41.98M (Peak 43.95M) | Time:00:00.00 | Mem:1.32M, Peak:1.32M | Scene, ViewLayer | Updating Integrator
Fra:0 Mem:42.98M (Peak 43.95M) | Time:00:00.00 | Mem:2.32M, Peak:2.32M | Scene, ViewLayer | Updating Film
Fra:0 Mem:42.99M (Peak 43.95M) | Time:00:00.00 | Mem:2.24M, Peak:2.32M | Scene, ViewLayer | Updating Lookup Tables
Fra:0 Mem:42.99M (Peak 43.95M) | Time:00:00.00 | Mem:2.32M, Peak:2.32M | Scene, ViewLayer | Updating Baking
Fra:0 Mem:42.99M (Peak 43.95M) | Time:00:00.00 | Mem:2.32M, Peak:2.32M | Scene, ViewLayer | Updating Device | Writing constant memory
Fra:0 Mem:42.99M (Peak 43.95M) | Time:00:00.00 | Mem:2.32M, Peak:2.32M | Scene, ViewLayer | Loading denoising kernels (may take a few minutes the first time)
Fra:0 Mem:42.99M (Peak 43.95M) | Time:00:00.00 | Mem:2.32M, Peak:2.32M | Scene, ViewLayer | Sample 0/32
Fra:0 Mem:101.74M (Peak 101.74M) | Time:00:00.56 | Remaining:00:17.17 | Mem:61.03M, Peak:61.03M | Scene, ViewLayer | Sample 1/32
Fra:0 Mem:126.46M (Peak 163.54M) | Time:00:21.80 | Mem:61.03M, Peak:61.03M | Scene, ViewLayer | Sample 32/32
Fra:0 Mem:126.46M (Peak 163.54M) | Time:00:21.80 | Mem:61.03M, Peak:61.03M | Scene, ViewLayer | Finished
Saved: 'C:\Users\SsAnd\AppData\Roaming\Jagged Alliance 3\Mods\jazz\tmp\leather-armor-v5\oblique.png'
Time: 00:21.88 (Saving: 00:00.07)

Fra:0 Mem:43.46M (Peak 43.46M) | Time:00:00.00 | Mem:0.00M, Peak:0.00M | Scene, ViewLayer | Synchronizing object | Rounded chest hide
Fra:0 Mem:43.53M (Peak 43.53M) | Time:00:00.00 | Mem:0.00M, Peak:0.00M | Scene, ViewLayer | Synchronizing object | Rounded chest hide saddle stitch
Fra:0 Mem:43.54M (Peak 43.54M) | Time:00:00.00 | Mem:0.00M, Peak:0.00M | Scene, ViewLayer | Synchronizing object | Back leather pad
Fra:0 Mem:43.57M (Peak 43.57M) | Time:00:00.00 | Mem:0.00M, Peak:0.00M | Scene, ViewLayer | Synchronizing object | Back leather pad rolled hide edge
Fra:0 Mem:43.65M (Peak 43.65M) | Time:00:00.00 | Mem:0.00M, Peak:0.00M | Scene, ViewLayer | Synchronizing object | Back leather pad rolled hide edge.001
Fra:0 Mem:43.65M (Peak 43.65M) | Time:00:00.00 | Mem:0.00M, Peak:0.00M | Scene, ViewLayer | Synchronizing object | Back leather pad saddle stitch
Fra:0 Mem:43.66M (Peak 43.66M) | Time:00:00.00 | Mem:0.00M, Peak:0.00M | Scene, ViewLayer | Synchronizing object | Plate envelope
Fra:0 Mem:43.72M (Peak 43.72M) | Time:00:00.00 | Mem:0.00M, Peak:0.00M | Scene, ViewLayer | Synchronizing object | Plate envelope rolled hide edge
Fra:0 Mem:43.72M (Peak 43.72M) | Time:00:00.00 | Mem:0.00M, Peak:0.00M | Scene, ViewLayer | Synchronizing object | Plate envelope rolled hide edge.001
Fra:0 Mem:43.74M (Peak 43.74M) | Time:00:00.00 | Mem:0.00M, Peak:0.00M | Scene, ViewLayer | Synchronizing object | Plate envelope rolled hide edge.002
Fra:0 Mem:43.75M (Peak 43.75M) | Time:00:00.00 | Mem:0.00M, Peak:0.00M | Scene, ViewLayer | Synchronizing object | Plate envelope saddle stitch
Fra:0 Mem:43.75M (Peak 43.75M) | Time:00:00.00 | Mem:0.00M, Peak:0.00M | Scene, ViewLayer | Synchronizing object | Plate pocket closure flap
Fra:0 Mem:43.76M (Peak 43.76M) | Time:00:00.00 | Mem:0.00M, Peak:0.00M | Scene, ViewLayer | Synchronizing object | Left shoulder strap
Fra:0 Mem:43.81M (Peak 43.81M) | Time:00:00.00 | Mem:0.00M, Peak:0.00M | Scene, ViewLayer | Synchronizing object | Shoulder anchor
Fra:0 Mem:43.82M (Peak 43.82M) | Time:00:00.00 | Mem:0.00M, Peak:0.00M | Scene, ViewLayer | Synchronizing object | Shoulder anchor.001
Fra:0 Mem:43.82M (Peak 43.82M) | Time:00:00.00 | Mem:0.00M, Peak:0.00M | Scene, ViewLayer | Synchronizing object | Shoulder anchor.002
Fra:0 Mem:43.82M (Peak 43.82M) | Time:00:00.00 | Mem:0.00M, Peak:0.00M | Scene, ViewLayer | Synchronizing object | Side closing strap
Fra:0 Mem:43.82M (Peak 43.82M) | Time:00:00.00 | Mem:0.00M, Peak:0.00M | Scene, ViewLayer | Synchronizing object | Hand forged side buckle
Fra:0 Mem:43.83M (Peak 43.83M) | Time:00:00.00 | Mem:0.00M, Peak:0.00M | Scene, ViewLayer | Synchronizing object | Buckle tongue
Fra:0 Mem:43.84M (Peak 43.84M) | Time:00:00.00 | Mem:0.00M, Peak:0.00M | Scene, ViewLayer | Synchronizing object | Side closing strap.001
Fra:0 Mem:43.85M (Peak 43.85M) | Time:00:00.00 | Mem:0.00M, Peak:0.00M | Scene, ViewLayer | Synchronizing object | Hand forged side buckle.001
Fra:0 Mem:43.86M (Peak 43.86M) | Time:00:00.00 | Mem:0.00M, Peak:0.00M | Scene, ViewLayer | Synchronizing object | Buckle tongue.001
Fra:0 Mem:43.86M (Peak 43.86M) | Time:00:00.00 | Mem:0.00M, Peak:0.00M | Scene, ViewLayer | Synchronizing object | Rim
Fra:0 Mem:43.86M (Peak 43.86M) | Time:00:00.00 | Mem:0.00M, Peak:0.00M | Scene, ViewLayer | Synchronizing object | Shoulder anchor.004
Fra:0 Mem:43.90M (Peak 43.90M) | Time:00:00.00 | Mem:0.00M, Peak:0.00M | Scene, ViewLayer | Synchronizing object | Fill
Fra:0 Mem:43.90M (Peak 43.90M) | Time:00:00.00 | Mem:0.00M, Peak:0.00M | Scene, ViewLayer | Synchronizing object | Shoulder anchor.005
Fra:0 Mem:43.90M (Peak 43.90M) | Time:00:00.00 | Mem:0.00M, Peak:0.00M | Scene, ViewLayer | Synchronizing object | Shoulder anchor.006
Fra:0 Mem:43.90M (Peak 43.90M) | Time:00:00.00 | Mem:0.00M, Peak:0.00M | Scene, ViewLayer | Synchronizing object | Key
Fra:0 Mem:43.90M (Peak 43.90M) | Time:00:00.00 | Mem:0.00M, Peak:0.00M | Scene, ViewLayer | Synchronizing object | Side closing strap.002
Fra:0 Mem:43.90M (Peak 43.90M) | Time:00:00.00 | Mem:0.00M, Peak:0.00M | Scene, ViewLayer | Synchronizing object | Patch stitch.009
Fra:0 Mem:43.90M (Peak 43.90M) | Time:00:00.00 | Mem:0.00M, Peak:0.00M | Scene, ViewLayer | Synchronizing object | Hand forged side buckle.002
Fra:0 Mem:43.92M (Peak 43.92M) | Time:00:00.00 | Mem:0.00M, Peak:0.00M | Scene, ViewLayer | Synchronizing object | Buckle tongue.002
Fra:0 Mem:43.92M (Peak 43.92M) | Time:00:00.00 | Mem:0.00M, Peak:0.00M | Scene, ViewLayer | Synchronizing object | Side closing strap.003
Fra:0 Mem:43.92M (Peak 43.92M) | Time:00:00.00 | Mem:0.00M, Peak:0.00M | Scene, ViewLayer | Synchronizing object | Patch stitch.008
Fra:0 Mem:43.94M (Peak 43.94M) | Time:00:00.00 | Mem:0.00M, Peak:0.00M | Scene, ViewLayer | Synchronizing object | Chest binding rivet
Fra:0 Mem:43.94M (Peak 43.94M) | Time:00:00.00 | Mem:0.00M, Peak:0.00M | Scene, ViewLayer | Synchronizing object | Buckle tongue.003
Fra:0 Mem:43.94M (Peak 43.94M) | Time:00:00.00 | Mem:0.00M, Peak:0.00M | Scene, ViewLayer | Synchronizing object | Patch stitch.007
Fra:0 Mem:43.94M (Peak 43.94M) | Time:00:00.00 | Mem:0.00M, Peak:0.00M | Scene, ViewLayer | Synchronizing object | Chest binding rivet.002
Fra:0 Mem:43.94M (Peak 43.94M) | Time:00:00.00 | Mem:0.00M, Peak:0.00M | Scene, ViewLayer | Synchronizing object | Chest binding rivet.003
Fra:0 Mem:43.94M (Peak 43.94M) | Time:00:00.00 | Mem:0.00M, Peak:0.00M | Scene, ViewLayer | Synchronizing object | Chest binding rivet.004
Fra:0 Mem:43.94M (Peak 43.94M) | Time:00:00.00 | Mem:0.00M, Peak:0.00M | Scene, ViewLayer | Synchronizing object | Patch stitch.006
Fra:0 Mem:43.94M (Peak 43.94M) | Time:00:00.00 | Mem:0.00M, Peak:0.00M | Scene, ViewLayer | Synchronizing object | Chest binding rivet.005
Fra:0 Mem:43.95M (Peak 43.95M) | Time:00:00.00 | Mem:0.00M, Peak:0.00M | Scene, ViewLayer | Synchronizing object | Patch stitch.005
Fra:0 Mem:43.95M (Peak 43.95M) | Time:00:00.00 | Mem:0.00M, Peak:0.00M | Scene, ViewLayer | Synchronizing object | Hand cut repair patch
Fra:0 Mem:43.95M (Peak 43.95M) | Time:00:00.00 | Mem:0.00M, Peak:0.00M | Scene, ViewLayer | Synchronizing object | Patch stitch
Fra:0 Mem:43.95M (Peak 43.95M) | Time:00:00.00 | Mem:0.00M, Peak:0.00M | Scene, ViewLayer | Synchronizing object | Patch stitch.001
Fra:0 Mem:43.95M (Peak 43.95M) | Time:00:00.00 | Mem:0.00M, Peak:0.00M | Scene, ViewLayer | Synchronizing object | Patch stitch.002
Fra:0 Mem:43.95M (Peak 43.95M) | Time:00:00.00 | Mem:0.00M, Peak:0.00M | Scene, ViewLayer | Synchronizing object | Patch stitch.003
Fra:0 Mem:43.95M (Peak 43.95M) | Time:00:00.00 | Mem:0.00M, Peak:0.00M | Scene, ViewLayer | Initializing
Fra:0 Mem:41.39M (Peak 43.95M) | Time:00:00.00 | Mem:0.00M, Peak:0.00M | Scene, ViewLayer | Waiting for render to start
Fra:0 Mem:41.39M (Peak 43.95M) | Time:00:00.00 | Mem:0.00M, Peak:0.00M | Scene, ViewLayer | Updating Scene
Fra:0 Mem:41.39M (Peak 43.95M) | Time:00:00.00 | Mem:0.00M, Peak:0.00M | Scene, ViewLayer | Updating Shaders
Fra:0 Mem:41.39M (Peak 43.95M) | Time:00:00.00 | Mem:0.00M, Peak:0.00M | Scene, ViewLayer | Loading render kernels (may take a few minutes the first time)
Fra:0 Mem:41.56M (Peak 43.95M) | Time:00:00.00 | Mem:0.09M, Peak:0.09M | Scene, ViewLayer | Updating Procedurals
Fra:0 Mem:41.56M (Peak 43.95M) | Time:00:00.00 | Mem:0.09M, Peak:0.09M | Scene, ViewLayer | Updating Background
Fra:0 Mem:41.56M (Peak 43.95M) | Time:00:00.00 | Mem:0.09M, Peak:0.09M | Scene, ViewLayer | Updating Camera
Fra:0 Mem:41.56M (Peak 43.95M) | Time:00:00.00 | Mem:0.09M, Peak:0.09M | Scene, ViewLayer | Updating Meshes Flags
Fra:0 Mem:41.56M (Peak 43.95M) | Time:00:00.00 | Mem:0.09M, Peak:0.09M | Scene, ViewLayer | Updating Objects
Fra:0 Mem:41.56M (Peak 43.95M) | Time:00:00.00 | Mem:0.09M, Peak:0.09M | Scene, ViewLayer | Updating Objects | Copying Transformations to device
Fra:0 Mem:41.57M (Peak 43.95M) | Time:00:00.00 | Mem:0.10M, Peak:0.10M | Scene, ViewLayer | Updating Particle Systems
Fra:0 Mem:41.57M (Peak 43.95M) | Time:00:00.00 | Mem:0.10M, Peak:0.10M | Scene, ViewLayer | Updating Particle Systems | Copying Particles to device
Fra:0 Mem:41.57M (Peak 43.95M) | Time:00:00.00 | Mem:0.10M, Peak:0.10M | Scene, ViewLayer | Updating Meshes
Fra:0 Mem:41.57M (Peak 43.95M) | Time:00:00.00 | Mem:0.10M, Peak:0.10M | Scene, ViewLayer | Updating Objects | Applying Static Transformations
Fra:0 Mem:41.57M (Peak 43.95M) | Time:00:00.00 | Mem:0.10M, Peak:0.10M | Scene, ViewLayer | Updating Mesh | Computing attributes
Fra:0 Mem:41.66M (Peak 43.95M) | Time:00:00.00 | Mem:0.10M, Peak:0.10M | Scene, ViewLayer | Updating Mesh | Copying Attributes to device
Fra:0 Mem:41.65M (Peak 43.95M) | Time:00:00.00 | Mem:0.18M, Peak:0.18M | Scene, ViewLayer | Updating Scene BVH | Building
Fra:0 Mem:41.65M (Peak 43.95M) | Time:00:00.00 | Mem:0.18M, Peak:0.18M | Scene, ViewLayer | Updating Scene BVH | Building BVH
Fra:0 Mem:41.65M (Peak 43.95M) | Time:00:00.00 | Mem:0.54M, Peak:0.54M | Scene, ViewLayer | Updating Scene BVH | Building BVH 0%
Fra:0 Mem:41.65M (Peak 43.95M) | Time:00:00.00 | Mem:0.91M, Peak:1.27M | Scene, ViewLayer | Updating Scene BVH | Copying BVH to device
Fra:0 Mem:41.65M (Peak 43.95M) | Time:00:00.00 | Mem:0.91M, Peak:1.27M | Scene, ViewLayer | Updating Mesh | Computing normals
Fra:0 Mem:41.98M (Peak 43.95M) | Time:00:00.00 | Mem:0.91M, Peak:1.27M | Scene, ViewLayer | Updating Mesh | Copying Mesh to device
Fra:0 Mem:41.98M (Peak 43.95M) | Time:00:00.00 | Mem:1.24M, Peak:1.27M | Scene, ViewLayer | Updating Objects Flags
Fra:0 Mem:41.98M (Peak 43.95M) | Time:00:00.00 | Mem:1.24M, Peak:1.27M | Scene, ViewLayer | Updating Primitive Offsets
Fra:0 Mem:41.98M (Peak 43.95M) | Time:00:00.00 | Mem:1.24M, Peak:1.27M | Scene, ViewLayer | Updating Images
Fra:0 Mem:41.98M (Peak 43.95M) | Time:00:00.00 | Mem:1.24M, Peak:1.27M | Scene, ViewLayer | Updating Camera Volume
Fra:0 Mem:41.98M (Peak 43.95M) | Time:00:00.00 | Mem:1.24M, Peak:1.27M | Scene, ViewLayer | Updating Lookup Tables
Fra:0 Mem:41.98M (Peak 43.95M) | Time:00:00.00 | Mem:1.32M, Peak:1.32M | Scene, ViewLayer | Updating Lights
Fra:0 Mem:41.98M (Peak 43.95M) | Time:00:00.00 | Mem:1.32M, Peak:1.32M | Scene, ViewLayer | Updating Lights | Computing tree
Fra:0 Mem:41.98M (Peak 43.95M) | Time:00:00.00 | Mem:1.32M, Peak:1.32M | Scene, ViewLayer | Updating Integrator
Fra:0 Mem:42.98M (Peak 43.95M) | Time:00:00.00 | Mem:2.32M, Peak:2.32M | Scene, ViewLayer | Updating Film
Fra:0 Mem:42.99M (Peak 43.95M) | Time:00:00.00 | Mem:2.24M, Peak:2.32M | Scene, ViewLayer | Updating Lookup Tables
Fra:0 Mem:42.99M (Peak 43.95M) | Time:00:00.00 | Mem:2.32M, Peak:2.32M | Scene, ViewLayer | Updating Baking
Fra:0 Mem:42.99M (Peak 43.95M) | Time:00:00.00 | Mem:2.32M, Peak:2.32M | Scene, ViewLayer | Updating Device | Writing constant memory
Fra:0 Mem:42.99M (Peak 43.95M) | Time:00:00.00 | Mem:2.32M, Peak:2.32M | Scene, ViewLayer | Loading denoising kernels (may take a few minutes the first time)
Fra:0 Mem:42.99M (Peak 43.95M) | Time:00:00.00 | Mem:2.32M, Peak:2.32M | Scene, ViewLayer | Sample 0/32
Fra:0 Mem:101.74M (Peak 101.74M) | Time:00:00.96 | Remaining:00:29.51 | Mem:61.03M, Peak:61.03M | Scene, ViewLayer | Sample 1/32
Fra:0 Mem:126.46M (Peak 163.54M) | Time:00:35.21 | Mem:61.03M, Peak:61.03M | Scene, ViewLayer | Sample 32/32
Fra:0 Mem:126.46M (Peak 163.54M) | Time:00:35.21 | Mem:61.03M, Peak:61.03M | Scene, ViewLayer | Finished
Saved: 'C:\Users\SsAnd\AppData\Roaming\Jagged Alliance 3\Mods\jazz\tmp\leather-armor-v5\anchors-detail.png'
Time: 00:35.28 (Saving: 00:00.07)

Fra:0 Mem:43.53M (Peak 43.53M) | Time:00:00.00 | Mem:0.00M, Peak:0.00M | Scene, ViewLayer | Synchronizing object | Rounded chest hide
Fra:0 Mem:43.53M (Peak 43.53M) | Time:00:00.00 | Mem:0.00M, Peak:0.00M | Scene, ViewLayer | Synchronizing object | Rounded chest hide saddle stitch
Fra:0 Mem:43.65M (Peak 43.65M) | Time:00:00.00 | Mem:0.00M, Peak:0.00M | Scene, ViewLayer | Synchronizing object | Back leather pad
Fra:0 Mem:43.69M (Peak 43.69M) | Time:00:00.00 | Mem:0.00M, Peak:0.00M | Scene, ViewLayer | Synchronizing object | Back leather pad rolled hide edge.001
Fra:0 Mem:43.73M (Peak 43.73M) | Time:00:00.00 | Mem:0.00M, Peak:0.00M | Scene, ViewLayer | Synchronizing object | Back leather pad rolled hide edge.002
Fra:0 Mem:43.74M (Peak 43.74M) | Time:00:00.00 | Mem:0.00M, Peak:0.00M | Scene, ViewLayer | Synchronizing object | Plate envelope
Fra:0 Mem:43.74M (Peak 43.74M) | Time:00:00.00 | Mem:0.00M, Peak:0.00M | Scene, ViewLayer | Synchronizing object | Plate envelope rolled hide edge
Fra:0 Mem:43.80M (Peak 43.80M) | Time:00:00.00 | Mem:0.00M, Peak:0.00M | Scene, ViewLayer | Synchronizing object | Plate envelope rolled hide edge.002
Fra:0 Mem:43.83M (Peak 43.83M) | Time:00:00.00 | Mem:0.00M, Peak:0.00M | Scene, ViewLayer | Synchronizing object | Plate envelope rolled hide edge.001
Fra:0 Mem:43.83M (Peak 43.83M) | Time:00:00.00 | Mem:0.00M, Peak:0.00M | Scene, ViewLayer | Synchronizing object | Plate envelope saddle stitch
Fra:0 Mem:43.84M (Peak 43.84M) | Time:00:00.00 | Mem:0.00M, Peak:0.00M | Scene, ViewLayer | Synchronizing object | Plate pocket closure flap
Fra:0 Mem:43.85M (Peak 43.85M) | Time:00:00.00 | Mem:0.00M, Peak:0.00M | Scene, ViewLayer | Synchronizing object | Shoulder anchor
Fra:0 Mem:43.88M (Peak 43.88M) | Time:00:00.00 | Mem:0.00M, Peak:0.00M | Scene, ViewLayer | Synchronizing object | Shoulder anchor.001
Fra:0 Mem:43.90M (Peak 43.90M) | Time:00:00.00 | Mem:0.00M, Peak:0.00M | Scene, ViewLayer | Synchronizing object | Shoulder anchor.002
Fra:0 Mem:43.90M (Peak 43.90M) | Time:00:00.00 | Mem:0.00M, Peak:0.00M | Scene, ViewLayer | Synchronizing object | Side closing strap
Fra:0 Mem:43.90M (Peak 43.90M) | Time:00:00.00 | Mem:0.00M, Peak:0.00M | Scene, ViewLayer | Synchronizing object | Hand forged side buckle
Fra:0 Mem:43.90M (Peak 43.90M) | Time:00:00.00 | Mem:0.00M, Peak:0.00M | Scene, ViewLayer | Synchronizing object | Buckle tongue
Fra:0 Mem:43.92M (Peak 43.92M) | Time:00:00.00 | Mem:0.00M, Peak:0.00M | Scene, ViewLayer | Synchronizing object | Side closing strap.001
Fra:0 Mem:43.93M (Peak 43.93M) | Time:00:00.00 | Mem:0.00M, Peak:0.00M | Scene, ViewLayer | Synchronizing object | Buckle tongue.001
Fra:0 Mem:43.93M (Peak 43.93M) | Time:00:00.00 | Mem:0.00M, Peak:0.00M | Scene, ViewLayer | Synchronizing object | Right shoulder strap
Fra:0 Mem:43.94M (Peak 43.94M) | Time:00:00.00 | Mem:0.00M, Peak:0.00M | Scene, ViewLayer | Synchronizing object | Shoulder anchor.004
Fra:0 Mem:43.98M (Peak 43.98M) | Time:00:00.00 | Mem:0.00M, Peak:0.00M | Scene, ViewLayer | Synchronizing object | Shoulder anchor.005
Fra:0 Mem:43.98M (Peak 43.99M) | Time:00:00.00 | Mem:0.00M, Peak:0.00M | Scene, ViewLayer | Synchronizing object | QA reference shirt
Fra:0 Mem:44.02M (Peak 44.02M) | Time:00:00.00 | Mem:0.00M, Peak:0.00M | Scene, ViewLayer | Synchronizing object | Side closing strap.002
Fra:0 Mem:44.21M (Peak 44.21M) | Time:00:00.00 | Mem:0.00M, Peak:0.00M | Scene, ViewLayer | Synchronizing object | Hand forged side buckle.002
Fra:0 Mem:44.23M (Peak 44.23M) | Time:00:00.00 | Mem:0.00M, Peak:0.00M | Scene, ViewLayer | Synchronizing object | Buckle tongue.002
Fra:0 Mem:44.23M (Peak 44.23M) | Time:00:00.00 | Mem:0.00M, Peak:0.00M | Scene, ViewLayer | Synchronizing object | Hand forged side buckle.003
Fra:0 Mem:44.23M (Peak 44.23M) | Time:00:00.00 | Mem:0.00M, Peak:0.00M | Scene, ViewLayer | Synchronizing object | Buckle tongue.003
Fra:0 Mem:44.24M (Peak 44.24M) | Time:00:00.00 | Mem:0.00M, Peak:0.00M | Scene, ViewLayer | Synchronizing object | Chest binding rivet
Fra:0 Mem:44.24M (Peak 44.24M) | Time:00:00.00 | Mem:0.00M, Peak:0.00M | Scene, ViewLayer | Synchronizing object | Chest binding rivet.001
Fra:0 Mem:44.25M (Peak 44.25M) | Time:00:00.00 | Mem:0.00M, Peak:0.00M | Scene, ViewLayer | Synchronizing object | Chest binding rivet.002
Fra:0 Mem:44.25M (Peak 44.25M) | Time:00:00.00 | Mem:0.00M, Peak:0.00M | Scene, ViewLayer | Synchronizing object | Chest binding rivet.003
Fra:0 Mem:44.26M (Peak 44.26M) | Time:00:00.00 | Mem:0.00M, Peak:0.00M | Scene, ViewLayer | Synchronizing object | Chest binding rivet.004
Fra:0 Mem:44.26M (Peak 44.26M) | Time:00:00.00 | Mem:0.00M, Peak:0.00M | Scene, ViewLayer | Synchronizing object | Hand cut repair patch
Fra:0 Mem:44.27M (Peak 44.27M) | Time:00:00.00 | Mem:0.00M, Peak:0.00M | Scene, ViewLayer | Synchronizing object | Patch stitch
Fra:0 Mem:44.27M (Peak 44.27M) | Time:00:00.00 | Mem:0.00M, Peak:0.00M | Scene, ViewLayer | Synchronizing object | Patch stitch.002
Fra:0 Mem:44.27M (Peak 44.27M) | Time:00:00.00 | Mem:0.00M, Peak:0.00M | Scene, ViewLayer | Synchronizing object | Patch stitch.003
Fra:0 Mem:44.31M (Peak 44.31M) | Time:00:00.00 | Mem:0.00M, Peak:0.00M | Scene, ViewLayer | Synchronizing object | Patch stitch.004
Fra:0 Mem:44.32M (Peak 44.32M) | Time:00:00.00 | Mem:0.00M, Peak:0.00M | Scene, ViewLayer | Synchronizing object | Patch stitch.005
Fra:0 Mem:44.32M (Peak 44.32M) | Time:00:00.00 | Mem:0.00M, Peak:0.00M | Scene, ViewLayer | Synchronizing object | Patch stitch.006
Fra:0 Mem:44.32M (Peak 44.32M) | Time:00:00.00 | Mem:0.00M, Peak:0.00M | Scene, ViewLayer | Synchronizing object | Patch stitch.007
Fra:0 Mem:44.32M (Peak 44.32M) | Time:00:00.00 | Mem:0.00M, Peak:0.00M | Scene, ViewLayer | Synchronizing object | Patch stitch.008
Fra:0 Mem:44.32M (Peak 44.32M) | Time:00:00.00 | Mem:0.00M, Peak:0.00M | Scene, ViewLayer | Synchronizing object | Patch stitch.009
Fra:0 Mem:44.32M (Peak 44.32M) | Time:00:00.00 | Mem:0.00M, Peak:0.00M | Scene, ViewLayer | Synchronizing object | Fill
Fra:0 Mem:44.32M (Peak 44.32M) | Time:00:00.00 | Mem:0.00M, Peak:0.00M | Scene, ViewLayer | Synchronizing object | Rim
Fra:0 Mem:44.36M (Peak 44.36M) | Time:00:00.00 | Mem:0.00M, Peak:0.00M | Scene, ViewLayer | Initializing
Fra:0 Mem:41.72M (Peak 44.36M) | Time:00:00.00 | Mem:0.00M, Peak:0.00M | Scene, ViewLayer | Waiting for render to start
Fra:0 Mem:41.72M (Peak 44.36M) | Time:00:00.00 | Mem:0.00M, Peak:0.00M | Scene, ViewLayer | Updating Scene
Fra:0 Mem:41.72M (Peak 44.36M) | Time:00:00.00 | Mem:0.00M, Peak:0.00M | Scene, ViewLayer | Updating Shaders
Fra:0 Mem:41.72M (Peak 44.36M) | Time:00:00.00 | Mem:0.00M, Peak:0.00M | Scene, ViewLayer | Loading render kernels (may take a few minutes the first time)
Fra:0 Mem:41.89M (Peak 44.36M) | Time:00:00.00 | Mem:0.09M, Peak:0.09M | Scene, ViewLayer | Updating Procedurals
Fra:0 Mem:41.89M (Peak 44.36M) | Time:00:00.00 | Mem:0.09M, Peak:0.09M | Scene, ViewLayer | Updating Background
Fra:0 Mem:41.89M (Peak 44.36M) | Time:00:00.00 | Mem:0.09M, Peak:0.09M | Scene, ViewLayer | Updating Camera
Fra:0 Mem:41.89M (Peak 44.36M) | Time:00:00.00 | Mem:0.09M, Peak:0.09M | Scene, ViewLayer | Updating Meshes Flags
Fra:0 Mem:41.89M (Peak 44.36M) | Time:00:00.00 | Mem:0.09M, Peak:0.09M | Scene, ViewLayer | Updating Objects
Fra:0 Mem:41.89M (Peak 44.36M) | Time:00:00.00 | Mem:0.09M, Peak:0.09M | Scene, ViewLayer | Updating Objects | Copying Transformations to device
Fra:0 Mem:41.91M (Peak 44.36M) | Time:00:00.00 | Mem:0.10M, Peak:0.10M | Scene, ViewLayer | Updating Particle Systems
Fra:0 Mem:41.91M (Peak 44.36M) | Time:00:00.00 | Mem:0.10M, Peak:0.10M | Scene, ViewLayer | Updating Particle Systems | Copying Particles to device
Fra:0 Mem:41.91M (Peak 44.36M) | Time:00:00.00 | Mem:0.10M, Peak:0.10M | Scene, ViewLayer | Updating Meshes
Fra:0 Mem:41.91M (Peak 44.36M) | Time:00:00.00 | Mem:0.10M, Peak:0.10M | Scene, ViewLayer | Updating Objects | Applying Static Transformations
Fra:0 Mem:41.91M (Peak 44.36M) | Time:00:00.00 | Mem:0.10M, Peak:0.10M | Scene, ViewLayer | Updating Mesh | Computing attributes
Fra:0 Mem:42.02M (Peak 44.36M) | Time:00:00.00 | Mem:0.11M, Peak:0.11M | Scene, ViewLayer | Updating Mesh | Copying Attributes to device
Fra:0 Mem:42.01M (Peak 44.36M) | Time:00:00.00 | Mem:0.20M, Peak:0.20M | Scene, ViewLayer | Updating Scene BVH | Building
Fra:0 Mem:42.01M (Peak 44.36M) | Time:00:00.00 | Mem:0.20M, Peak:0.20M | Scene, ViewLayer | Updating Scene BVH | Building BVH
Fra:0 Mem:42.01M (Peak 44.36M) | Time:00:00.00 | Mem:0.68M, Peak:0.68M | Scene, ViewLayer | Updating Scene BVH | Building BVH 0%
Fra:0 Mem:42.01M (Peak 44.36M) | Time:00:00.00 | Mem:1.20M, Peak:1.68M | Scene, ViewLayer | Updating Scene BVH | Copying BVH to device
Fra:0 Mem:42.01M (Peak 44.36M) | Time:00:00.00 | Mem:1.20M, Peak:1.68M | Scene, ViewLayer | Updating Mesh | Computing normals
Fra:0 Mem:42.44M (Peak 44.36M) | Time:00:00.00 | Mem:1.20M, Peak:1.68M | Scene, ViewLayer | Updating Mesh | Copying Mesh to device
Fra:0 Mem:42.44M (Peak 44.36M) | Time:00:00.00 | Mem:1.64M, Peak:1.68M | Scene, ViewLayer | Updating Objects Flags
Fra:0 Mem:42.44M (Peak 44.36M) | Time:00:00.00 | Mem:1.64M, Peak:1.68M | Scene, ViewLayer | Updating Primitive Offsets
Fra:0 Mem:42.45M (Peak 44.36M) | Time:00:00.00 | Mem:1.64M, Peak:1.68M | Scene, ViewLayer | Updating Images
Fra:0 Mem:42.45M (Peak 44.36M) | Time:00:00.00 | Mem:1.64M, Peak:1.68M | Scene, ViewLayer | Updating Camera Volume
Fra:0 Mem:42.45M (Peak 44.36M) | Time:00:00.00 | Mem:1.64M, Peak:1.68M | Scene, ViewLayer | Updating Lookup Tables
Fra:0 Mem:42.45M (Peak 44.36M) | Time:00:00.00 | Mem:1.72M, Peak:1.72M | Scene, ViewLayer | Updating Lights
Fra:0 Mem:42.45M (Peak 44.36M) | Time:00:00.00 | Mem:1.72M, Peak:1.72M | Scene, ViewLayer | Updating Lights | Computing tree
Fra:0 Mem:42.45M (Peak 44.36M) | Time:00:00.00 | Mem:1.72M, Peak:1.72M | Scene, ViewLayer | Updating Integrator
Fra:0 Mem:43.45M (Peak 44.36M) | Time:00:00.00 | Mem:2.72M, Peak:2.72M | Scene, ViewLayer | Updating Film
Fra:0 Mem:43.45M (Peak 44.36M) | Time:00:00.00 | Mem:2.64M, Peak:2.72M | Scene, ViewLayer | Updating Lookup Tables
Fra:0 Mem:43.45M (Peak 44.36M) | Time:00:00.00 | Mem:2.73M, Peak:2.73M | Scene, ViewLayer | Updating Baking
Fra:0 Mem:43.45M (Peak 44.36M) | Time:00:00.00 | Mem:2.73M, Peak:2.73M | Scene, ViewLayer | Updating Device | Writing constant memory
Fra:0 Mem:43.45M (Peak 44.36M) | Time:00:00.00 | Mem:2.73M, Peak:2.73M | Scene, ViewLayer | Loading denoising kernels (may take a few minutes the first time)
Fra:0 Mem:43.45M (Peak 44.36M) | Time:00:00.00 | Mem:2.73M, Peak:2.73M | Scene, ViewLayer | Sample 0/32
Fra:0 Mem:102.20M (Peak 102.20M) | Time:00:00.35 | Remaining:00:10.84 | Mem:61.43M, Peak:61.43M | Scene, ViewLayer | Sample 1/32
Fra:0 Mem:126.93M (Peak 164.01M) | Time:00:14.75 | Mem:61.43M, Peak:61.43M | Scene, ViewLayer | Sample 32/32
Fra:0 Mem:126.93M (Peak 164.01M) | Time:00:14.75 | Mem:61.43M, Peak:61.43M | Scene, ViewLayer | Finished
Saved: 'C:\Users\SsAnd\AppData\Roaming\Jagged Alliance 3\Mods\jazz\tmp\leather-armor-v5\clothed.png'
Time: 00:14.83 (Saving: 00:00.08)

Info: Packed 14 file(s)
Info: Saved as "JazzArmor_LeatherArmor.blend"
LEATHER_MODEL 11966 triangles 53 parts

Blender quit
