Blender 4.5.3 LTS (hash 67807e1800cc built 2025-09-09 01:33:33)
Read blend: "F:\SteamLibrary\steamapps\common\Jagged Alliance 3\ModTools\Samples\Assets\SampleMaleModel\BlenderScene_Appearance.blend"
Fra:0 Mem:41.56M (Peak 41.56M) | Time:00:00.00 | Mem:0.00M, Peak:0.00M | Scene, ViewLayer | Synchronizing object | Rounded chest hide
Fra:0 Mem:41.57M (Peak 41.57M) | Time:00:00.00 | Mem:0.00M, Peak:0.00M | Scene, ViewLayer | Synchronizing object | Rounded chest hide rolled hide edge
Fra:0 Mem:41.62M (Peak 41.62M) | Time:00:00.00 | Mem:0.00M, Peak:0.00M | Scene, ViewLayer | Synchronizing object | Rounded chest hide saddle stitch
Fra:0 Mem:41.76M (Peak 41.76M) | Time:00:00.00 | Mem:0.00M, Peak:0.00M | Scene, ViewLayer | Synchronizing object | Back leather pad
Fra:0 Mem:41.85M (Peak 41.85M) | Time:00:00.00 | Mem:0.00M, Peak:0.00M | Scene, ViewLayer | Synchronizing object | Back leather pad rolled hide edge
Fra:0 Mem:41.92M (Peak 41.92M) | Time:00:00.00 | Mem:0.00M, Peak:0.00M | Scene, ViewLayer | Synchronizing object | Back leather pad saddle stitch
Fra:0 Mem:41.96M (Peak 41.96M) | Time:00:00.00 | Mem:0.00M, Peak:0.00M | Scene, ViewLayer | Synchronizing object | Plate envelope
Fra:0 Mem:41.99M (Peak 41.99M) | Time:00:00.00 | Mem:0.00M, Peak:0.00M | Scene, ViewLayer | Synchronizing object | Plate envelope rolled hide edge
Fra:0 Mem:42.12M (Peak 42.12M) | Time:00:00.00 | Mem:0.00M, Peak:0.00M | Scene, ViewLayer | Synchronizing object | Plate envelope saddle stitch
Fra:0 Mem:42.14M (Peak 42.14M) | Time:00:00.00 | Mem:0.00M, Peak:0.00M | Scene, ViewLayer | Synchronizing object | Plate pocket closure flap
Fra:0 Mem:42.14M (Peak 42.14M) | Time:00:00.00 | Mem:0.00M, Peak:0.00M | Scene, ViewLayer | Synchronizing object | Left shoulder strap
Fra:0 Mem:42.20M (Peak 42.20M) | Time:00:00.00 | Mem:0.00M, Peak:0.00M | Scene, ViewLayer | Synchronizing object | Rim
Fra:0 Mem:42.24M (Peak 42.24M) | Time:00:00.00 | Mem:0.00M, Peak:0.00M | Scene, ViewLayer | Synchronizing object | Shoulder anchor
Fra:0 Mem:42.24M (Peak 42.24M) | Time:00:00.00 | Mem:0.00M, Peak:0.00M | Scene, ViewLayer | Synchronizing object | Shoulder anchor.001
Fra:0 Mem:42.24M (Peak 42.24M) | Time:00:00.00 | Mem:0.00M, Peak:0.00M | Scene, ViewLayer | Synchronizing object | Shoulder anchor.002
Fra:0 Mem:42.24M (Peak 42.24M) | Time:00:00.00 | Mem:0.00M, Peak:0.00M | Scene, ViewLayer | Synchronizing object | Key
Fra:0 Mem:42.24M (Peak 42.24M) | Time:00:00.00 | Mem:0.00M, Peak:0.00M | Scene, ViewLayer | Synchronizing object | Side closing strap
Fra:0 Mem:42.28M (Peak 42.28M) | Time:00:00.00 | Mem:0.00M, Peak:0.00M | Scene, ViewLayer | Synchronizing object | Patch stitch.009
Fra:0 Mem:42.28M (Peak 42.28M) | Time:00:00.00 | Mem:0.00M, Peak:0.00M | Scene, ViewLayer | Synchronizing object | Buckle tongue
Fra:0 Mem:42.28M (Peak 42.28M) | Time:00:00.00 | Mem:0.00M, Peak:0.00M | Scene, ViewLayer | Synchronizing object | Patch stitch.008
Fra:0 Mem:42.28M (Peak 42.28M) | Time:00:00.00 | Mem:0.00M, Peak:0.00M | Scene, ViewLayer | Synchronizing object | Side closing strap.001
Fra:0 Mem:42.29M (Peak 42.29M) | Time:00:00.00 | Mem:0.00M, Peak:0.00M | Scene, ViewLayer | Synchronizing object | Patch stitch.007
Fra:0 Mem:42.30M (Peak 42.30M) | Time:00:00.00 | Mem:0.00M, Peak:0.00M | Scene, ViewLayer | Synchronizing object | Hand forged side buckle.001
Fra:0 Mem:42.31M (Peak 42.31M) | Time:00:00.00 | Mem:0.00M, Peak:0.00M | Scene, ViewLayer | Synchronizing object | Buckle tongue.001
Fra:0 Mem:42.31M (Peak 42.31M) | Time:00:00.00 | Mem:0.00M, Peak:0.00M | Scene, ViewLayer | Synchronizing object | Patch stitch.006
Fra:0 Mem:42.32M (Peak 42.32M) | Time:00:00.00 | Mem:0.00M, Peak:0.00M | Scene, ViewLayer | Synchronizing object | Right shoulder strap
Fra:0 Mem:42.35M (Peak 42.35M) | Time:00:00.00 | Mem:0.00M, Peak:0.00M | Scene, ViewLayer | Synchronizing object | Patch stitch.005
Fra:0 Mem:42.37M (Peak 42.37M) | Time:00:00.00 | Mem:0.00M, Peak:0.00M | Scene, ViewLayer | Synchronizing object | Shoulder anchor.004
Fra:0 Mem:42.39M (Peak 42.39M) | Time:00:00.00 | Mem:0.00M, Peak:0.00M | Scene, ViewLayer | Synchronizing object | Patch stitch.004
Fra:0 Mem:42.39M (Peak 42.39M) | Time:00:00.00 | Mem:0.00M, Peak:0.00M | Scene, ViewLayer | Synchronizing object | Shoulder anchor.006
Fra:0 Mem:42.39M (Peak 42.39M) | Time:00:00.00 | Mem:0.00M, Peak:0.00M | Scene, ViewLayer | Synchronizing object | Shoulder anchor.007
Fra:0 Mem:42.40M (Peak 42.40M) | Time:00:00.00 | Mem:0.00M, Peak:0.00M | Scene, ViewLayer | Synchronizing object | Patch stitch.003
Fra:0 Mem:42.42M (Peak 42.42M) | Time:00:00.00 | Mem:0.00M, Peak:0.00M | Scene, ViewLayer | Synchronizing object | Hand forged side buckle.002
Fra:0 Mem:42.43M (Peak 42.43M) | Time:00:00.00 | Mem:0.00M, Peak:0.00M | Scene, ViewLayer | Synchronizing object | Patch stitch.002
Fra:0 Mem:42.43M (Peak 42.43M) | Time:00:00.00 | Mem:0.00M, Peak:0.00M | Scene, ViewLayer | Synchronizing object | Side closing strap.003
Fra:0 Mem:42.44M (Peak 42.44M) | Time:00:00.00 | Mem:0.00M, Peak:0.00M | Scene, ViewLayer | Synchronizing object | Patch stitch.001
Fra:0 Mem:42.45M (Peak 42.45M) | Time:00:00.00 | Mem:0.00M, Peak:0.00M | Scene, ViewLayer | Synchronizing object | Hand forged side buckle.003
Fra:0 Mem:42.46M (Peak 42.46M) | Time:00:00.00 | Mem:0.00M, Peak:0.00M | Scene, ViewLayer | Synchronizing object | Patch stitch
Fra:0 Mem:42.47M (Peak 42.47M) | Time:00:00.00 | Mem:0.00M, Peak:0.00M | Scene, ViewLayer | Synchronizing object | Buckle tongue.003
Fra:0 Mem:42.47M (Peak 42.47M) | Time:00:00.00 | Mem:0.00M, Peak:0.00M | Scene, ViewLayer | Synchronizing object | Hand cut repair patch
Fra:0 Mem:42.48M (Peak 42.48M) | Time:00:00.00 | Mem:0.00M, Peak:0.00M | Scene, ViewLayer | Synchronizing object | Chest binding rivet
Fra:0 Mem:42.48M (Peak 42.48M) | Time:00:00.00 | Mem:0.00M, Peak:0.00M | Scene, ViewLayer | Synchronizing object | Chest binding rivet.002
Fra:0 Mem:42.49M (Peak 42.49M) | Time:00:00.00 | Mem:0.00M, Peak:0.00M | Scene, ViewLayer | Synchronizing object | Chest binding rivet.005
Fra:0 Mem:42.49M (Peak 42.49M) | Time:00:00.00 | Mem:0.00M, Peak:0.00M | Scene, ViewLayer | Synchronizing object | Chest binding rivet.003
Fra:0 Mem:42.49M (Peak 42.49M) | Time:00:00.00 | Mem:0.00M, Peak:0.00M | Scene, ViewLayer | Synchronizing object | Chest binding rivet.004
Fra:0 Mem:42.49M (Peak 42.49M) | Time:00:00.00 | Mem:0.00M, Peak:0.00M | Scene, ViewLayer | Initializing
Fra:0 Mem:40.27M (Peak 42.49M) | Time:00:00.00 | Mem:0.00M, Peak:0.00M | Scene, ViewLayer | Waiting for render to start
Fra:0 Mem:40.27M (Peak 42.49M) | Time:00:00.00 | Mem:0.00M, Peak:0.00M | Scene, ViewLayer | Updating Scene
Fra:0 Mem:40.27M (Peak 42.49M) | Time:00:00.00 | Mem:0.00M, Peak:0.00M | Scene, ViewLayer | Updating Shaders
Fra:0 Mem:40.27M (Peak 42.49M) | Time:00:00.00 | Mem:0.00M, Peak:0.00M | Scene, ViewLayer | Loading render kernels (may take a few minutes the first time)
Fra:0 Mem:40.38M (Peak 42.49M) | Time:00:00.00 | Mem:0.03M, Peak:0.03M | Scene, ViewLayer | Updating Procedurals
Fra:0 Mem:40.38M (Peak 42.49M) | Time:00:00.00 | Mem:0.03M, Peak:0.03M | Scene, ViewLayer | Updating Background
Fra:0 Mem:40.38M (Peak 42.49M) | Time:00:00.00 | Mem:0.03M, Peak:0.03M | Scene, ViewLayer | Updating Camera
Fra:0 Mem:40.38M (Peak 42.49M) | Time:00:00.00 | Mem:0.03M, Peak:0.03M | Scene, ViewLayer | Updating Meshes Flags
Fra:0 Mem:40.38M (Peak 42.49M) | Time:00:00.00 | Mem:0.03M, Peak:0.03M | Scene, ViewLayer | Updating Objects
Fra:0 Mem:40.38M (Peak 42.49M) | Time:00:00.00 | Mem:0.03M, Peak:0.03M | Scene, ViewLayer | Updating Objects | Copying Transformations to device
Fra:0 Mem:40.39M (Peak 42.49M) | Time:00:00.00 | Mem:0.04M, Peak:0.04M | Scene, ViewLayer | Updating Particle Systems
Fra:0 Mem:40.39M (Peak 42.49M) | Time:00:00.00 | Mem:0.04M, Peak:0.04M | Scene, ViewLayer | Updating Particle Systems | Copying Particles to device
Fra:0 Mem:40.39M (Peak 42.49M) | Time:00:00.00 | Mem:0.04M, Peak:0.04M | Scene, ViewLayer | Updating Meshes
Fra:0 Mem:40.39M (Peak 42.49M) | Time:00:00.00 | Mem:0.04M, Peak:0.04M | Scene, ViewLayer | Updating Objects | Applying Static Transformations
Fra:0 Mem:40.39M (Peak 42.49M) | Time:00:00.00 | Mem:0.04M, Peak:0.04M | Scene, ViewLayer | Updating Mesh | Computing attributes
Fra:0 Mem:40.48M (Peak 42.49M) | Time:00:00.00 | Mem:0.04M, Peak:0.04M | Scene, ViewLayer | Updating Mesh | Copying Attributes to device
Fra:0 Mem:40.47M (Peak 42.49M) | Time:00:00.00 | Mem:0.12M, Peak:0.12M | Scene, ViewLayer | Updating Scene BVH | Building
Fra:0 Mem:40.47M (Peak 42.49M) | Time:00:00.00 | Mem:0.12M, Peak:0.12M | Scene, ViewLayer | Updating Scene BVH | Building BVH
Fra:0 Mem:40.47M (Peak 42.49M) | Time:00:00.00 | Mem:0.49M, Peak:0.49M | Scene, ViewLayer | Updating Scene BVH | Building BVH 0%
Fra:0 Mem:40.47M (Peak 42.49M) | Time:00:00.00 | Mem:0.85M, Peak:1.22M | Scene, ViewLayer | Updating Scene BVH | Copying BVH to device
Fra:0 Mem:40.47M (Peak 42.49M) | Time:00:00.00 | Mem:0.85M, Peak:1.22M | Scene, ViewLayer | Updating Mesh | Computing normals
Fra:0 Mem:40.81M (Peak 42.49M) | Time:00:00.00 | Mem:0.85M, Peak:1.22M | Scene, ViewLayer | Updating Mesh | Copying Mesh to device
Fra:0 Mem:40.81M (Peak 42.49M) | Time:00:00.00 | Mem:1.19M, Peak:1.22M | Scene, ViewLayer | Updating Objects Flags
Fra:0 Mem:40.81M (Peak 42.49M) | Time:00:00.00 | Mem:1.19M, Peak:1.22M | Scene, ViewLayer | Updating Primitive Offsets
Fra:0 Mem:40.81M (Peak 42.49M) | Time:00:00.00 | Mem:1.19M, Peak:1.22M | Scene, ViewLayer | Updating Images
Fra:0 Mem:40.81M (Peak 42.49M) | Time:00:00.00 | Mem:1.19M, Peak:1.22M | Scene, ViewLayer | Updating Camera Volume
Fra:0 Mem:40.81M (Peak 42.49M) | Time:00:00.00 | Mem:1.19M, Peak:1.22M | Scene, ViewLayer | Updating Lookup Tables
Fra:0 Mem:40.81M (Peak 42.49M) | Time:00:00.00 | Mem:1.27M, Peak:1.27M | Scene, ViewLayer | Updating Lights
Fra:0 Mem:40.81M (Peak 42.49M) | Time:00:00.00 | Mem:1.27M, Peak:1.27M | Scene, ViewLayer | Updating Lights | Computing tree
Fra:0 Mem:40.81M (Peak 42.49M) | Time:00:00.00 | Mem:1.27M, Peak:1.27M | Scene, ViewLayer | Updating Integrator
Fra:0 Mem:41.81M (Peak 42.49M) | Time:00:00.00 | Mem:2.27M, Peak:2.27M | Scene, ViewLayer | Updating Film
Fra:0 Mem:41.81M (Peak 42.49M) | Time:00:00.00 | Mem:2.19M, Peak:2.27M | Scene, ViewLayer | Updating Lookup Tables
Fra:0 Mem:41.81M (Peak 42.49M) | Time:00:00.00 | Mem:2.27M, Peak:2.27M | Scene, ViewLayer | Updating Baking
Fra:0 Mem:41.81M (Peak 42.49M) | Time:00:00.00 | Mem:2.27M, Peak:2.27M | Scene, ViewLayer | Updating Device | Writing constant memory
Fra:0 Mem:41.81M (Peak 42.49M) | Time:00:00.00 | Mem:2.27M, Peak:2.27M | Scene, ViewLayer | Loading denoising kernels (may take a few minutes the first time)
Fra:0 Mem:41.81M (Peak 42.49M) | Time:00:00.00 | Mem:2.27M, Peak:2.27M | Scene, ViewLayer | Sample 0/32
Fra:0 Mem:100.56M (Peak 100.56M) | Time:00:00.22 | Remaining:00:06.52 | Mem:60.98M, Peak:60.98M | Scene, ViewLayer | Sample 1/32
Fra:0 Mem:125.29M (Peak 162.37M) | Time:00:12.93 | Mem:60.98M, Peak:60.98M | Scene, ViewLayer | Sample 32/32
Fra:0 Mem:125.29M (Peak 162.37M) | Time:00:12.93 | Mem:60.98M, Peak:60.98M | Scene, ViewLayer | Finished
Saved: 'C:\Users\SsAnd\AppData\Roaming\Jagged Alliance 3\Mods\jazz\tmp\leather-armor-v4\front.png'
Time: 00:13.11 (Saving: 00:00.17)

Fra:0 Mem:41.99M (Peak 41.99M) | Time:00:00.00 | Mem:0.00M, Peak:0.00M | Scene, ViewLayer | Synchronizing object | Rounded chest hide
Fra:0 Mem:41.99M (Peak 41.99M) | Time:00:00.00 | Mem:0.00M, Peak:0.00M | Scene, ViewLayer | Synchronizing object | Rounded chest hide saddle stitch
Fra:0 Mem:42.11M (Peak 42.11M) | Time:00:00.00 | Mem:0.00M, Peak:0.00M | Scene, ViewLayer | Synchronizing object | Back leather pad
Fra:0 Mem:42.14M (Peak 42.14M) | Time:00:00.00 | Mem:0.00M, Peak:0.00M | Scene, ViewLayer | Synchronizing object | Back leather pad saddle stitch
Fra:0 Mem:42.16M (Peak 42.16M) | Time:00:00.00 | Mem:0.00M, Peak:0.00M | Scene, ViewLayer | Synchronizing object | Plate envelope
Fra:0 Mem:42.25M (Peak 42.25M) | Time:00:00.00 | Mem:0.00M, Peak:0.00M | Scene, ViewLayer | Synchronizing object | Plate envelope rolled hide edge
Fra:0 Mem:42.25M (Peak 42.25M) | Time:00:00.00 | Mem:0.00M, Peak:0.00M | Scene, ViewLayer | Synchronizing object | Plate envelope saddle stitch
Fra:0 Mem:42.30M (Peak 42.30M) | Time:00:00.00 | Mem:0.00M, Peak:0.00M | Scene, ViewLayer | Synchronizing object | Plate pocket closure flap
Fra:0 Mem:42.32M (Peak 42.32M) | Time:00:00.00 | Mem:0.00M, Peak:0.00M | Scene, ViewLayer | Synchronizing object | Left shoulder strap
Fra:0 Mem:42.32M (Peak 42.32M) | Time:00:00.00 | Mem:0.00M, Peak:0.00M | Scene, ViewLayer | Synchronizing object | Shoulder anchor.001
Fra:0 Mem:42.36M (Peak 42.36M) | Time:00:00.00 | Mem:0.00M, Peak:0.00M | Scene, ViewLayer | Synchronizing object | Shoulder anchor.002
Fra:0 Mem:42.36M (Peak 42.36M) | Time:00:00.00 | Mem:0.00M, Peak:0.00M | Scene, ViewLayer | Synchronizing object | Shoulder anchor.003
Fra:0 Mem:42.36M (Peak 42.36M) | Time:00:00.00 | Mem:0.00M, Peak:0.00M | Scene, ViewLayer | Synchronizing object | Side closing strap
Fra:0 Mem:42.37M (Peak 42.37M) | Time:00:00.00 | Mem:0.00M, Peak:0.00M | Scene, ViewLayer | Synchronizing object | Hand forged side buckle
Fra:0 Mem:42.38M (Peak 42.38M) | Time:00:00.00 | Mem:0.00M, Peak:0.00M | Scene, ViewLayer | Synchronizing object | Buckle tongue
Fra:0 Mem:42.38M (Peak 42.38M) | Time:00:00.00 | Mem:0.00M, Peak:0.00M | Scene, ViewLayer | Synchronizing object | Hand forged side buckle.001
Fra:0 Mem:42.39M (Peak 42.39M) | Time:00:00.00 | Mem:0.00M, Peak:0.00M | Scene, ViewLayer | Synchronizing object | Buckle tongue.001
Fra:0 Mem:42.40M (Peak 42.40M) | Time:00:00.00 | Mem:0.00M, Peak:0.00M | Scene, ViewLayer | Synchronizing object | Right shoulder strap
Fra:0 Mem:42.40M (Peak 42.40M) | Time:00:00.00 | Mem:0.00M, Peak:0.00M | Scene, ViewLayer | Synchronizing object | Shoulder anchor.004
Fra:0 Mem:42.44M (Peak 42.44M) | Time:00:00.00 | Mem:0.00M, Peak:0.00M | Scene, ViewLayer | Synchronizing object | Shoulder anchor.005
Fra:0 Mem:42.44M (Peak 42.44M) | Time:00:00.00 | Mem:0.00M, Peak:0.00M | Scene, ViewLayer | Synchronizing object | Shoulder anchor.006
Fra:0 Mem:42.44M (Peak 42.44M) | Time:00:00.00 | Mem:0.00M, Peak:0.00M | Scene, ViewLayer | Synchronizing object | Shoulder anchor.007
Fra:0 Mem:42.44M (Peak 42.44M) | Time:00:00.00 | Mem:0.00M, Peak:0.00M | Scene, ViewLayer | Synchronizing object | Hand forged side buckle.002
Fra:0 Mem:42.46M (Peak 42.46M) | Time:00:00.00 | Mem:0.00M, Peak:0.00M | Scene, ViewLayer | Synchronizing object | Buckle tongue.002
Fra:0 Mem:42.46M (Peak 42.46M) | Time:00:00.00 | Mem:0.00M, Peak:0.00M | Scene, ViewLayer | Synchronizing object | Hand forged side buckle.003
Fra:0 Mem:42.46M (Peak 42.46M) | Time:00:00.00 | Mem:0.00M, Peak:0.00M | Scene, ViewLayer | Synchronizing object | Buckle tongue.003
Fra:0 Mem:42.48M (Peak 42.48M) | Time:00:00.00 | Mem:0.00M, Peak:0.00M | Scene, ViewLayer | Synchronizing object | Chest binding rivet
Fra:0 Mem:42.48M (Peak 42.48M) | Time:00:00.00 | Mem:0.00M, Peak:0.00M | Scene, ViewLayer | Synchronizing object | Chest binding rivet.001
Fra:0 Mem:42.48M (Peak 42.48M) | Time:00:00.00 | Mem:0.00M, Peak:0.00M | Scene, ViewLayer | Synchronizing object | Rim
Fra:0 Mem:42.48M (Peak 42.48M) | Time:00:00.00 | Mem:0.00M, Peak:0.00M | Scene, ViewLayer | Synchronizing object | Chest binding rivet.004
Fra:0 Mem:42.48M (Peak 42.48M) | Time:00:00.00 | Mem:0.00M, Peak:0.00M | Scene, ViewLayer | Synchronizing object | Chest binding rivet.005
Fra:0 Mem:42.48M (Peak 42.48M) | Time:00:00.00 | Mem:0.00M, Peak:0.00M | Scene, ViewLayer | Synchronizing object | Fill
Fra:0 Mem:42.48M (Peak 42.48M) | Time:00:00.00 | Mem:0.00M, Peak:0.00M | Scene, ViewLayer | Synchronizing object | Patch stitch.001
Fra:0 Mem:42.48M (Peak 42.48M) | Time:00:00.00 | Mem:0.00M, Peak:0.00M | Scene, ViewLayer | Synchronizing object | Patch stitch.002
Fra:0 Mem:42.49M (Peak 42.49M) | Time:00:00.00 | Mem:0.00M, Peak:0.00M | Scene, ViewLayer | Synchronizing object | Key
Fra:0 Mem:42.49M (Peak 42.49M) | Time:00:00.00 | Mem:0.00M, Peak:0.00M | Scene, ViewLayer | Synchronizing object | Patch stitch.003
Fra:0 Mem:42.49M (Peak 42.49M) | Time:00:00.00 | Mem:0.00M, Peak:0.00M | Scene, ViewLayer | Synchronizing object | Patch stitch.009
Fra:0 Mem:42.49M (Peak 42.49M) | Time:00:00.00 | Mem:0.00M, Peak:0.00M | Scene, ViewLayer | Synchronizing object | Patch stitch.004
Fra:0 Mem:42.49M (Peak 42.49M) | Time:00:00.00 | Mem:0.00M, Peak:0.00M | Scene, ViewLayer | Synchronizing object | Patch stitch.005
Fra:0 Mem:42.49M (Peak 42.49M) | Time:00:00.00 | Mem:0.00M, Peak:0.00M | Scene, ViewLayer | Synchronizing object | Patch stitch.008
Fra:0 Mem:42.49M (Peak 42.49M) | Time:00:00.00 | Mem:0.00M, Peak:0.00M | Scene, ViewLayer | Synchronizing object | Patch stitch.006
Fra:0 Mem:42.49M (Peak 42.49M) | Time:00:00.00 | Mem:0.00M, Peak:0.00M | Scene, ViewLayer | Synchronizing object | Patch stitch.007
Fra:0 Mem:42.49M (Peak 42.49M) | Time:00:00.00 | Mem:0.00M, Peak:0.00M | Scene, ViewLayer | Initializing
Fra:0 Mem:40.27M (Peak 42.49M) | Time:00:00.00 | Mem:0.00M, Peak:0.00M | Scene, ViewLayer | Waiting for render to start
Fra:0 Mem:40.27M (Peak 42.49M) | Time:00:00.00 | Mem:0.00M, Peak:0.00M | Scene, ViewLayer | Updating Scene
Fra:0 Mem:40.27M (Peak 42.49M) | Time:00:00.00 | Mem:0.00M, Peak:0.00M | Scene, ViewLayer | Updating Shaders
Fra:0 Mem:40.27M (Peak 42.49M) | Time:00:00.00 | Mem:0.00M, Peak:0.00M | Scene, ViewLayer | Loading render kernels (may take a few minutes the first time)
Fra:0 Mem:40.38M (Peak 42.49M) | Time:00:00.00 | Mem:0.03M, Peak:0.03M | Scene, ViewLayer | Updating Procedurals
Fra:0 Mem:40.38M (Peak 42.49M) | Time:00:00.00 | Mem:0.03M, Peak:0.03M | Scene, ViewLayer | Updating Background
Fra:0 Mem:40.38M (Peak 42.49M) | Time:00:00.00 | Mem:0.03M, Peak:0.03M | Scene, ViewLayer | Updating Camera
Fra:0 Mem:40.38M (Peak 42.49M) | Time:00:00.00 | Mem:0.03M, Peak:0.03M | Scene, ViewLayer | Updating Meshes Flags
Fra:0 Mem:40.38M (Peak 42.49M) | Time:00:00.00 | Mem:0.03M, Peak:0.03M | Scene, ViewLayer | Updating Objects
Fra:0 Mem:40.38M (Peak 42.49M) | Time:00:00.00 | Mem:0.03M, Peak:0.03M | Scene, ViewLayer | Updating Objects | Copying Transformations to device
Fra:0 Mem:40.39M (Peak 42.49M) | Time:00:00.00 | Mem:0.04M, Peak:0.04M | Scene, ViewLayer | Updating Particle Systems
Fra:0 Mem:40.39M (Peak 42.49M) | Time:00:00.00 | Mem:0.04M, Peak:0.04M | Scene, ViewLayer | Updating Particle Systems | Copying Particles to device
Fra:0 Mem:40.39M (Peak 42.49M) | Time:00:00.00 | Mem:0.04M, Peak:0.04M | Scene, ViewLayer | Updating Meshes
Fra:0 Mem:40.39M (Peak 42.49M) | Time:00:00.00 | Mem:0.04M, Peak:0.04M | Scene, ViewLayer | Updating Objects | Applying Static Transformations
Fra:0 Mem:40.39M (Peak 42.49M) | Time:00:00.00 | Mem:0.04M, Peak:0.04M | Scene, ViewLayer | Updating Mesh | Computing attributes
Fra:0 Mem:40.48M (Peak 42.49M) | Time:00:00.00 | Mem:0.04M, Peak:0.04M | Scene, ViewLayer | Updating Mesh | Copying Attributes to device
Fra:0 Mem:40.47M (Peak 42.49M) | Time:00:00.00 | Mem:0.12M, Peak:0.12M | Scene, ViewLayer | Updating Scene BVH | Building
Fra:0 Mem:40.47M (Peak 42.49M) | Time:00:00.00 | Mem:0.12M, Peak:0.12M | Scene, ViewLayer | Updating Scene BVH | Building BVH
Fra:0 Mem:40.47M (Peak 42.49M) | Time:00:00.00 | Mem:0.49M, Peak:0.49M | Scene, ViewLayer | Updating Scene BVH | Building BVH 0%
Fra:0 Mem:40.47M (Peak 42.49M) | Time:00:00.00 | Mem:0.85M, Peak:1.22M | Scene, ViewLayer | Updating Scene BVH | Copying BVH to device
Fra:0 Mem:40.47M (Peak 42.49M) | Time:00:00.00 | Mem:0.85M, Peak:1.22M | Scene, ViewLayer | Updating Mesh | Computing normals
Fra:0 Mem:40.81M (Peak 42.49M) | Time:00:00.00 | Mem:0.85M, Peak:1.22M | Scene, ViewLayer | Updating Mesh | Copying Mesh to device
Fra:0 Mem:40.81M (Peak 42.49M) | Time:00:00.00 | Mem:1.19M, Peak:1.22M | Scene, ViewLayer | Updating Objects Flags
Fra:0 Mem:40.81M (Peak 42.49M) | Time:00:00.00 | Mem:1.19M, Peak:1.22M | Scene, ViewLayer | Updating Primitive Offsets
Fra:0 Mem:40.81M (Peak 42.49M) | Time:00:00.00 | Mem:1.19M, Peak:1.22M | Scene, ViewLayer | Updating Images
Fra:0 Mem:40.81M (Peak 42.49M) | Time:00:00.00 | Mem:1.19M, Peak:1.22M | Scene, ViewLayer | Updating Camera Volume
Fra:0 Mem:40.81M (Peak 42.49M) | Time:00:00.00 | Mem:1.19M, Peak:1.22M | Scene, ViewLayer | Updating Lookup Tables
Fra:0 Mem:40.81M (Peak 42.49M) | Time:00:00.00 | Mem:1.27M, Peak:1.27M | Scene, ViewLayer | Updating Lights
Fra:0 Mem:40.81M (Peak 42.49M) | Time:00:00.00 | Mem:1.27M, Peak:1.27M | Scene, ViewLayer | Updating Lights | Computing tree
Fra:0 Mem:40.81M (Peak 42.49M) | Time:00:00.00 | Mem:1.27M, Peak:1.27M | Scene, ViewLayer | Updating Integrator
Fra:0 Mem:41.81M (Peak 42.49M) | Time:00:00.00 | Mem:2.27M, Peak:2.27M | Scene, ViewLayer | Updating Film
Fra:0 Mem:41.81M (Peak 42.49M) | Time:00:00.00 | Mem:2.19M, Peak:2.27M | Scene, ViewLayer | Updating Lookup Tables
Fra:0 Mem:41.81M (Peak 42.49M) | Time:00:00.00 | Mem:2.27M, Peak:2.27M | Scene, ViewLayer | Updating Baking
Fra:0 Mem:41.81M (Peak 42.49M) | Time:00:00.00 | Mem:2.27M, Peak:2.27M | Scene, ViewLayer | Updating Device | Writing constant memory
Fra:0 Mem:41.81M (Peak 42.49M) | Time:00:00.00 | Mem:2.27M, Peak:2.27M | Scene, ViewLayer | Loading denoising kernels (may take a few minutes the first time)
Fra:0 Mem:41.81M (Peak 42.49M) | Time:00:00.00 | Mem:2.27M, Peak:2.27M | Scene, ViewLayer | Sample 0/32
Fra:0 Mem:100.56M (Peak 100.56M) | Time:00:00.21 | Remaining:00:06.55 | Mem:60.98M, Peak:60.98M | Scene, ViewLayer | Sample 1/32
Fra:0 Mem:125.29M (Peak 162.37M) | Time:00:10.46 | Mem:60.98M, Peak:60.98M | Scene, ViewLayer | Sample 32/32
Fra:0 Mem:125.29M (Peak 162.37M) | Time:00:10.46 | Mem:60.98M, Peak:60.98M | Scene, ViewLayer | Finished
Saved: 'C:\Users\SsAnd\AppData\Roaming\Jagged Alliance 3\Mods\jazz\tmp\leather-armor-v4\back.png'
Time: 00:10.53 (Saving: 00:00.07)

Fra:0 Mem:41.99M (Peak 41.99M) | Time:00:00.00 | Mem:0.00M, Peak:0.00M | Scene, ViewLayer | Synchronizing object | Rounded chest hide
Fra:0 Mem:41.99M (Peak 41.99M) | Time:00:00.00 | Mem:0.00M, Peak:0.00M | Scene, ViewLayer | Synchronizing object | Rounded chest hide rolled hide edge
Fra:0 Mem:42.10M (Peak 42.10M) | Time:00:00.00 | Mem:0.00M, Peak:0.00M | Scene, ViewLayer | Synchronizing object | Rounded chest hide saddle stitch
Fra:0 Mem:42.10M (Peak 42.10M) | Time:00:00.00 | Mem:0.00M, Peak:0.00M | Scene, ViewLayer | Synchronizing object | Back leather pad rolled hide edge
Fra:0 Mem:42.11M (Peak 42.11M) | Time:00:00.00 | Mem:0.00M, Peak:0.00M | Scene, ViewLayer | Synchronizing object | Back leather pad saddle stitch
Fra:0 Mem:42.16M (Peak 42.16M) | Time:00:00.00 | Mem:0.00M, Peak:0.00M | Scene, ViewLayer | Synchronizing object | Plate envelope
Fra:0 Mem:42.26M (Peak 42.26M) | Time:00:00.00 | Mem:0.00M, Peak:0.00M | Scene, ViewLayer | Synchronizing object | Plate envelope rolled hide edge
Fra:0 Mem:42.28M (Peak 42.28M) | Time:00:00.00 | Mem:0.00M, Peak:0.00M | Scene, ViewLayer | Synchronizing object | Plate envelope saddle stitch
Fra:0 Mem:42.30M (Peak 42.30M) | Time:00:00.00 | Mem:0.00M, Peak:0.00M | Scene, ViewLayer | Synchronizing object | Plate pocket closure flap
Fra:0 Mem:42.31M (Peak 42.31M) | Time:00:00.00 | Mem:0.00M, Peak:0.00M | Scene, ViewLayer | Synchronizing object | Shoulder anchor
Fra:0 Mem:42.34M (Peak 42.34M) | Time:00:00.00 | Mem:0.00M, Peak:0.00M | Scene, ViewLayer | Synchronizing object | Shoulder anchor.001
Fra:0 Mem:42.36M (Peak 42.36M) | Time:00:00.00 | Mem:0.00M, Peak:0.00M | Scene, ViewLayer | Synchronizing object | Shoulder anchor.002
Fra:0 Mem:42.36M (Peak 42.36M) | Time:00:00.00 | Mem:0.00M, Peak:0.00M | Scene, ViewLayer | Synchronizing object | Shoulder anchor.003
Fra:0 Mem:42.36M (Peak 42.36M) | Time:00:00.00 | Mem:0.00M, Peak:0.00M | Scene, ViewLayer | Synchronizing object | Side closing strap
Fra:0 Mem:42.36M (Peak 42.36M) | Time:00:00.00 | Mem:0.00M, Peak:0.00M | Scene, ViewLayer | Synchronizing object | Hand forged side buckle
Fra:0 Mem:42.37M (Peak 42.37M) | Time:00:00.00 | Mem:0.00M, Peak:0.00M | Scene, ViewLayer | Synchronizing object | Buckle tongue
Fra:0 Mem:42.38M (Peak 42.38M) | Time:00:00.00 | Mem:0.00M, Peak:0.00M | Scene, ViewLayer | Synchronizing object | Side closing strap.001
Fra:0 Mem:42.38M (Peak 42.38M) | Time:00:00.00 | Mem:0.00M, Peak:0.00M | Scene, ViewLayer | Synchronizing object | Buckle tongue.001
Fra:0 Mem:42.40M (Peak 42.40M) | Time:00:00.00 | Mem:0.00M, Peak:0.00M | Scene, ViewLayer | Synchronizing object | Right shoulder strap
Fra:0 Mem:42.40M (Peak 42.40M) | Time:00:00.00 | Mem:0.00M, Peak:0.00M | Scene, ViewLayer | Synchronizing object | Shoulder anchor.004
Fra:0 Mem:42.44M (Peak 42.44M) | Time:00:00.00 | Mem:0.00M, Peak:0.00M | Scene, ViewLayer | Synchronizing object | Shoulder anchor.005
Fra:0 Mem:42.44M (Peak 42.44M) | Time:00:00.00 | Mem:0.00M, Peak:0.00M | Scene, ViewLayer | Synchronizing object | Shoulder anchor.006
Fra:0 Mem:42.44M (Peak 42.44M) | Time:00:00.00 | Mem:0.00M, Peak:0.00M | Scene, ViewLayer | Synchronizing object | Shoulder anchor.007
Fra:0 Mem:42.44M (Peak 42.44M) | Time:00:00.00 | Mem:0.00M, Peak:0.00M | Scene, ViewLayer | Synchronizing object | Side closing strap.002
Fra:0 Mem:42.44M (Peak 42.44M) | Time:00:00.00 | Mem:0.00M, Peak:0.00M | Scene, ViewLayer | Synchronizing object | Hand forged side buckle.002
Fra:0 Mem:42.46M (Peak 42.46M) | Time:00:00.00 | Mem:0.00M, Peak:0.00M | Scene, ViewLayer | Synchronizing object | Buckle tongue.002
Fra:0 Mem:42.46M (Peak 42.46M) | Time:00:00.00 | Mem:0.00M, Peak:0.00M | Scene, ViewLayer | Synchronizing object | Side closing strap.003
Fra:0 Mem:42.46M (Peak 42.46M) | Time:00:00.00 | Mem:0.00M, Peak:0.00M | Scene, ViewLayer | Synchronizing object | Hand forged side buckle.003
Fra:0 Mem:42.46M (Peak 42.46M) | Time:00:00.00 | Mem:0.00M, Peak:0.00M | Scene, ViewLayer | Synchronizing object | Buckle tongue.003
Fra:0 Mem:42.46M (Peak 42.46M) | Time:00:00.00 | Mem:0.00M, Peak:0.00M | Scene, ViewLayer | Synchronizing object | Chest binding rivet
Fra:0 Mem:42.46M (Peak 42.46M) | Time:00:00.00 | Mem:0.00M, Peak:0.00M | Scene, ViewLayer | Synchronizing object | Chest binding rivet.001
Fra:0 Mem:42.48M (Peak 42.48M) | Time:00:00.00 | Mem:0.00M, Peak:0.00M | Scene, ViewLayer | Synchronizing object | Chest binding rivet.003
Fra:0 Mem:42.48M (Peak 42.48M) | Time:00:00.00 | Mem:0.00M, Peak:0.00M | Scene, ViewLayer | Synchronizing object | Chest binding rivet.002
Fra:0 Mem:42.48M (Peak 42.48M) | Time:00:00.00 | Mem:0.00M, Peak:0.00M | Scene, ViewLayer | Synchronizing object | Chest binding rivet.004
Fra:0 Mem:42.48M (Peak 42.48M) | Time:00:00.00 | Mem:0.00M, Peak:0.00M | Scene, ViewLayer | Synchronizing object | Hand cut repair patch
Fra:0 Mem:42.48M (Peak 42.48M) | Time:00:00.00 | Mem:0.00M, Peak:0.00M | Scene, ViewLayer | Synchronizing object | Patch stitch
Fra:0 Mem:42.48M (Peak 42.48M) | Time:00:00.00 | Mem:0.00M, Peak:0.00M | Scene, ViewLayer | Synchronizing object | Patch stitch.001
Fra:0 Mem:42.49M (Peak 42.49M) | Time:00:00.00 | Mem:0.00M, Peak:0.00M | Scene, ViewLayer | Synchronizing object | Patch stitch.003
Fra:0 Mem:42.49M (Peak 42.49M) | Time:00:00.00 | Mem:0.00M, Peak:0.00M | Scene, ViewLayer | Synchronizing object | Key
Fra:0 Mem:42.49M (Peak 42.49M) | Time:00:00.00 | Mem:0.00M, Peak:0.00M | Scene, ViewLayer | Synchronizing object | Patch stitch.004
Fra:0 Mem:42.49M (Peak 42.49M) | Time:00:00.00 | Mem:0.00M, Peak:0.00M | Scene, ViewLayer | Synchronizing object | Patch stitch.005
Fra:0 Mem:42.49M (Peak 42.49M) | Time:00:00.00 | Mem:0.00M, Peak:0.00M | Scene, ViewLayer | Synchronizing object | Patch stitch.007
Fra:0 Mem:42.49M (Peak 42.49M) | Time:00:00.00 | Mem:0.00M, Peak:0.00M | Scene, ViewLayer | Synchronizing object | Patch stitch.008
Fra:0 Mem:42.49M (Peak 42.49M) | Time:00:00.00 | Mem:0.00M, Peak:0.00M | Scene, ViewLayer | Initializing
Fra:0 Mem:40.27M (Peak 42.49M) | Time:00:00.00 | Mem:0.00M, Peak:0.00M | Scene, ViewLayer | Waiting for render to start
Fra:0 Mem:40.27M (Peak 42.49M) | Time:00:00.00 | Mem:0.00M, Peak:0.00M | Scene, ViewLayer | Updating Scene
Fra:0 Mem:40.27M (Peak 42.49M) | Time:00:00.00 | Mem:0.00M, Peak:0.00M | Scene, ViewLayer | Updating Shaders
Fra:0 Mem:40.27M (Peak 42.49M) | Time:00:00.00 | Mem:0.00M, Peak:0.00M | Scene, ViewLayer | Loading render kernels (may take a few minutes the first time)
Fra:0 Mem:40.38M (Peak 42.49M) | Time:00:00.00 | Mem:0.03M, Peak:0.03M | Scene, ViewLayer | Updating Procedurals
Fra:0 Mem:40.38M (Peak 42.49M) | Time:00:00.00 | Mem:0.03M, Peak:0.03M | Scene, ViewLayer | Updating Background
Fra:0 Mem:40.38M (Peak 42.49M) | Time:00:00.00 | Mem:0.03M, Peak:0.03M | Scene, ViewLayer | Updating Camera
Fra:0 Mem:40.38M (Peak 42.49M) | Time:00:00.00 | Mem:0.03M, Peak:0.03M | Scene, ViewLayer | Updating Meshes Flags
Fra:0 Mem:40.38M (Peak 42.49M) | Time:00:00.00 | Mem:0.03M, Peak:0.03M | Scene, ViewLayer | Updating Objects
Fra:0 Mem:40.38M (Peak 42.49M) | Time:00:00.00 | Mem:0.03M, Peak:0.03M | Scene, ViewLayer | Updating Objects | Copying Transformations to device
Fra:0 Mem:40.39M (Peak 42.49M) | Time:00:00.00 | Mem:0.04M, Peak:0.04M | Scene, ViewLayer | Updating Particle Systems
Fra:0 Mem:40.39M (Peak 42.49M) | Time:00:00.00 | Mem:0.04M, Peak:0.04M | Scene, ViewLayer | Updating Particle Systems | Copying Particles to device
Fra:0 Mem:40.39M (Peak 42.49M) | Time:00:00.00 | Mem:0.04M, Peak:0.04M | Scene, ViewLayer | Updating Meshes
Fra:0 Mem:40.39M (Peak 42.49M) | Time:00:00.00 | Mem:0.04M, Peak:0.04M | Scene, ViewLayer | Updating Objects | Applying Static Transformations
Fra:0 Mem:40.39M (Peak 42.49M) | Time:00:00.00 | Mem:0.04M, Peak:0.04M | Scene, ViewLayer | Updating Mesh | Computing attributes
Fra:0 Mem:40.48M (Peak 42.49M) | Time:00:00.00 | Mem:0.04M, Peak:0.04M | Scene, ViewLayer | Updating Mesh | Copying Attributes to device
Fra:0 Mem:40.47M (Peak 42.49M) | Time:00:00.00 | Mem:0.12M, Peak:0.12M | Scene, ViewLayer | Updating Scene BVH | Building
Fra:0 Mem:40.47M (Peak 42.49M) | Time:00:00.00 | Mem:0.12M, Peak:0.12M | Scene, ViewLayer | Updating Scene BVH | Building BVH
Fra:0 Mem:40.47M (Peak 42.49M) | Time:00:00.00 | Mem:0.49M, Peak:0.49M | Scene, ViewLayer | Updating Scene BVH | Building BVH 0%
Fra:0 Mem:40.47M (Peak 42.49M) | Time:00:00.00 | Mem:0.85M, Peak:1.22M | Scene, ViewLayer | Updating Scene BVH | Copying BVH to device
Fra:0 Mem:40.47M (Peak 42.49M) | Time:00:00.00 | Mem:0.85M, Peak:1.22M | Scene, ViewLayer | Updating Mesh | Computing normals
Fra:0 Mem:40.81M (Peak 42.49M) | Time:00:00.00 | Mem:0.85M, Peak:1.22M | Scene, ViewLayer | Updating Mesh | Copying Mesh to device
Fra:0 Mem:40.81M (Peak 42.49M) | Time:00:00.00 | Mem:1.19M, Peak:1.22M | Scene, ViewLayer | Updating Objects Flags
Fra:0 Mem:40.81M (Peak 42.49M) | Time:00:00.00 | Mem:1.19M, Peak:1.22M | Scene, ViewLayer | Updating Primitive Offsets
Fra:0 Mem:40.81M (Peak 42.49M) | Time:00:00.00 | Mem:1.19M, Peak:1.22M | Scene, ViewLayer | Updating Images
Fra:0 Mem:40.81M (Peak 42.49M) | Time:00:00.00 | Mem:1.19M, Peak:1.22M | Scene, ViewLayer | Updating Camera Volume
Fra:0 Mem:40.81M (Peak 42.49M) | Time:00:00.00 | Mem:1.19M, Peak:1.22M | Scene, ViewLayer | Updating Lookup Tables
Fra:0 Mem:40.81M (Peak 42.49M) | Time:00:00.00 | Mem:1.27M, Peak:1.27M | Scene, ViewLayer | Updating Lights
Fra:0 Mem:40.81M (Peak 42.49M) | Time:00:00.00 | Mem:1.27M, Peak:1.27M | Scene, ViewLayer | Updating Lights | Computing tree
Fra:0 Mem:40.81M (Peak 42.49M) | Time:00:00.00 | Mem:1.27M, Peak:1.27M | Scene, ViewLayer | Updating Integrator
Fra:0 Mem:41.81M (Peak 42.49M) | Time:00:00.00 | Mem:2.27M, Peak:2.27M | Scene, ViewLayer | Updating Film
Fra:0 Mem:41.81M (Peak 42.49M) | Time:00:00.00 | Mem:2.19M, Peak:2.27M | Scene, ViewLayer | Updating Lookup Tables
Fra:0 Mem:41.81M (Peak 42.49M) | Time:00:00.00 | Mem:2.27M, Peak:2.27M | Scene, ViewLayer | Updating Baking
Fra:0 Mem:41.81M (Peak 42.49M) | Time:00:00.00 | Mem:2.27M, Peak:2.27M | Scene, ViewLayer | Updating Device | Writing constant memory
Fra:0 Mem:41.81M (Peak 42.49M) | Time:00:00.00 | Mem:2.27M, Peak:2.27M | Scene, ViewLayer | Loading denoising kernels (may take a few minutes the first time)
Fra:0 Mem:41.81M (Peak 42.49M) | Time:00:00.00 | Mem:2.27M, Peak:2.27M | Scene, ViewLayer | Sample 0/32
Fra:0 Mem:100.56M (Peak 100.56M) | Time:00:00.12 | Remaining:00:03.61 | Mem:60.98M, Peak:60.98M | Scene, ViewLayer | Sample 1/32
Fra:0 Mem:125.29M (Peak 162.37M) | Time:00:07.32 | Mem:60.98M, Peak:60.98M | Scene, ViewLayer | Sample 32/32
Fra:0 Mem:125.29M (Peak 162.37M) | Time:00:07.32 | Mem:60.98M, Peak:60.98M | Scene, ViewLayer | Finished
Saved: 'C:\Users\SsAnd\AppData\Roaming\Jagged Alliance 3\Mods\jazz\tmp\leather-armor-v4\side.png'
Time: 00:07.39 (Saving: 00:00.07)

Fra:0 Mem:41.99M (Peak 41.99M) | Time:00:00.00 | Mem:0.00M, Peak:0.00M | Scene, ViewLayer | Synchronizing object | Rounded chest hide
Fra:0 Mem:41.99M (Peak 41.99M) | Time:00:00.00 | Mem:0.00M, Peak:0.00M | Scene, ViewLayer | Synchronizing object | Rounded chest hide saddle stitch
Fra:0 Mem:42.11M (Peak 42.11M) | Time:00:00.00 | Mem:0.00M, Peak:0.00M | Scene, ViewLayer | Synchronizing object | Back leather pad
Fra:0 Mem:42.14M (Peak 42.14M) | Time:00:00.00 | Mem:0.00M, Peak:0.00M | Scene, ViewLayer | Synchronizing object | Back leather pad saddle stitch
Fra:0 Mem:42.18M (Peak 42.18M) | Time:00:00.00 | Mem:0.00M, Peak:0.00M | Scene, ViewLayer | Synchronizing object | Plate envelope
Fra:0 Mem:42.25M (Peak 42.25M) | Time:00:00.00 | Mem:0.00M, Peak:0.00M | Scene, ViewLayer | Synchronizing object | Plate envelope rolled hide edge
Fra:0 Mem:42.26M (Peak 42.27M) | Time:00:00.00 | Mem:0.00M, Peak:0.00M | Scene, ViewLayer | Synchronizing object | Plate envelope saddle stitch
Fra:0 Mem:42.30M (Peak 42.30M) | Time:00:00.00 | Mem:0.00M, Peak:0.00M | Scene, ViewLayer | Synchronizing object | Plate pocket closure flap
Fra:0 Mem:42.32M (Peak 42.32M) | Time:00:00.00 | Mem:0.00M, Peak:0.00M | Scene, ViewLayer | Synchronizing object | Shoulder anchor.001
Fra:0 Mem:42.32M (Peak 42.32M) | Time:00:00.00 | Mem:0.00M, Peak:0.00M | Scene, ViewLayer | Synchronizing object | Shoulder anchor.002
Fra:0 Mem:42.36M (Peak 42.36M) | Time:00:00.00 | Mem:0.00M, Peak:0.00M | Scene, ViewLayer | Synchronizing object | Shoulder anchor.003
Fra:0 Mem:42.36M (Peak 42.36M) | Time:00:00.00 | Mem:0.00M, Peak:0.00M | Scene, ViewLayer | Synchronizing object | Hand forged side buckle
Fra:0 Mem:42.36M (Peak 42.36M) | Time:00:00.00 | Mem:0.00M, Peak:0.00M | Scene, ViewLayer | Synchronizing object | Side closing strap.001
Fra:0 Mem:42.38M (Peak 42.38M) | Time:00:00.00 | Mem:0.00M, Peak:0.00M | Scene, ViewLayer | Synchronizing object | Hand forged side buckle.001
Fra:0 Mem:42.38M (Peak 42.38M) | Time:00:00.00 | Mem:0.00M, Peak:0.00M | Scene, ViewLayer | Synchronizing object | Buckle tongue.001
Fra:0 Mem:42.40M (Peak 42.40M) | Time:00:00.00 | Mem:0.00M, Peak:0.00M | Scene, ViewLayer | Synchronizing object | Right shoulder strap
Fra:0 Mem:42.43M (Peak 42.43M) | Time:00:00.00 | Mem:0.00M, Peak:0.00M | Scene, ViewLayer | Synchronizing object | Shoulder anchor.004
Fra:0 Mem:42.44M (Peak 42.44M) | Time:00:00.00 | Mem:0.00M, Peak:0.00M | Scene, ViewLayer | Synchronizing object | Shoulder anchor.006
Fra:0 Mem:42.44M (Peak 42.44M) | Time:00:00.00 | Mem:0.00M, Peak:0.00M | Scene, ViewLayer | Synchronizing object | Rim
Fra:0 Mem:42.44M (Peak 42.44M) | Time:00:00.00 | Mem:0.00M, Peak:0.00M | Scene, ViewLayer | Synchronizing object | Side closing strap.002
Fra:0 Mem:42.44M (Peak 42.44M) | Time:00:00.00 | Mem:0.00M, Peak:0.00M | Scene, ViewLayer | Synchronizing object | Fill
Fra:0 Mem:42.44M (Peak 42.44M) | Time:00:00.00 | Mem:0.00M, Peak:0.00M | Scene, ViewLayer | Synchronizing object | Hand forged side buckle.002
Fra:0 Mem:42.46M (Peak 42.46M) | Time:00:00.00 | Mem:0.00M, Peak:0.00M | Scene, ViewLayer | Synchronizing object | Buckle tongue.002
Fra:0 Mem:42.46M (Peak 42.46M) | Time:00:00.00 | Mem:0.00M, Peak:0.00M | Scene, ViewLayer | Synchronizing object | Side closing strap.003
Fra:0 Mem:42.46M (Peak 42.46M) | Time:00:00.00 | Mem:0.00M, Peak:0.00M | Scene, ViewLayer | Synchronizing object | Hand forged side buckle.003
Fra:0 Mem:42.46M (Peak 42.46M) | Time:00:00.00 | Mem:0.00M, Peak:0.00M | Scene, ViewLayer | Synchronizing object | Buckle tongue.003
Fra:0 Mem:42.46M (Peak 42.46M) | Time:00:00.00 | Mem:0.00M, Peak:0.00M | Scene, ViewLayer | Synchronizing object | Patch stitch.009
Fra:0 Mem:42.46M (Peak 42.46M) | Time:00:00.00 | Mem:0.00M, Peak:0.00M | Scene, ViewLayer | Synchronizing object | Chest binding rivet
Fra:0 Mem:42.48M (Peak 42.48M) | Time:00:00.00 | Mem:0.00M, Peak:0.00M | Scene, ViewLayer | Synchronizing object | Chest binding rivet.001
Fra:0 Mem:42.48M (Peak 42.48M) | Time:00:00.00 | Mem:0.00M, Peak:0.00M | Scene, ViewLayer | Synchronizing object | Chest binding rivet.003
Fra:0 Mem:42.48M (Peak 42.48M) | Time:00:00.00 | Mem:0.00M, Peak:0.00M | Scene, ViewLayer | Synchronizing object | Patch stitch.008
Fra:0 Mem:42.48M (Peak 42.48M) | Time:00:00.00 | Mem:0.00M, Peak:0.00M | Scene, ViewLayer | Synchronizing object | Chest binding rivet.005
Fra:0 Mem:42.48M (Peak 42.48M) | Time:00:00.00 | Mem:0.00M, Peak:0.00M | Scene, ViewLayer | Synchronizing object | Patch stitch.007
Fra:0 Mem:42.48M (Peak 42.48M) | Time:00:00.00 | Mem:0.00M, Peak:0.00M | Scene, ViewLayer | Synchronizing object | Hand cut repair patch
Fra:0 Mem:42.49M (Peak 42.49M) | Time:00:00.00 | Mem:0.00M, Peak:0.00M | Scene, ViewLayer | Synchronizing object | Patch stitch
Fra:0 Mem:42.49M (Peak 42.49M) | Time:00:00.00 | Mem:0.00M, Peak:0.00M | Scene, ViewLayer | Synchronizing object | Patch stitch.001
Fra:0 Mem:42.49M (Peak 42.49M) | Time:00:00.00 | Mem:0.00M, Peak:0.00M | Scene, ViewLayer | Synchronizing object | Patch stitch.006
Fra:0 Mem:42.49M (Peak 42.49M) | Time:00:00.00 | Mem:0.00M, Peak:0.00M | Scene, ViewLayer | Synchronizing object | Patch stitch.004
Fra:0 Mem:42.49M (Peak 42.49M) | Time:00:00.00 | Mem:0.00M, Peak:0.00M | Scene, ViewLayer | Synchronizing object | Patch stitch.005
Fra:0 Mem:42.49M (Peak 42.49M) | Time:00:00.00 | Mem:0.00M, Peak:0.00M | Scene, ViewLayer | Initializing
Fra:0 Mem:40.27M (Peak 42.49M) | Time:00:00.00 | Mem:0.00M, Peak:0.00M | Scene, ViewLayer | Waiting for render to start
Fra:0 Mem:40.27M (Peak 42.49M) | Time:00:00.00 | Mem:0.00M, Peak:0.00M | Scene, ViewLayer | Updating Scene
Fra:0 Mem:40.27M (Peak 42.49M) | Time:00:00.00 | Mem:0.00M, Peak:0.00M | Scene, ViewLayer | Updating Shaders
Fra:0 Mem:40.27M (Peak 42.49M) | Time:00:00.00 | Mem:0.00M, Peak:0.00M | Scene, ViewLayer | Loading render kernels (may take a few minutes the first time)
Fra:0 Mem:40.38M (Peak 42.49M) | Time:00:00.00 | Mem:0.03M, Peak:0.03M | Scene, ViewLayer | Updating Procedurals
Fra:0 Mem:40.38M (Peak 42.49M) | Time:00:00.00 | Mem:0.03M, Peak:0.03M | Scene, ViewLayer | Updating Background
Fra:0 Mem:40.38M (Peak 42.49M) | Time:00:00.00 | Mem:0.03M, Peak:0.03M | Scene, ViewLayer | Updating Camera
Fra:0 Mem:40.38M (Peak 42.49M) | Time:00:00.00 | Mem:0.03M, Peak:0.03M | Scene, ViewLayer | Updating Meshes Flags
Fra:0 Mem:40.38M (Peak 42.49M) | Time:00:00.00 | Mem:0.03M, Peak:0.03M | Scene, ViewLayer | Updating Objects
Fra:0 Mem:40.38M (Peak 42.49M) | Time:00:00.00 | Mem:0.03M, Peak:0.03M | Scene, ViewLayer | Updating Objects | Copying Transformations to device
Fra:0 Mem:40.39M (Peak 42.49M) | Time:00:00.00 | Mem:0.04M, Peak:0.04M | Scene, ViewLayer | Updating Particle Systems
Fra:0 Mem:40.39M (Peak 42.49M) | Time:00:00.00 | Mem:0.04M, Peak:0.04M | Scene, ViewLayer | Updating Particle Systems | Copying Particles to device
Fra:0 Mem:40.39M (Peak 42.49M) | Time:00:00.00 | Mem:0.04M, Peak:0.04M | Scene, ViewLayer | Updating Meshes
Fra:0 Mem:40.39M (Peak 42.49M) | Time:00:00.00 | Mem:0.04M, Peak:0.04M | Scene, ViewLayer | Updating Objects | Applying Static Transformations
Fra:0 Mem:40.39M (Peak 42.49M) | Time:00:00.00 | Mem:0.04M, Peak:0.04M | Scene, ViewLayer | Updating Mesh | Computing attributes
Fra:0 Mem:40.48M (Peak 42.49M) | Time:00:00.00 | Mem:0.04M, Peak:0.04M | Scene, ViewLayer | Updating Mesh | Copying Attributes to device
Fra:0 Mem:40.47M (Peak 42.49M) | Time:00:00.00 | Mem:0.12M, Peak:0.12M | Scene, ViewLayer | Updating Scene BVH | Building
Fra:0 Mem:40.47M (Peak 42.49M) | Time:00:00.00 | Mem:0.12M, Peak:0.12M | Scene, ViewLayer | Updating Scene BVH | Building BVH
Fra:0 Mem:40.47M (Peak 42.49M) | Time:00:00.00 | Mem:0.49M, Peak:0.49M | Scene, ViewLayer | Updating Scene BVH | Building BVH 0%
Fra:0 Mem:40.47M (Peak 42.49M) | Time:00:00.00 | Mem:0.85M, Peak:1.22M | Scene, ViewLayer | Updating Scene BVH | Copying BVH to device
Fra:0 Mem:40.47M (Peak 42.49M) | Time:00:00.00 | Mem:0.85M, Peak:1.22M | Scene, ViewLayer | Updating Mesh | Computing normals
Fra:0 Mem:40.81M (Peak 42.49M) | Time:00:00.00 | Mem:0.85M, Peak:1.22M | Scene, ViewLayer | Updating Mesh | Copying Mesh to device
Fra:0 Mem:40.81M (Peak 42.49M) | Time:00:00.00 | Mem:1.19M, Peak:1.22M | Scene, ViewLayer | Updating Objects Flags
Fra:0 Mem:40.81M (Peak 42.49M) | Time:00:00.00 | Mem:1.19M, Peak:1.22M | Scene, ViewLayer | Updating Primitive Offsets
Fra:0 Mem:40.81M (Peak 42.49M) | Time:00:00.00 | Mem:1.19M, Peak:1.22M | Scene, ViewLayer | Updating Images
Fra:0 Mem:40.81M (Peak 42.49M) | Time:00:00.00 | Mem:1.19M, Peak:1.22M | Scene, ViewLayer | Updating Camera Volume
Fra:0 Mem:40.81M (Peak 42.49M) | Time:00:00.00 | Mem:1.19M, Peak:1.22M | Scene, ViewLayer | Updating Lookup Tables
Fra:0 Mem:40.81M (Peak 42.49M) | Time:00:00.00 | Mem:1.27M, Peak:1.27M | Scene, ViewLayer | Updating Lights
Fra:0 Mem:40.81M (Peak 42.49M) | Time:00:00.00 | Mem:1.27M, Peak:1.27M | Scene, ViewLayer | Updating Lights | Computing tree
Fra:0 Mem:40.81M (Peak 42.49M) | Time:00:00.00 | Mem:1.27M, Peak:1.27M | Scene, ViewLayer | Updating Integrator
Fra:0 Mem:41.81M (Peak 42.49M) | Time:00:00.00 | Mem:2.27M, Peak:2.27M | Scene, ViewLayer | Updating Film
Fra:0 Mem:41.81M (Peak 42.49M) | Time:00:00.00 | Mem:2.19M, Peak:2.27M | Scene, ViewLayer | Updating Lookup Tables
Fra:0 Mem:41.81M (Peak 42.49M) | Time:00:00.00 | Mem:2.27M, Peak:2.27M | Scene, ViewLayer | Updating Baking
Fra:0 Mem:41.81M (Peak 42.49M) | Time:00:00.00 | Mem:2.27M, Peak:2.27M | Scene, ViewLayer | Updating Device | Writing constant memory
Fra:0 Mem:41.81M (Peak 42.49M) | Time:00:00.00 | Mem:2.27M, Peak:2.27M | Scene, ViewLayer | Loading denoising kernels (may take a few minutes the first time)
Fra:0 Mem:41.81M (Peak 42.49M) | Time:00:00.00 | Mem:2.27M, Peak:2.27M | Scene, ViewLayer | Sample 0/32
Fra:0 Mem:100.56M (Peak 100.56M) | Time:00:00.24 | Remaining:00:07.29 | Mem:60.98M, Peak:60.98M | Scene, ViewLayer | Sample 1/32
Fra:0 Mem:125.29M (Peak 162.37M) | Time:00:10.81 | Mem:60.98M, Peak:60.98M | Scene, ViewLayer | Sample 32/32
Fra:0 Mem:125.29M (Peak 162.37M) | Time:00:10.81 | Mem:60.98M, Peak:60.98M | Scene, ViewLayer | Finished
Saved: 'C:\Users\SsAnd\AppData\Roaming\Jagged Alliance 3\Mods\jazz\tmp\leather-armor-v4\oblique.png'
Time: 00:10.88 (Saving: 00:00.06)

Fra:0 Mem:42.07M (Peak 42.07M) | Time:00:00.00 | Mem:0.00M, Peak:0.00M | Scene, ViewLayer | Synchronizing object | Rounded chest hide
Fra:0 Mem:42.15M (Peak 42.15M) | Time:00:00.00 | Mem:0.00M, Peak:0.00M | Scene, ViewLayer | Synchronizing object | Rounded chest hide saddle stitch
Fra:0 Mem:42.18M (Peak 42.18M) | Time:00:00.00 | Mem:0.00M, Peak:0.00M | Scene, ViewLayer | Synchronizing object | Back leather pad
Fra:0 Mem:42.18M (Peak 42.18M) | Time:00:00.00 | Mem:0.00M, Peak:0.00M | Scene, ViewLayer | Synchronizing object | Back leather pad rolled hide edge
Fra:0 Mem:42.22M (Peak 42.22M) | Time:00:00.00 | Mem:0.00M, Peak:0.00M | Scene, ViewLayer | Synchronizing object | Back leather pad saddle stitch
Fra:0 Mem:42.26M (Peak 42.26M) | Time:00:00.00 | Mem:0.00M, Peak:0.00M | Scene, ViewLayer | Synchronizing object | Plate envelope
Fra:0 Mem:42.32M (Peak 42.32M) | Time:00:00.00 | Mem:0.00M, Peak:0.00M | Scene, ViewLayer | Synchronizing object | Plate envelope rolled hide edge
Fra:0 Mem:42.34M (Peak 42.34M) | Time:00:00.00 | Mem:0.00M, Peak:0.00M | Scene, ViewLayer | Synchronizing object | Plate envelope saddle stitch
Fra:0 Mem:42.38M (Peak 42.38M) | Time:00:00.00 | Mem:0.00M, Peak:0.00M | Scene, ViewLayer | Synchronizing object | Plate pocket closure flap
Fra:0 Mem:42.38M (Peak 42.38M) | Time:00:00.00 | Mem:0.00M, Peak:0.00M | Scene, ViewLayer | Synchronizing object | Shoulder anchor
Fra:0 Mem:42.40M (Peak 42.40M) | Time:00:00.00 | Mem:0.00M, Peak:0.00M | Scene, ViewLayer | Synchronizing object | Shoulder anchor.001
Fra:0 Mem:42.44M (Peak 42.44M) | Time:00:00.00 | Mem:0.00M, Peak:0.00M | Scene, ViewLayer | Synchronizing object | Shoulder anchor.002
Fra:0 Mem:42.44M (Peak 42.44M) | Time:00:00.00 | Mem:0.00M, Peak:0.00M | Scene, ViewLayer | Synchronizing object | Side closing strap
Fra:0 Mem:42.44M (Peak 42.44M) | Time:00:00.00 | Mem:0.00M, Peak:0.00M | Scene, ViewLayer | Synchronizing object | Hand forged side buckle
Fra:0 Mem:42.44M (Peak 42.44M) | Time:00:00.00 | Mem:0.00M, Peak:0.00M | Scene, ViewLayer | Synchronizing object | Buckle tongue
Fra:0 Mem:42.45M (Peak 42.45M) | Time:00:00.00 | Mem:0.00M, Peak:0.00M | Scene, ViewLayer | Synchronizing object | Side closing strap.001
Fra:0 Mem:42.46M (Peak 42.46M) | Time:00:00.00 | Mem:0.00M, Peak:0.00M | Scene, ViewLayer | Synchronizing object | Hand forged side buckle.001
Fra:0 Mem:42.47M (Peak 42.47M) | Time:00:00.00 | Mem:0.00M, Peak:0.00M | Scene, ViewLayer | Synchronizing object | Right shoulder strap
Fra:0 Mem:42.51M (Peak 42.51M) | Time:00:00.00 | Mem:0.00M, Peak:0.00M | Scene, ViewLayer | Synchronizing object | Shoulder anchor.004
Fra:0 Mem:42.51M (Peak 42.51M) | Time:00:00.00 | Mem:0.00M, Peak:0.00M | Scene, ViewLayer | Synchronizing object | Shoulder anchor.005
Fra:0 Mem:42.51M (Peak 42.51M) | Time:00:00.00 | Mem:0.00M, Peak:0.00M | Scene, ViewLayer | Synchronizing object | Shoulder anchor.006
Fra:0 Mem:42.52M (Peak 42.52M) | Time:00:00.00 | Mem:0.00M, Peak:0.00M | Scene, ViewLayer | Synchronizing object | Shoulder anchor.007
Fra:0 Mem:42.52M (Peak 42.52M) | Time:00:00.00 | Mem:0.00M, Peak:0.00M | Scene, ViewLayer | Synchronizing object | Hand forged side buckle.002
Fra:0 Mem:42.52M (Peak 42.52M) | Time:00:00.00 | Mem:0.00M, Peak:0.00M | Scene, ViewLayer | Synchronizing object | QA reference shirt
Fra:0 Mem:42.54M (Peak 42.54M) | Time:00:00.00 | Mem:0.00M, Peak:0.00M | Scene, ViewLayer | Synchronizing object | Buckle tongue.002
Fra:0 Mem:42.54M (Peak 42.54M) | Time:00:00.00 | Mem:0.00M, Peak:0.00M | Scene, ViewLayer | Synchronizing object | Hand forged side buckle.003
Fra:0 Mem:42.68M (Peak 42.69M) | Time:00:00.00 | Mem:0.00M, Peak:0.00M | Scene, ViewLayer | Synchronizing object | Buckle tongue.003
Fra:0 Mem:42.79M (Peak 42.79M) | Time:00:00.00 | Mem:0.00M, Peak:0.00M | Scene, ViewLayer | Synchronizing object | Chest binding rivet
Fra:0 Mem:42.79M (Peak 42.79M) | Time:00:00.00 | Mem:0.00M, Peak:0.00M | Scene, ViewLayer | Synchronizing object | Chest binding rivet.002
Fra:0 Mem:42.79M (Peak 42.79M) | Time:00:00.00 | Mem:0.00M, Peak:0.00M | Scene, ViewLayer | Synchronizing object | Chest binding rivet.003
Fra:0 Mem:42.79M (Peak 42.79M) | Time:00:00.00 | Mem:0.00M, Peak:0.00M | Scene, ViewLayer | Synchronizing object | Chest binding rivet.004
Fra:0 Mem:42.79M (Peak 42.79M) | Time:00:00.00 | Mem:0.00M, Peak:0.00M | Scene, ViewLayer | Synchronizing object | Chest binding rivet.005
Fra:0 Mem:42.79M (Peak 42.79M) | Time:00:00.00 | Mem:0.00M, Peak:0.00M | Scene, ViewLayer | Synchronizing object | Hand cut repair patch
Fra:0 Mem:42.79M (Peak 42.79M) | Time:00:00.00 | Mem:0.00M, Peak:0.00M | Scene, ViewLayer | Synchronizing object | Patch stitch
Fra:0 Mem:42.80M (Peak 42.80M) | Time:00:00.00 | Mem:0.00M, Peak:0.00M | Scene, ViewLayer | Synchronizing object | Patch stitch.002
Fra:0 Mem:42.80M (Peak 42.80M) | Time:00:00.00 | Mem:0.00M, Peak:0.00M | Scene, ViewLayer | Synchronizing object | Patch stitch.003
Fra:0 Mem:42.80M (Peak 42.80M) | Time:00:00.00 | Mem:0.00M, Peak:0.00M | Scene, ViewLayer | Synchronizing object | Patch stitch.004
Fra:0 Mem:42.80M (Peak 42.80M) | Time:00:00.00 | Mem:0.00M, Peak:0.00M | Scene, ViewLayer | Synchronizing object | Patch stitch.005
Fra:0 Mem:42.80M (Peak 42.80M) | Time:00:00.00 | Mem:0.00M, Peak:0.00M | Scene, ViewLayer | Synchronizing object | Patch stitch.006
Fra:0 Mem:42.80M (Peak 42.80M) | Time:00:00.00 | Mem:0.00M, Peak:0.00M | Scene, ViewLayer | Synchronizing object | Patch stitch.007
Fra:0 Mem:42.81M (Peak 42.81M) | Time:00:00.00 | Mem:0.00M, Peak:0.00M | Scene, ViewLayer | Synchronizing object | Patch stitch.009
Fra:0 Mem:42.81M (Peak 42.81M) | Time:00:00.00 | Mem:0.00M, Peak:0.00M | Scene, ViewLayer | Synchronizing object | Key
Fra:0 Mem:42.81M (Peak 42.81M) | Time:00:00.00 | Mem:0.00M, Peak:0.00M | Scene, ViewLayer | Synchronizing object | Fill
Fra:0 Mem:42.81M (Peak 42.81M) | Time:00:00.00 | Mem:0.00M, Peak:0.00M | Scene, ViewLayer | Synchronizing object | Rim
Fra:0 Mem:42.90M (Peak 42.90M) | Time:00:00.00 | Mem:0.00M, Peak:0.00M | Scene, ViewLayer | Initializing
Fra:0 Mem:40.61M (Peak 42.90M) | Time:00:00.00 | Mem:0.00M, Peak:0.00M | Scene, ViewLayer | Waiting for render to start
Fra:0 Mem:40.61M (Peak 42.90M) | Time:00:00.00 | Mem:0.00M, Peak:0.00M | Scene, ViewLayer | Updating Scene
Fra:0 Mem:40.61M (Peak 42.90M) | Time:00:00.00 | Mem:0.00M, Peak:0.00M | Scene, ViewLayer | Updating Shaders
Fra:0 Mem:40.61M (Peak 42.90M) | Time:00:00.00 | Mem:0.00M, Peak:0.00M | Scene, ViewLayer | Loading render kernels (may take a few minutes the first time)
Fra:0 Mem:40.71M (Peak 42.90M) | Time:00:00.00 | Mem:0.03M, Peak:0.03M | Scene, ViewLayer | Updating Procedurals
Fra:0 Mem:40.71M (Peak 42.90M) | Time:00:00.00 | Mem:0.03M, Peak:0.03M | Scene, ViewLayer | Updating Background
Fra:0 Mem:40.71M (Peak 42.90M) | Time:00:00.00 | Mem:0.03M, Peak:0.03M | Scene, ViewLayer | Updating Camera
Fra:0 Mem:40.71M (Peak 42.90M) | Time:00:00.00 | Mem:0.03M, Peak:0.03M | Scene, ViewLayer | Updating Meshes Flags
Fra:0 Mem:40.71M (Peak 42.90M) | Time:00:00.00 | Mem:0.03M, Peak:0.03M | Scene, ViewLayer | Updating Objects
Fra:0 Mem:40.71M (Peak 42.90M) | Time:00:00.00 | Mem:0.03M, Peak:0.03M | Scene, ViewLayer | Updating Objects | Copying Transformations to device
Fra:0 Mem:40.73M (Peak 42.90M) | Time:00:00.00 | Mem:0.04M, Peak:0.04M | Scene, ViewLayer | Updating Particle Systems
Fra:0 Mem:40.73M (Peak 42.90M) | Time:00:00.00 | Mem:0.04M, Peak:0.04M | Scene, ViewLayer | Updating Particle Systems | Copying Particles to device
Fra:0 Mem:40.73M (Peak 42.90M) | Time:00:00.00 | Mem:0.04M, Peak:0.04M | Scene, ViewLayer | Updating Meshes
Fra:0 Mem:40.73M (Peak 42.90M) | Time:00:00.00 | Mem:0.04M, Peak:0.04M | Scene, ViewLayer | Updating Objects | Applying Static Transformations
Fra:0 Mem:40.73M (Peak 42.90M) | Time:00:00.00 | Mem:0.04M, Peak:0.04M | Scene, ViewLayer | Updating Mesh | Computing attributes
Fra:0 Mem:40.84M (Peak 42.90M) | Time:00:00.00 | Mem:0.04M, Peak:0.04M | Scene, ViewLayer | Updating Mesh | Copying Attributes to device
Fra:0 Mem:40.83M (Peak 42.90M) | Time:00:00.00 | Mem:0.14M, Peak:0.14M | Scene, ViewLayer | Updating Scene BVH | Building
Fra:0 Mem:40.83M (Peak 42.90M) | Time:00:00.00 | Mem:0.14M, Peak:0.14M | Scene, ViewLayer | Updating Scene BVH | Building BVH
Fra:0 Mem:40.83M (Peak 42.90M) | Time:00:00.00 | Mem:0.62M, Peak:0.62M | Scene, ViewLayer | Updating Scene BVH | Building BVH 0%
Fra:0 Mem:40.83M (Peak 42.90M) | Time:00:00.01 | Mem:1.15M, Peak:1.63M | Scene, ViewLayer | Updating Scene BVH | Copying BVH to device
Fra:0 Mem:40.83M (Peak 42.90M) | Time:00:00.01 | Mem:1.15M, Peak:1.63M | Scene, ViewLayer | Updating Mesh | Computing normals
Fra:0 Mem:41.27M (Peak 42.90M) | Time:00:00.01 | Mem:1.15M, Peak:1.63M | Scene, ViewLayer | Updating Mesh | Copying Mesh to device
Fra:0 Mem:41.27M (Peak 42.90M) | Time:00:00.01 | Mem:1.59M, Peak:1.63M | Scene, ViewLayer | Updating Objects Flags
Fra:0 Mem:41.27M (Peak 42.90M) | Time:00:00.01 | Mem:1.59M, Peak:1.63M | Scene, ViewLayer | Updating Primitive Offsets
Fra:0 Mem:41.27M (Peak 42.90M) | Time:00:00.01 | Mem:1.59M, Peak:1.63M | Scene, ViewLayer | Updating Images
Fra:0 Mem:41.27M (Peak 42.90M) | Time:00:00.01 | Mem:1.59M, Peak:1.63M | Scene, ViewLayer | Updating Camera Volume
Fra:0 Mem:41.27M (Peak 42.90M) | Time:00:00.01 | Mem:1.59M, Peak:1.63M | Scene, ViewLayer | Updating Lookup Tables
Fra:0 Mem:41.27M (Peak 42.90M) | Time:00:00.01 | Mem:1.67M, Peak:1.67M | Scene, ViewLayer | Updating Lights
Fra:0 Mem:41.27M (Peak 42.90M) | Time:00:00.01 | Mem:1.67M, Peak:1.67M | Scene, ViewLayer | Updating Lights | Computing tree
Fra:0 Mem:41.27M (Peak 42.90M) | Time:00:00.01 | Mem:1.67M, Peak:1.67M | Scene, ViewLayer | Updating Integrator
Fra:0 Mem:42.27M (Peak 42.90M) | Time:00:00.01 | Mem:2.67M, Peak:2.67M | Scene, ViewLayer | Updating Film
Fra:0 Mem:42.28M (Peak 42.90M) | Time:00:00.01 | Mem:2.59M, Peak:2.67M | Scene, ViewLayer | Updating Lookup Tables
Fra:0 Mem:42.28M (Peak 42.90M) | Time:00:00.01 | Mem:2.68M, Peak:2.68M | Scene, ViewLayer | Updating Baking
Fra:0 Mem:42.28M (Peak 42.90M) | Time:00:00.01 | Mem:2.68M, Peak:2.68M | Scene, ViewLayer | Updating Device | Writing constant memory
Fra:0 Mem:42.28M (Peak 42.90M) | Time:00:00.01 | Mem:2.68M, Peak:2.68M | Scene, ViewLayer | Loading denoising kernels (may take a few minutes the first time)
Fra:0 Mem:42.28M (Peak 42.90M) | Time:00:00.01 | Mem:2.68M, Peak:2.68M | Scene, ViewLayer | Sample 0/32
Fra:0 Mem:101.03M (Peak 101.03M) | Time:00:00.22 | Remaining:00:06.64 | Mem:61.39M, Peak:61.39M | Scene, ViewLayer | Sample 1/32
Fra:0 Mem:125.75M (Peak 162.83M) | Time:00:09.72 | Mem:61.39M, Peak:61.39M | Scene, ViewLayer | Sample 32/32
Fra:0 Mem:125.75M (Peak 162.83M) | Time:00:09.72 | Mem:61.39M, Peak:61.39M | Scene, ViewLayer | Finished
Saved: 'C:\Users\SsAnd\AppData\Roaming\Jagged Alliance 3\Mods\jazz\tmp\leather-armor-v4\clothed.png'
Time: 00:09.79 (Saving: 00:00.07)

Info: Packed 14 file(s)
Info: Saved as "JazzArmor_LeatherArmor.blend"
LEATHER_MODEL 12126 triangles 49 parts

Blender quit
