Blender 4.5.3 LTS (hash 67807e1800cc built 2025-09-09 01:33:33)
Read blend: "F:\SteamLibrary\steamapps\common\Jagged Alliance 3\ModTools\Samples\Assets\SampleMaleModel\BlenderScene_Appearance.blend"
Fra:0 Mem:41.53M (Peak 41.53M) | Time:00:00.00 | Mem:0.00M, Peak:0.00M | Scene, ViewLayer | Synchronizing object | Rounded chest hide
Fra:0 Mem:41.53M (Peak 41.53M) | Time:00:00.00 | Mem:0.00M, Peak:0.00M | Scene, ViewLayer | Synchronizing object | Rounded chest hide rolled hide edge
Fra:0 Mem:41.60M (Peak 41.60M) | Time:00:00.00 | Mem:0.00M, Peak:0.00M | Scene, ViewLayer | Synchronizing object | Rounded chest hide saddle stitch
Fra:0 Mem:41.73M (Peak 41.73M) | Time:00:00.00 | Mem:0.00M, Peak:0.00M | Scene, ViewLayer | Synchronizing object | Back leather pad
Fra:0 Mem:41.80M (Peak 41.80M) | Time:00:00.00 | Mem:0.00M, Peak:0.00M | Scene, ViewLayer | Synchronizing object | Back leather pad rolled hide edge
Fra:0 Mem:41.89M (Peak 41.89M) | Time:00:00.00 | Mem:0.00M, Peak:0.00M | Scene, ViewLayer | Synchronizing object | Back leather pad saddle stitch
Fra:0 Mem:41.90M (Peak 41.90M) | Time:00:00.00 | Mem:0.00M, Peak:0.00M | Scene, ViewLayer | Synchronizing object | Rim
Fra:0 Mem:41.92M (Peak 41.92M) | Time:00:00.00 | Mem:0.00M, Peak:0.00M | Scene, ViewLayer | Synchronizing object | Plate envelope
Fra:0 Mem:41.97M (Peak 41.97M) | Time:00:00.00 | Mem:0.00M, Peak:0.00M | Scene, ViewLayer | Synchronizing object | Fill
Fra:0 Mem:41.99M (Peak 41.99M) | Time:00:00.00 | Mem:0.00M, Peak:0.00M | Scene, ViewLayer | Synchronizing object | Plate envelope rolled hide edge
Fra:0 Mem:41.99M (Peak 41.99M) | Time:00:00.00 | Mem:0.00M, Peak:0.00M | Scene, ViewLayer | Synchronizing object | Plate envelope saddle stitch
Fra:0 Mem:42.04M (Peak 42.04M) | Time:00:00.00 | Mem:0.00M, Peak:0.00M | Scene, ViewLayer | Synchronizing object | Patch stitch.009
Fra:0 Mem:42.05M (Peak 42.05M) | Time:00:00.00 | Mem:0.00M, Peak:0.00M | Scene, ViewLayer | Synchronizing object | Plate pocket closure flap
Fra:0 Mem:42.09M (Peak 42.09M) | Time:00:00.00 | Mem:0.00M, Peak:0.00M | Scene, ViewLayer | Synchronizing object | Patch stitch.008
Fra:0 Mem:42.10M (Peak 42.10M) | Time:00:00.00 | Mem:0.00M, Peak:0.00M | Scene, ViewLayer | Synchronizing object | Patch stitch.007
Fra:0 Mem:42.10M (Peak 42.10M) | Time:00:00.00 | Mem:0.00M, Peak:0.00M | Scene, ViewLayer | Synchronizing object | Patch stitch.006
Fra:0 Mem:42.10M (Peak 42.10M) | Time:00:00.00 | Mem:0.00M, Peak:0.00M | Scene, ViewLayer | Synchronizing object | Left shoulder strap
Fra:0 Mem:42.12M (Peak 42.12M) | Time:00:00.00 | Mem:0.00M, Peak:0.00M | Scene, ViewLayer | Synchronizing object | Patch stitch.005
Fra:0 Mem:42.16M (Peak 42.16M) | Time:00:00.00 | Mem:0.00M, Peak:0.00M | Scene, ViewLayer | Synchronizing object | Patch stitch.004
Fra:0 Mem:42.16M (Peak 42.16M) | Time:00:00.00 | Mem:0.00M, Peak:0.00M | Scene, ViewLayer | Synchronizing object | Shoulder anchor
Fra:0 Mem:42.17M (Peak 42.17M) | Time:00:00.00 | Mem:0.00M, Peak:0.00M | Scene, ViewLayer | Synchronizing object | Patch stitch.003
Fra:0 Mem:42.18M (Peak 42.18M) | Time:00:00.00 | Mem:0.00M, Peak:0.00M | Scene, ViewLayer | Synchronizing object | Shoulder anchor.001
Fra:0 Mem:42.19M (Peak 42.19M) | Time:00:00.00 | Mem:0.00M, Peak:0.00M | Scene, ViewLayer | Synchronizing object | Patch stitch.002
Fra:0 Mem:42.19M (Peak 42.19M) | Time:00:00.00 | Mem:0.00M, Peak:0.00M | Scene, ViewLayer | Synchronizing object | Shoulder anchor.002
Fra:0 Mem:42.19M (Peak 42.19M) | Time:00:00.00 | Mem:0.00M, Peak:0.00M | Scene, ViewLayer | Synchronizing object | Patch stitch.001
Fra:0 Mem:42.19M (Peak 42.19M) | Time:00:00.00 | Mem:0.00M, Peak:0.00M | Scene, ViewLayer | Synchronizing object | Shoulder anchor.003
Fra:0 Mem:42.19M (Peak 42.19M) | Time:00:00.00 | Mem:0.00M, Peak:0.00M | Scene, ViewLayer | Synchronizing object | Side closing strap
Fra:0 Mem:42.20M (Peak 42.20M) | Time:00:00.00 | Mem:0.00M, Peak:0.00M | Scene, ViewLayer | Synchronizing object | Hand forged side buckle
Fra:0 Mem:42.23M (Peak 42.23M) | Time:00:00.00 | Mem:0.00M, Peak:0.00M | Scene, ViewLayer | Synchronizing object | Buckle tongue
Fra:0 Mem:42.23M (Peak 42.23M) | Time:00:00.00 | Mem:0.00M, Peak:0.00M | Scene, ViewLayer | Synchronizing object | Hand cut repair patch
Fra:0 Mem:42.24M (Peak 42.24M) | Time:00:00.00 | Mem:0.00M, Peak:0.00M | Scene, ViewLayer | Synchronizing object | Side closing strap.001
Fra:0 Mem:42.24M (Peak 42.24M) | Time:00:00.00 | Mem:0.00M, Peak:0.00M | Scene, ViewLayer | Synchronizing object | Hand forged side buckle.001
Fra:0 Mem:42.28M (Peak 42.28M) | Time:00:00.00 | Mem:0.00M, Peak:0.00M | Scene, ViewLayer | Synchronizing object | Right shoulder strap
Fra:0 Mem:42.28M (Peak 42.28M) | Time:00:00.00 | Mem:0.00M, Peak:0.00M | Scene, ViewLayer | Synchronizing object | Shoulder anchor.004
Fra:0 Mem:42.28M (Peak 42.28M) | Time:00:00.00 | Mem:0.00M, Peak:0.00M | Scene, ViewLayer | Synchronizing object | Shoulder anchor.005
Fra:0 Mem:42.33M (Peak 42.33M) | Time:00:00.00 | Mem:0.00M, Peak:0.00M | Scene, ViewLayer | Synchronizing object | Shoulder anchor.006
Fra:0 Mem:42.33M (Peak 42.33M) | Time:00:00.00 | Mem:0.00M, Peak:0.00M | Scene, ViewLayer | Synchronizing object | Shoulder anchor.007
Fra:0 Mem:42.35M (Peak 42.35M) | Time:00:00.00 | Mem:0.00M, Peak:0.00M | Scene, ViewLayer | Synchronizing object | Side closing strap.002
Fra:0 Mem:42.35M (Peak 42.35M) | Time:00:00.00 | Mem:0.00M, Peak:0.00M | Scene, ViewLayer | Synchronizing object | Hand forged side buckle.002
Fra:0 Mem:42.37M (Peak 42.37M) | Time:00:00.00 | Mem:0.00M, Peak:0.00M | Scene, ViewLayer | Synchronizing object | Buckle tongue.002
Fra:0 Mem:42.37M (Peak 42.37M) | Time:00:00.00 | Mem:0.00M, Peak:0.00M | Scene, ViewLayer | Synchronizing object | Side closing strap.003
Fra:0 Mem:42.41M (Peak 42.41M) | Time:00:00.00 | Mem:0.00M, Peak:0.00M | Scene, ViewLayer | Synchronizing object | Hand forged side buckle.003
Fra:0 Mem:42.42M (Peak 42.42M) | Time:00:00.00 | Mem:0.00M, Peak:0.00M | Scene, ViewLayer | Synchronizing object | Chest binding rivet.003
Fra:0 Mem:42.42M (Peak 42.42M) | Time:00:00.00 | Mem:0.00M, Peak:0.00M | Scene, ViewLayer | Synchronizing object | Buckle tongue.003
Fra:0 Mem:42.43M (Peak 42.43M) | Time:00:00.00 | Mem:0.00M, Peak:0.00M | Scene, ViewLayer | Synchronizing object | Chest binding rivet.002
Fra:0 Mem:42.43M (Peak 42.43M) | Time:00:00.00 | Mem:0.00M, Peak:0.00M | Scene, ViewLayer | Synchronizing object | Chest binding rivet.001
Fra:0 Mem:42.43M (Peak 42.43M) | Time:00:00.00 | Mem:0.00M, Peak:0.00M | Scene, ViewLayer | Initializing
Fra:0 Mem:40.21M (Peak 42.43M) | Time:00:00.00 | Mem:0.00M, Peak:0.00M | Scene, ViewLayer | Waiting for render to start
Fra:0 Mem:40.21M (Peak 42.43M) | Time:00:00.00 | Mem:0.00M, Peak:0.00M | Scene, ViewLayer | Updating Scene
Fra:0 Mem:40.21M (Peak 42.43M) | Time:00:00.00 | Mem:0.00M, Peak:0.00M | Scene, ViewLayer | Updating Shaders
Fra:0 Mem:40.21M (Peak 42.43M) | Time:00:00.00 | Mem:0.00M, Peak:0.00M | Scene, ViewLayer | Loading render kernels (may take a few minutes the first time)
Fra:0 Mem:40.32M (Peak 42.43M) | Time:00:00.00 | Mem:0.03M, Peak:0.03M | Scene, ViewLayer | Updating Procedurals
Fra:0 Mem:40.32M (Peak 42.43M) | Time:00:00.00 | Mem:0.03M, Peak:0.03M | Scene, ViewLayer | Updating Background
Fra:0 Mem:40.32M (Peak 42.43M) | Time:00:00.00 | Mem:0.03M, Peak:0.03M | Scene, ViewLayer | Updating Camera
Fra:0 Mem:40.32M (Peak 42.43M) | Time:00:00.00 | Mem:0.03M, Peak:0.03M | Scene, ViewLayer | Updating Meshes Flags
Fra:0 Mem:40.32M (Peak 42.43M) | Time:00:00.00 | Mem:0.03M, Peak:0.03M | Scene, ViewLayer | Updating Objects
Fra:0 Mem:40.32M (Peak 42.43M) | Time:00:00.00 | Mem:0.03M, Peak:0.03M | Scene, ViewLayer | Updating Objects | Copying Transformations to device
Fra:0 Mem:40.33M (Peak 42.43M) | Time:00:00.00 | Mem:0.04M, Peak:0.04M | Scene, ViewLayer | Updating Particle Systems
Fra:0 Mem:40.33M (Peak 42.43M) | Time:00:00.00 | Mem:0.04M, Peak:0.04M | Scene, ViewLayer | Updating Particle Systems | Copying Particles to device
Fra:0 Mem:40.33M (Peak 42.43M) | Time:00:00.00 | Mem:0.04M, Peak:0.04M | Scene, ViewLayer | Updating Meshes
Fra:0 Mem:40.33M (Peak 42.43M) | Time:00:00.00 | Mem:0.04M, Peak:0.04M | Scene, ViewLayer | Updating Objects | Applying Static Transformations
Fra:0 Mem:40.33M (Peak 42.43M) | Time:00:00.00 | Mem:0.04M, Peak:0.04M | Scene, ViewLayer | Updating Mesh | Computing attributes
Fra:0 Mem:40.41M (Peak 42.43M) | Time:00:00.00 | Mem:0.04M, Peak:0.04M | Scene, ViewLayer | Updating Mesh | Copying Attributes to device
Fra:0 Mem:40.41M (Peak 42.43M) | Time:00:00.00 | Mem:0.11M, Peak:0.11M | Scene, ViewLayer | Updating Scene BVH | Building
Fra:0 Mem:40.41M (Peak 42.43M) | Time:00:00.00 | Mem:0.11M, Peak:0.11M | Scene, ViewLayer | Updating Scene BVH | Building BVH
Fra:0 Mem:40.41M (Peak 42.43M) | Time:00:00.00 | Mem:0.47M, Peak:0.47M | Scene, ViewLayer | Updating Scene BVH | Building BVH 0%
Fra:0 Mem:40.41M (Peak 42.43M) | Time:00:00.00 | Mem:0.83M, Peak:1.19M | Scene, ViewLayer | Updating Scene BVH | Copying BVH to device
Fra:0 Mem:40.41M (Peak 42.43M) | Time:00:00.00 | Mem:0.83M, Peak:1.19M | Scene, ViewLayer | Updating Mesh | Computing normals
Fra:0 Mem:40.73M (Peak 42.43M) | Time:00:00.00 | Mem:0.83M, Peak:1.19M | Scene, ViewLayer | Updating Mesh | Copying Mesh to device
Fra:0 Mem:40.73M (Peak 42.43M) | Time:00:00.00 | Mem:1.15M, Peak:1.19M | Scene, ViewLayer | Updating Objects Flags
Fra:0 Mem:40.73M (Peak 42.43M) | Time:00:00.00 | Mem:1.15M, Peak:1.19M | Scene, ViewLayer | Updating Primitive Offsets
Fra:0 Mem:40.73M (Peak 42.43M) | Time:00:00.00 | Mem:1.15M, Peak:1.19M | Scene, ViewLayer | Updating Images
Fra:0 Mem:40.73M (Peak 42.43M) | Time:00:00.00 | Mem:1.15M, Peak:1.19M | Scene, ViewLayer | Updating Camera Volume
Fra:0 Mem:40.73M (Peak 42.43M) | Time:00:00.00 | Mem:1.15M, Peak:1.19M | Scene, ViewLayer | Updating Lookup Tables
Fra:0 Mem:40.73M (Peak 42.43M) | Time:00:00.00 | Mem:1.23M, Peak:1.23M | Scene, ViewLayer | Updating Lights
Fra:0 Mem:40.73M (Peak 42.43M) | Time:00:00.00 | Mem:1.23M, Peak:1.23M | Scene, ViewLayer | Updating Lights | Computing tree
Fra:0 Mem:40.73M (Peak 42.43M) | Time:00:00.00 | Mem:1.23M, Peak:1.23M | Scene, ViewLayer | Updating Integrator
Fra:0 Mem:41.73M (Peak 42.43M) | Time:00:00.00 | Mem:2.23M, Peak:2.23M | Scene, ViewLayer | Updating Film
Fra:0 Mem:41.74M (Peak 42.43M) | Time:00:00.00 | Mem:2.15M, Peak:2.23M | Scene, ViewLayer | Updating Lookup Tables
Fra:0 Mem:41.74M (Peak 42.43M) | Time:00:00.00 | Mem:2.24M, Peak:2.24M | Scene, ViewLayer | Updating Baking
Fra:0 Mem:41.74M (Peak 42.43M) | Time:00:00.00 | Mem:2.24M, Peak:2.24M | Scene, ViewLayer | Updating Device | Writing constant memory
Fra:0 Mem:41.74M (Peak 42.43M) | Time:00:00.00 | Mem:2.24M, Peak:2.24M | Scene, ViewLayer | Loading denoising kernels (may take a few minutes the first time)
Fra:0 Mem:41.74M (Peak 42.43M) | Time:00:00.00 | Mem:2.24M, Peak:2.24M | Scene, ViewLayer | Sample 0/32
Fra:0 Mem:100.49M (Peak 100.49M) | Time:00:00.23 | Remaining:00:07.07 | Mem:60.95M, Peak:60.95M | Scene, ViewLayer | Sample 1/32
Fra:0 Mem:125.21M (Peak 162.29M) | Time:00:11.47 | Mem:60.95M, Peak:60.95M | Scene, ViewLayer | Sample 32/32
Fra:0 Mem:125.21M (Peak 162.29M) | Time:00:11.47 | Mem:60.95M, Peak:60.95M | Scene, ViewLayer | Finished
Saved: 'C:\Users\SsAnd\AppData\Roaming\Jagged Alliance 3\Mods\jazz\tmp\leather-armor-v1\front.png'
Time: 00:11.67 (Saving: 00:00.19)

Fra:0 Mem:41.94M (Peak 41.94M) | Time:00:00.00 | Mem:0.00M, Peak:0.00M | Scene, ViewLayer | Synchronizing object | Rounded chest hide
Fra:0 Mem:41.94M (Peak 41.94M) | Time:00:00.00 | Mem:0.00M, Peak:0.00M | Scene, ViewLayer | Synchronizing object | Rounded chest hide saddle stitch
Fra:0 Mem:42.06M (Peak 42.06M) | Time:00:00.00 | Mem:0.00M, Peak:0.00M | Scene, ViewLayer | Synchronizing object | Back leather pad
Fra:0 Mem:42.06M (Peak 42.06M) | Time:00:00.00 | Mem:0.00M, Peak:0.00M | Scene, ViewLayer | Synchronizing object | Back leather pad saddle stitch
Fra:0 Mem:42.12M (Peak 42.12M) | Time:00:00.00 | Mem:0.00M, Peak:0.00M | Scene, ViewLayer | Synchronizing object | Plate envelope
Fra:0 Mem:42.15M (Peak 42.15M) | Time:00:00.00 | Mem:0.00M, Peak:0.00M | Scene, ViewLayer | Synchronizing object | Plate envelope rolled hide edge
Fra:0 Mem:42.17M (Peak 42.18M) | Time:00:00.00 | Mem:0.00M, Peak:0.00M | Scene, ViewLayer | Synchronizing object | Plate envelope saddle stitch
Fra:0 Mem:42.25M (Peak 42.25M) | Time:00:00.00 | Mem:0.00M, Peak:0.00M | Scene, ViewLayer | Synchronizing object | Plate pocket closure flap
Fra:0 Mem:42.26M (Peak 42.26M) | Time:00:00.00 | Mem:0.00M, Peak:0.00M | Scene, ViewLayer | Synchronizing object | Left shoulder strap
Fra:0 Mem:42.28M (Peak 42.28M) | Time:00:00.00 | Mem:0.00M, Peak:0.00M | Scene, ViewLayer | Synchronizing object | Shoulder anchor.001
Fra:0 Mem:42.30M (Peak 42.30M) | Time:00:00.00 | Mem:0.00M, Peak:0.00M | Scene, ViewLayer | Synchronizing object | Shoulder anchor.002
Fra:0 Mem:42.30M (Peak 42.30M) | Time:00:00.00 | Mem:0.00M, Peak:0.00M | Scene, ViewLayer | Synchronizing object | Shoulder anchor.003
Fra:0 Mem:42.30M (Peak 42.30M) | Time:00:00.00 | Mem:0.00M, Peak:0.00M | Scene, ViewLayer | Synchronizing object | Side closing strap
Fra:0 Mem:42.30M (Peak 42.30M) | Time:00:00.00 | Mem:0.00M, Peak:0.00M | Scene, ViewLayer | Synchronizing object | Buckle tongue
Fra:0 Mem:42.32M (Peak 42.32M) | Time:00:00.00 | Mem:0.00M, Peak:0.00M | Scene, ViewLayer | Synchronizing object | Side closing strap.001
Fra:0 Mem:42.33M (Peak 42.33M) | Time:00:00.00 | Mem:0.00M, Peak:0.00M | Scene, ViewLayer | Synchronizing object | Hand forged side buckle.001
Fra:0 Mem:42.33M (Peak 42.33M) | Time:00:00.00 | Mem:0.00M, Peak:0.00M | Scene, ViewLayer | Synchronizing object | Right shoulder strap
Fra:0 Mem:42.36M (Peak 42.36M) | Time:00:00.00 | Mem:0.00M, Peak:0.00M | Scene, ViewLayer | Synchronizing object | Shoulder anchor.004
Fra:0 Mem:42.37M (Peak 42.37M) | Time:00:00.00 | Mem:0.00M, Peak:0.00M | Scene, ViewLayer | Synchronizing object | Shoulder anchor.005
Fra:0 Mem:42.38M (Peak 42.38M) | Time:00:00.00 | Mem:0.00M, Peak:0.00M | Scene, ViewLayer | Synchronizing object | Shoulder anchor.007
Fra:0 Mem:42.38M (Peak 42.38M) | Time:00:00.00 | Mem:0.00M, Peak:0.00M | Scene, ViewLayer | Synchronizing object | Side closing strap.002
Fra:0 Mem:42.38M (Peak 42.38M) | Time:00:00.00 | Mem:0.00M, Peak:0.00M | Scene, ViewLayer | Synchronizing object | Hand forged side buckle.002
Fra:0 Mem:42.38M (Peak 42.38M) | Time:00:00.00 | Mem:0.00M, Peak:0.00M | Scene, ViewLayer | Synchronizing object | Buckle tongue.002
Fra:0 Mem:42.39M (Peak 42.39M) | Time:00:00.00 | Mem:0.00M, Peak:0.00M | Scene, ViewLayer | Synchronizing object | Side closing strap.003
Fra:0 Mem:42.40M (Peak 42.40M) | Time:00:00.00 | Mem:0.00M, Peak:0.00M | Scene, ViewLayer | Synchronizing object | Hand forged side buckle.003
Fra:0 Mem:42.41M (Peak 42.41M) | Time:00:00.00 | Mem:0.00M, Peak:0.00M | Scene, ViewLayer | Synchronizing object | Buckle tongue.003
Fra:0 Mem:42.41M (Peak 42.41M) | Time:00:00.00 | Mem:0.00M, Peak:0.00M | Scene, ViewLayer | Synchronizing object | Chest binding rivet.001
Fra:0 Mem:42.42M (Peak 42.42M) | Time:00:00.00 | Mem:0.00M, Peak:0.00M | Scene, ViewLayer | Synchronizing object | Chest binding rivet.002
Fra:0 Mem:42.42M (Peak 42.42M) | Time:00:00.00 | Mem:0.00M, Peak:0.00M | Scene, ViewLayer | Synchronizing object | Fill
Fra:0 Mem:42.42M (Peak 42.42M) | Time:00:00.00 | Mem:0.00M, Peak:0.00M | Scene, ViewLayer | Synchronizing object | Key
Fra:0 Mem:42.42M (Peak 42.42M) | Time:00:00.00 | Mem:0.00M, Peak:0.00M | Scene, ViewLayer | Synchronizing object | Patch stitch.009
Fra:0 Mem:42.42M (Peak 42.42M) | Time:00:00.00 | Mem:0.00M, Peak:0.00M | Scene, ViewLayer | Synchronizing object | Patch stitch.008
Fra:0 Mem:42.42M (Peak 42.42M) | Time:00:00.00 | Mem:0.00M, Peak:0.00M | Scene, ViewLayer | Synchronizing object | Chest binding rivet.005
Fra:0 Mem:42.42M (Peak 42.42M) | Time:00:00.00 | Mem:0.00M, Peak:0.00M | Scene, ViewLayer | Synchronizing object | Hand cut repair patch
Fra:0 Mem:42.42M (Peak 42.42M) | Time:00:00.00 | Mem:0.00M, Peak:0.00M | Scene, ViewLayer | Synchronizing object | Patch stitch
Fra:0 Mem:42.42M (Peak 42.42M) | Time:00:00.00 | Mem:0.00M, Peak:0.00M | Scene, ViewLayer | Synchronizing object | Patch stitch.001
Fra:0 Mem:42.43M (Peak 42.43M) | Time:00:00.00 | Mem:0.00M, Peak:0.00M | Scene, ViewLayer | Synchronizing object | Patch stitch.006
Fra:0 Mem:42.43M (Peak 42.43M) | Time:00:00.00 | Mem:0.00M, Peak:0.00M | Scene, ViewLayer | Synchronizing object | Patch stitch.003
Fra:0 Mem:42.43M (Peak 42.43M) | Time:00:00.00 | Mem:0.00M, Peak:0.00M | Scene, ViewLayer | Synchronizing object | Patch stitch.005
Fra:0 Mem:42.43M (Peak 42.43M) | Time:00:00.00 | Mem:0.00M, Peak:0.00M | Scene, ViewLayer | Initializing
Fra:0 Mem:40.21M (Peak 42.43M) | Time:00:00.00 | Mem:0.00M, Peak:0.00M | Scene, ViewLayer | Waiting for render to start
Fra:0 Mem:40.21M (Peak 42.43M) | Time:00:00.00 | Mem:0.00M, Peak:0.00M | Scene, ViewLayer | Updating Scene
Fra:0 Mem:40.21M (Peak 42.43M) | Time:00:00.00 | Mem:0.00M, Peak:0.00M | Scene, ViewLayer | Updating Shaders
Fra:0 Mem:40.21M (Peak 42.43M) | Time:00:00.00 | Mem:0.00M, Peak:0.00M | Scene, ViewLayer | Loading render kernels (may take a few minutes the first time)
Fra:0 Mem:40.32M (Peak 42.43M) | Time:00:00.00 | Mem:0.03M, Peak:0.03M | Scene, ViewLayer | Updating Procedurals
Fra:0 Mem:40.32M (Peak 42.43M) | Time:00:00.00 | Mem:0.03M, Peak:0.03M | Scene, ViewLayer | Updating Background
Fra:0 Mem:40.32M (Peak 42.43M) | Time:00:00.00 | Mem:0.03M, Peak:0.03M | Scene, ViewLayer | Updating Camera
Fra:0 Mem:40.32M (Peak 42.43M) | Time:00:00.00 | Mem:0.03M, Peak:0.03M | Scene, ViewLayer | Updating Meshes Flags
Fra:0 Mem:40.32M (Peak 42.43M) | Time:00:00.00 | Mem:0.03M, Peak:0.03M | Scene, ViewLayer | Updating Objects
Fra:0 Mem:40.32M (Peak 42.43M) | Time:00:00.00 | Mem:0.03M, Peak:0.03M | Scene, ViewLayer | Updating Objects | Copying Transformations to device
Fra:0 Mem:40.33M (Peak 42.43M) | Time:00:00.00 | Mem:0.04M, Peak:0.04M | Scene, ViewLayer | Updating Particle Systems
Fra:0 Mem:40.33M (Peak 42.43M) | Time:00:00.00 | Mem:0.04M, Peak:0.04M | Scene, ViewLayer | Updating Particle Systems | Copying Particles to device
Fra:0 Mem:40.33M (Peak 42.43M) | Time:00:00.00 | Mem:0.04M, Peak:0.04M | Scene, ViewLayer | Updating Meshes
Fra:0 Mem:40.33M (Peak 42.43M) | Time:00:00.00 | Mem:0.04M, Peak:0.04M | Scene, ViewLayer | Updating Objects | Applying Static Transformations
Fra:0 Mem:40.33M (Peak 42.43M) | Time:00:00.00 | Mem:0.04M, Peak:0.04M | Scene, ViewLayer | Updating Mesh | Computing attributes
Fra:0 Mem:40.41M (Peak 42.43M) | Time:00:00.00 | Mem:0.04M, Peak:0.04M | Scene, ViewLayer | Updating Mesh | Copying Attributes to device
Fra:0 Mem:40.41M (Peak 42.43M) | Time:00:00.00 | Mem:0.11M, Peak:0.11M | Scene, ViewLayer | Updating Scene BVH | Building
Fra:0 Mem:40.41M (Peak 42.43M) | Time:00:00.00 | Mem:0.11M, Peak:0.11M | Scene, ViewLayer | Updating Scene BVH | Building BVH
Fra:0 Mem:40.41M (Peak 42.43M) | Time:00:00.00 | Mem:0.47M, Peak:0.47M | Scene, ViewLayer | Updating Scene BVH | Building BVH 0%
Fra:0 Mem:40.41M (Peak 42.43M) | Time:00:00.00 | Mem:0.83M, Peak:1.19M | Scene, ViewLayer | Updating Scene BVH | Copying BVH to device
Fra:0 Mem:40.41M (Peak 42.43M) | Time:00:00.00 | Mem:0.83M, Peak:1.19M | Scene, ViewLayer | Updating Mesh | Computing normals
Fra:0 Mem:40.73M (Peak 42.43M) | Time:00:00.00 | Mem:0.83M, Peak:1.19M | Scene, ViewLayer | Updating Mesh | Copying Mesh to device
Fra:0 Mem:40.73M (Peak 42.43M) | Time:00:00.00 | Mem:1.15M, Peak:1.19M | Scene, ViewLayer | Updating Objects Flags
Fra:0 Mem:40.73M (Peak 42.43M) | Time:00:00.00 | Mem:1.15M, Peak:1.19M | Scene, ViewLayer | Updating Primitive Offsets
Fra:0 Mem:40.73M (Peak 42.43M) | Time:00:00.00 | Mem:1.15M, Peak:1.19M | Scene, ViewLayer | Updating Images
Fra:0 Mem:40.73M (Peak 42.43M) | Time:00:00.00 | Mem:1.15M, Peak:1.19M | Scene, ViewLayer | Updating Camera Volume
Fra:0 Mem:40.73M (Peak 42.43M) | Time:00:00.00 | Mem:1.15M, Peak:1.19M | Scene, ViewLayer | Updating Lookup Tables
Fra:0 Mem:40.73M (Peak 42.43M) | Time:00:00.00 | Mem:1.23M, Peak:1.23M | Scene, ViewLayer | Updating Lights
Fra:0 Mem:40.73M (Peak 42.43M) | Time:00:00.00 | Mem:1.23M, Peak:1.23M | Scene, ViewLayer | Updating Lights | Computing tree
Fra:0 Mem:40.73M (Peak 42.43M) | Time:00:00.00 | Mem:1.23M, Peak:1.23M | Scene, ViewLayer | Updating Integrator
Fra:0 Mem:41.73M (Peak 42.43M) | Time:00:00.00 | Mem:2.23M, Peak:2.23M | Scene, ViewLayer | Updating Film
Fra:0 Mem:41.74M (Peak 42.43M) | Time:00:00.00 | Mem:2.15M, Peak:2.23M | Scene, ViewLayer | Updating Lookup Tables
Fra:0 Mem:41.74M (Peak 42.43M) | Time:00:00.00 | Mem:2.24M, Peak:2.24M | Scene, ViewLayer | Updating Baking
Fra:0 Mem:41.74M (Peak 42.43M) | Time:00:00.00 | Mem:2.24M, Peak:2.24M | Scene, ViewLayer | Updating Device | Writing constant memory
Fra:0 Mem:41.74M (Peak 42.43M) | Time:00:00.00 | Mem:2.24M, Peak:2.24M | Scene, ViewLayer | Loading denoising kernels (may take a few minutes the first time)
Fra:0 Mem:41.74M (Peak 42.43M) | Time:00:00.00 | Mem:2.24M, Peak:2.24M | Scene, ViewLayer | Sample 0/32
Fra:0 Mem:100.49M (Peak 100.49M) | Time:00:00.26 | Remaining:00:07.78 | Mem:60.95M, Peak:60.95M | Scene, ViewLayer | Sample 1/32
Fra:0 Mem:125.21M (Peak 162.29M) | Time:00:11.30 | Mem:60.95M, Peak:60.95M | Scene, ViewLayer | Sample 32/32
Fra:0 Mem:125.21M (Peak 162.29M) | Time:00:11.30 | Mem:60.95M, Peak:60.95M | Scene, ViewLayer | Finished
Saved: 'C:\Users\SsAnd\AppData\Roaming\Jagged Alliance 3\Mods\jazz\tmp\leather-armor-v1\back.png'
Time: 00:11.38 (Saving: 00:00.07)

Fra:0 Mem:41.94M (Peak 41.94M) | Time:00:00.00 | Mem:0.00M, Peak:0.00M | Scene, ViewLayer | Synchronizing object | Rounded chest hide
Fra:0 Mem:41.94M (Peak 41.94M) | Time:00:00.00 | Mem:0.00M, Peak:0.00M | Scene, ViewLayer | Synchronizing object | Rounded chest hide saddle stitch
Fra:0 Mem:42.05M (Peak 42.05M) | Time:00:00.00 | Mem:0.00M, Peak:0.00M | Scene, ViewLayer | Synchronizing object | Back leather pad
Fra:0 Mem:42.06M (Peak 42.06M) | Time:00:00.00 | Mem:0.00M, Peak:0.00M | Scene, ViewLayer | Synchronizing object | Back leather pad saddle stitch
Fra:0 Mem:42.12M (Peak 42.12M) | Time:00:00.00 | Mem:0.00M, Peak:0.00M | Scene, ViewLayer | Synchronizing object | Plate envelope
Fra:0 Mem:42.18M (Peak 42.18M) | Time:00:00.00 | Mem:0.00M, Peak:0.00M | Scene, ViewLayer | Synchronizing object | Plate envelope rolled hide edge
Fra:0 Mem:42.21M (Peak 42.21M) | Time:00:00.00 | Mem:0.00M, Peak:0.00M | Scene, ViewLayer | Synchronizing object | Plate envelope saddle stitch
Fra:0 Mem:42.25M (Peak 42.25M) | Time:00:00.00 | Mem:0.00M, Peak:0.00M | Scene, ViewLayer | Synchronizing object | Plate pocket closure flap
Fra:0 Mem:42.26M (Peak 42.26M) | Time:00:00.00 | Mem:0.00M, Peak:0.00M | Scene, ViewLayer | Synchronizing object | Shoulder anchor
Fra:0 Mem:42.26M (Peak 42.26M) | Time:00:00.00 | Mem:0.00M, Peak:0.00M | Scene, ViewLayer | Synchronizing object | Shoulder anchor.001
Fra:0 Mem:42.30M (Peak 42.30M) | Time:00:00.00 | Mem:0.00M, Peak:0.00M | Scene, ViewLayer | Synchronizing object | Shoulder anchor.002
Fra:0 Mem:42.30M (Peak 42.30M) | Time:00:00.00 | Mem:0.00M, Peak:0.00M | Scene, ViewLayer | Synchronizing object | Shoulder anchor.003
Fra:0 Mem:42.30M (Peak 42.30M) | Time:00:00.00 | Mem:0.00M, Peak:0.00M | Scene, ViewLayer | Synchronizing object | Hand forged side buckle
Fra:0 Mem:42.30M (Peak 42.30M) | Time:00:00.00 | Mem:0.00M, Peak:0.00M | Scene, ViewLayer | Synchronizing object | Buckle tongue
Fra:0 Mem:42.32M (Peak 42.32M) | Time:00:00.00 | Mem:0.00M, Peak:0.00M | Scene, ViewLayer | Synchronizing object | Hand forged side buckle.001
Fra:0 Mem:42.32M (Peak 42.32M) | Time:00:00.00 | Mem:0.00M, Peak:0.00M | Scene, ViewLayer | Synchronizing object | Buckle tongue.001
Fra:0 Mem:42.32M (Peak 42.32M) | Time:00:00.00 | Mem:0.00M, Peak:0.00M | Scene, ViewLayer | Synchronizing object | Right shoulder strap
Fra:0 Mem:42.35M (Peak 42.35M) | Time:00:00.00 | Mem:0.00M, Peak:0.00M | Scene, ViewLayer | Synchronizing object | Shoulder anchor.004
Fra:0 Mem:42.36M (Peak 42.36M) | Time:00:00.00 | Mem:0.00M, Peak:0.00M | Scene, ViewLayer | Synchronizing object | Shoulder anchor.005
Fra:0 Mem:42.38M (Peak 42.38M) | Time:00:00.00 | Mem:0.00M, Peak:0.00M | Scene, ViewLayer | Synchronizing object | Shoulder anchor.006
Fra:0 Mem:42.38M (Peak 42.38M) | Time:00:00.00 | Mem:0.00M, Peak:0.00M | Scene, ViewLayer | Synchronizing object | Shoulder anchor.007
Fra:0 Mem:42.38M (Peak 42.38M) | Time:00:00.00 | Mem:0.00M, Peak:0.00M | Scene, ViewLayer | Synchronizing object | Hand forged side buckle.002
Fra:0 Mem:42.38M (Peak 42.38M) | Time:00:00.00 | Mem:0.00M, Peak:0.00M | Scene, ViewLayer | Synchronizing object | Buckle tongue.002
Fra:0 Mem:42.38M (Peak 42.38M) | Time:00:00.00 | Mem:0.00M, Peak:0.00M | Scene, ViewLayer | Synchronizing object | Fill
Fra:0 Mem:42.41M (Peak 42.41M) | Time:00:00.00 | Mem:0.00M, Peak:0.00M | Scene, ViewLayer | Synchronizing object | Hand forged side buckle.003
Fra:0 Mem:42.41M (Peak 42.41M) | Time:00:00.00 | Mem:0.00M, Peak:0.00M | Scene, ViewLayer | Synchronizing object | Buckle tongue.003
Fra:0 Mem:42.41M (Peak 42.41M) | Time:00:00.00 | Mem:0.00M, Peak:0.00M | Scene, ViewLayer | Synchronizing object | Chest binding rivet.001
Fra:0 Mem:42.42M (Peak 42.42M) | Time:00:00.00 | Mem:0.00M, Peak:0.00M | Scene, ViewLayer | Synchronizing object | Chest binding rivet.002
Fra:0 Mem:42.42M (Peak 42.42M) | Time:00:00.00 | Mem:0.00M, Peak:0.00M | Scene, ViewLayer | Synchronizing object | Chest binding rivet.003
Fra:0 Mem:42.42M (Peak 42.42M) | Time:00:00.00 | Mem:0.00M, Peak:0.00M | Scene, ViewLayer | Synchronizing object | Key
Fra:0 Mem:42.42M (Peak 42.42M) | Time:00:00.00 | Mem:0.00M, Peak:0.00M | Scene, ViewLayer | Synchronizing object | Chest binding rivet.005
Fra:0 Mem:42.42M (Peak 42.42M) | Time:00:00.00 | Mem:0.00M, Peak:0.00M | Scene, ViewLayer | Synchronizing object | Hand cut repair patch
Fra:0 Mem:42.42M (Peak 42.42M) | Time:00:00.00 | Mem:0.00M, Peak:0.00M | Scene, ViewLayer | Synchronizing object | Patch stitch.009
Fra:0 Mem:42.42M (Peak 42.42M) | Time:00:00.00 | Mem:0.00M, Peak:0.00M | Scene, ViewLayer | Synchronizing object | Patch stitch.001
Fra:0 Mem:42.42M (Peak 42.42M) | Time:00:00.00 | Mem:0.00M, Peak:0.00M | Scene, ViewLayer | Synchronizing object | Patch stitch.002
Fra:0 Mem:42.43M (Peak 42.43M) | Time:00:00.00 | Mem:0.00M, Peak:0.00M | Scene, ViewLayer | Synchronizing object | Patch stitch.008
Fra:0 Mem:42.43M (Peak 42.43M) | Time:00:00.00 | Mem:0.00M, Peak:0.00M | Scene, ViewLayer | Synchronizing object | Patch stitch.004
Fra:0 Mem:42.43M (Peak 42.43M) | Time:00:00.00 | Mem:0.00M, Peak:0.00M | Scene, ViewLayer | Synchronizing object | Patch stitch.005
Fra:0 Mem:42.43M (Peak 42.43M) | Time:00:00.00 | Mem:0.00M, Peak:0.00M | Scene, ViewLayer | Synchronizing object | Patch stitch.006
Fra:0 Mem:42.43M (Peak 42.43M) | Time:00:00.00 | Mem:0.00M, Peak:0.00M | Scene, ViewLayer | Synchronizing object | Patch stitch.007
Fra:0 Mem:42.43M (Peak 42.43M) | Time:00:00.00 | Mem:0.00M, Peak:0.00M | Scene, ViewLayer | Initializing
Fra:0 Mem:40.21M (Peak 42.43M) | Time:00:00.00 | Mem:0.00M, Peak:0.00M | Scene, ViewLayer | Waiting for render to start
Fra:0 Mem:40.21M (Peak 42.43M) | Time:00:00.00 | Mem:0.00M, Peak:0.00M | Scene, ViewLayer | Updating Scene
Fra:0 Mem:40.21M (Peak 42.43M) | Time:00:00.00 | Mem:0.00M, Peak:0.00M | Scene, ViewLayer | Updating Shaders
Fra:0 Mem:40.21M (Peak 42.43M) | Time:00:00.00 | Mem:0.00M, Peak:0.00M | Scene, ViewLayer | Loading render kernels (may take a few minutes the first time)
Fra:0 Mem:40.32M (Peak 42.43M) | Time:00:00.00 | Mem:0.03M, Peak:0.03M | Scene, ViewLayer | Updating Procedurals
Fra:0 Mem:40.32M (Peak 42.43M) | Time:00:00.00 | Mem:0.03M, Peak:0.03M | Scene, ViewLayer | Updating Background
Fra:0 Mem:40.32M (Peak 42.43M) | Time:00:00.00 | Mem:0.03M, Peak:0.03M | Scene, ViewLayer | Updating Camera
Fra:0 Mem:40.32M (Peak 42.43M) | Time:00:00.00 | Mem:0.03M, Peak:0.03M | Scene, ViewLayer | Updating Meshes Flags
Fra:0 Mem:40.32M (Peak 42.43M) | Time:00:00.00 | Mem:0.03M, Peak:0.03M | Scene, ViewLayer | Updating Objects
Fra:0 Mem:40.32M (Peak 42.43M) | Time:00:00.00 | Mem:0.03M, Peak:0.03M | Scene, ViewLayer | Updating Objects | Copying Transformations to device
Fra:0 Mem:40.33M (Peak 42.43M) | Time:00:00.00 | Mem:0.04M, Peak:0.04M | Scene, ViewLayer | Updating Particle Systems
Fra:0 Mem:40.33M (Peak 42.43M) | Time:00:00.00 | Mem:0.04M, Peak:0.04M | Scene, ViewLayer | Updating Particle Systems | Copying Particles to device
Fra:0 Mem:40.33M (Peak 42.43M) | Time:00:00.00 | Mem:0.04M, Peak:0.04M | Scene, ViewLayer | Updating Meshes
Fra:0 Mem:40.33M (Peak 42.43M) | Time:00:00.00 | Mem:0.04M, Peak:0.04M | Scene, ViewLayer | Updating Objects | Applying Static Transformations
Fra:0 Mem:40.33M (Peak 42.43M) | Time:00:00.00 | Mem:0.04M, Peak:0.04M | Scene, ViewLayer | Updating Mesh | Computing attributes
Fra:0 Mem:40.41M (Peak 42.43M) | Time:00:00.00 | Mem:0.04M, Peak:0.04M | Scene, ViewLayer | Updating Mesh | Copying Attributes to device
Fra:0 Mem:40.41M (Peak 42.43M) | Time:00:00.00 | Mem:0.11M, Peak:0.11M | Scene, ViewLayer | Updating Scene BVH | Building
Fra:0 Mem:40.41M (Peak 42.43M) | Time:00:00.00 | Mem:0.11M, Peak:0.11M | Scene, ViewLayer | Updating Scene BVH | Building BVH
Fra:0 Mem:40.41M (Peak 42.43M) | Time:00:00.00 | Mem:0.47M, Peak:0.47M | Scene, ViewLayer | Updating Scene BVH | Building BVH 0%
Fra:0 Mem:40.41M (Peak 42.43M) | Time:00:00.00 | Mem:0.83M, Peak:1.19M | Scene, ViewLayer | Updating Scene BVH | Copying BVH to device
Fra:0 Mem:40.41M (Peak 42.43M) | Time:00:00.00 | Mem:0.83M, Peak:1.19M | Scene, ViewLayer | Updating Mesh | Computing normals
Fra:0 Mem:40.73M (Peak 42.43M) | Time:00:00.00 | Mem:0.83M, Peak:1.19M | Scene, ViewLayer | Updating Mesh | Copying Mesh to device
Fra:0 Mem:40.73M (Peak 42.43M) | Time:00:00.00 | Mem:1.15M, Peak:1.19M | Scene, ViewLayer | Updating Objects Flags
Fra:0 Mem:40.73M (Peak 42.43M) | Time:00:00.00 | Mem:1.15M, Peak:1.19M | Scene, ViewLayer | Updating Primitive Offsets
Fra:0 Mem:40.73M (Peak 42.43M) | Time:00:00.00 | Mem:1.15M, Peak:1.19M | Scene, ViewLayer | Updating Images
Fra:0 Mem:40.73M (Peak 42.43M) | Time:00:00.00 | Mem:1.15M, Peak:1.19M | Scene, ViewLayer | Updating Camera Volume
Fra:0 Mem:40.73M (Peak 42.43M) | Time:00:00.00 | Mem:1.15M, Peak:1.19M | Scene, ViewLayer | Updating Lookup Tables
Fra:0 Mem:40.73M (Peak 42.43M) | Time:00:00.00 | Mem:1.23M, Peak:1.23M | Scene, ViewLayer | Updating Lights
Fra:0 Mem:40.73M (Peak 42.43M) | Time:00:00.00 | Mem:1.23M, Peak:1.23M | Scene, ViewLayer | Updating Lights | Computing tree
Fra:0 Mem:40.73M (Peak 42.43M) | Time:00:00.00 | Mem:1.23M, Peak:1.23M | Scene, ViewLayer | Updating Integrator
Fra:0 Mem:41.73M (Peak 42.43M) | Time:00:00.00 | Mem:2.23M, Peak:2.23M | Scene, ViewLayer | Updating Film
Fra:0 Mem:41.74M (Peak 42.43M) | Time:00:00.00 | Mem:2.15M, Peak:2.23M | Scene, ViewLayer | Updating Lookup Tables
Fra:0 Mem:41.74M (Peak 42.43M) | Time:00:00.00 | Mem:2.24M, Peak:2.24M | Scene, ViewLayer | Updating Baking
Fra:0 Mem:41.74M (Peak 42.43M) | Time:00:00.00 | Mem:2.24M, Peak:2.24M | Scene, ViewLayer | Updating Device | Writing constant memory
Fra:0 Mem:41.74M (Peak 42.43M) | Time:00:00.00 | Mem:2.24M, Peak:2.24M | Scene, ViewLayer | Loading denoising kernels (may take a few minutes the first time)
Fra:0 Mem:41.74M (Peak 42.43M) | Time:00:00.00 | Mem:2.24M, Peak:2.24M | Scene, ViewLayer | Sample 0/32
Fra:0 Mem:100.49M (Peak 100.49M) | Time:00:00.13 | Remaining:00:04.01 | Mem:60.95M, Peak:60.95M | Scene, ViewLayer | Sample 1/32
Fra:0 Mem:125.21M (Peak 162.29M) | Time:00:08.29 | Mem:60.95M, Peak:60.95M | Scene, ViewLayer | Sample 32/32
Fra:0 Mem:125.21M (Peak 162.29M) | Time:00:08.29 | Mem:60.95M, Peak:60.95M | Scene, ViewLayer | Finished
Saved: 'C:\Users\SsAnd\AppData\Roaming\Jagged Alliance 3\Mods\jazz\tmp\leather-armor-v1\side.png'
Time: 00:08.36 (Saving: 00:00.06)

Fra:0 Mem:41.94M (Peak 41.94M) | Time:00:00.00 | Mem:0.00M, Peak:0.00M | Scene, ViewLayer | Synchronizing object | Rounded chest hide
Fra:0 Mem:41.94M (Peak 41.94M) | Time:00:00.00 | Mem:0.00M, Peak:0.00M | Scene, ViewLayer | Synchronizing object | Rounded chest hide saddle stitch
Fra:0 Mem:42.05M (Peak 42.05M) | Time:00:00.00 | Mem:0.00M, Peak:0.00M | Scene, ViewLayer | Synchronizing object | Back leather pad
Fra:0 Mem:42.06M (Peak 42.06M) | Time:00:00.00 | Mem:0.00M, Peak:0.00M | Scene, ViewLayer | Synchronizing object | Back leather pad saddle stitch
Fra:0 Mem:42.12M (Peak 42.12M) | Time:00:00.00 | Mem:0.00M, Peak:0.00M | Scene, ViewLayer | Synchronizing object | Plate envelope
Fra:0 Mem:42.20M (Peak 42.20M) | Time:00:00.00 | Mem:0.00M, Peak:0.00M | Scene, ViewLayer | Synchronizing object | Plate envelope saddle stitch
Fra:0 Mem:42.22M (Peak 42.22M) | Time:00:00.00 | Mem:0.00M, Peak:0.00M | Scene, ViewLayer | Synchronizing object | Plate pocket closure flap
Fra:0 Mem:42.23M (Peak 42.23M) | Time:00:00.00 | Mem:0.00M, Peak:0.00M | Scene, ViewLayer | Synchronizing object | Left shoulder strap
Fra:0 Mem:42.25M (Peak 42.25M) | Time:00:00.00 | Mem:0.00M, Peak:0.00M | Scene, ViewLayer | Synchronizing object | Shoulder anchor
Fra:0 Mem:42.26M (Peak 42.26M) | Time:00:00.00 | Mem:0.00M, Peak:0.00M | Scene, ViewLayer | Synchronizing object | Shoulder anchor.001
Fra:0 Mem:42.30M (Peak 42.30M) | Time:00:00.00 | Mem:0.00M, Peak:0.00M | Scene, ViewLayer | Synchronizing object | Shoulder anchor.002
Fra:0 Mem:42.30M (Peak 42.30M) | Time:00:00.00 | Mem:0.00M, Peak:0.00M | Scene, ViewLayer | Synchronizing object | Side closing strap
Fra:0 Mem:42.30M (Peak 42.30M) | Time:00:00.00 | Mem:0.00M, Peak:0.00M | Scene, ViewLayer | Synchronizing object | Hand forged side buckle
Fra:0 Mem:42.30M (Peak 42.30M) | Time:00:00.00 | Mem:0.00M, Peak:0.00M | Scene, ViewLayer | Synchronizing object | Buckle tongue
Fra:0 Mem:42.32M (Peak 42.32M) | Time:00:00.00 | Mem:0.00M, Peak:0.00M | Scene, ViewLayer | Synchronizing object | Side closing strap.001
Fra:0 Mem:42.33M (Peak 42.33M) | Time:00:00.00 | Mem:0.00M, Peak:0.00M | Scene, ViewLayer | Synchronizing object | Hand forged side buckle.001
Fra:0 Mem:42.34M (Peak 42.34M) | Time:00:00.00 | Mem:0.00M, Peak:0.00M | Scene, ViewLayer | Synchronizing object | Right shoulder strap
Fra:0 Mem:42.37M (Peak 42.37M) | Time:00:00.00 | Mem:0.00M, Peak:0.00M | Scene, ViewLayer | Synchronizing object | Shoulder anchor.004
Fra:0 Mem:42.38M (Peak 42.38M) | Time:00:00.00 | Mem:0.00M, Peak:0.00M | Scene, ViewLayer | Synchronizing object | Fill
Fra:0 Mem:42.38M (Peak 42.38M) | Time:00:00.00 | Mem:0.00M, Peak:0.00M | Scene, ViewLayer | Synchronizing object | Shoulder anchor.007
Fra:0 Mem:42.38M (Peak 42.38M) | Time:00:00.00 | Mem:0.00M, Peak:0.00M | Scene, ViewLayer | Synchronizing object | Key
Fra:0 Mem:42.38M (Peak 42.38M) | Time:00:00.00 | Mem:0.00M, Peak:0.00M | Scene, ViewLayer | Synchronizing object | Side closing strap.002
Fra:0 Mem:42.39M (Peak 42.39M) | Time:00:00.00 | Mem:0.00M, Peak:0.00M | Scene, ViewLayer | Synchronizing object | Hand forged side buckle.002
Fra:0 Mem:42.40M (Peak 42.40M) | Time:00:00.00 | Mem:0.00M, Peak:0.00M | Scene, ViewLayer | Synchronizing object | Buckle tongue.002
Fra:0 Mem:42.40M (Peak 42.40M) | Time:00:00.00 | Mem:0.00M, Peak:0.00M | Scene, ViewLayer | Synchronizing object | Hand forged side buckle.003
Fra:0 Mem:42.40M (Peak 42.40M) | Time:00:00.00 | Mem:0.00M, Peak:0.00M | Scene, ViewLayer | Synchronizing object | Chest binding rivet
Fra:0 Mem:42.40M (Peak 42.40M) | Time:00:00.00 | Mem:0.00M, Peak:0.00M | Scene, ViewLayer | Synchronizing object | Patch stitch.009
Fra:0 Mem:42.40M (Peak 42.40M) | Time:00:00.00 | Mem:0.00M, Peak:0.00M | Scene, ViewLayer | Synchronizing object | Chest binding rivet.001
Fra:0 Mem:42.40M (Peak 42.40M) | Time:00:00.00 | Mem:0.00M, Peak:0.00M | Scene, ViewLayer | Synchronizing object | Chest binding rivet.002
Fra:0 Mem:42.42M (Peak 42.42M) | Time:00:00.00 | Mem:0.00M, Peak:0.00M | Scene, ViewLayer | Synchronizing object | Chest binding rivet.003
Fra:0 Mem:42.42M (Peak 42.42M) | Time:00:00.00 | Mem:0.00M, Peak:0.00M | Scene, ViewLayer | Synchronizing object | Patch stitch.008
Fra:0 Mem:42.42M (Peak 42.42M) | Time:00:00.00 | Mem:0.00M, Peak:0.00M | Scene, ViewLayer | Synchronizing object | Chest binding rivet.004
Fra:0 Mem:42.42M (Peak 42.42M) | Time:00:00.00 | Mem:0.00M, Peak:0.00M | Scene, ViewLayer | Synchronizing object | Chest binding rivet.005
Fra:0 Mem:42.42M (Peak 42.42M) | Time:00:00.00 | Mem:0.00M, Peak:0.00M | Scene, ViewLayer | Synchronizing object | Patch stitch.007
Fra:0 Mem:42.42M (Peak 42.42M) | Time:00:00.00 | Mem:0.00M, Peak:0.00M | Scene, ViewLayer | Synchronizing object | Patch stitch
Fra:0 Mem:42.42M (Peak 42.42M) | Time:00:00.00 | Mem:0.00M, Peak:0.00M | Scene, ViewLayer | Synchronizing object | Patch stitch.006
Fra:0 Mem:42.43M (Peak 42.43M) | Time:00:00.00 | Mem:0.00M, Peak:0.00M | Scene, ViewLayer | Synchronizing object | Patch stitch.001
Fra:0 Mem:42.43M (Peak 42.43M) | Time:00:00.00 | Mem:0.00M, Peak:0.00M | Scene, ViewLayer | Synchronizing object | Patch stitch.003
Fra:0 Mem:42.43M (Peak 42.43M) | Time:00:00.00 | Mem:0.00M, Peak:0.00M | Scene, ViewLayer | Synchronizing object | Patch stitch.005
Fra:0 Mem:42.43M (Peak 42.43M) | Time:00:00.00 | Mem:0.00M, Peak:0.00M | Scene, ViewLayer | Synchronizing object | Patch stitch.004
Fra:0 Mem:42.43M (Peak 42.43M) | Time:00:00.00 | Mem:0.00M, Peak:0.00M | Scene, ViewLayer | Initializing
Fra:0 Mem:40.21M (Peak 42.43M) | Time:00:00.00 | Mem:0.00M, Peak:0.00M | Scene, ViewLayer | Waiting for render to start
Fra:0 Mem:40.21M (Peak 42.43M) | Time:00:00.00 | Mem:0.00M, Peak:0.00M | Scene, ViewLayer | Updating Scene
Fra:0 Mem:40.21M (Peak 42.43M) | Time:00:00.00 | Mem:0.00M, Peak:0.00M | Scene, ViewLayer | Updating Shaders
Fra:0 Mem:40.21M (Peak 42.43M) | Time:00:00.00 | Mem:0.00M, Peak:0.00M | Scene, ViewLayer | Loading render kernels (may take a few minutes the first time)
Fra:0 Mem:40.32M (Peak 42.43M) | Time:00:00.00 | Mem:0.03M, Peak:0.03M | Scene, ViewLayer | Updating Procedurals
Fra:0 Mem:40.32M (Peak 42.43M) | Time:00:00.00 | Mem:0.03M, Peak:0.03M | Scene, ViewLayer | Updating Background
Fra:0 Mem:40.32M (Peak 42.43M) | Time:00:00.00 | Mem:0.03M, Peak:0.03M | Scene, ViewLayer | Updating Camera
Fra:0 Mem:40.32M (Peak 42.43M) | Time:00:00.00 | Mem:0.03M, Peak:0.03M | Scene, ViewLayer | Updating Meshes Flags
Fra:0 Mem:40.32M (Peak 42.43M) | Time:00:00.00 | Mem:0.03M, Peak:0.03M | Scene, ViewLayer | Updating Objects
Fra:0 Mem:40.32M (Peak 42.43M) | Time:00:00.00 | Mem:0.03M, Peak:0.03M | Scene, ViewLayer | Updating Objects | Copying Transformations to device
Fra:0 Mem:40.33M (Peak 42.43M) | Time:00:00.00 | Mem:0.04M, Peak:0.04M | Scene, ViewLayer | Updating Particle Systems
Fra:0 Mem:40.33M (Peak 42.43M) | Time:00:00.00 | Mem:0.04M, Peak:0.04M | Scene, ViewLayer | Updating Particle Systems | Copying Particles to device
Fra:0 Mem:40.33M (Peak 42.43M) | Time:00:00.00 | Mem:0.04M, Peak:0.04M | Scene, ViewLayer | Updating Meshes
Fra:0 Mem:40.33M (Peak 42.43M) | Time:00:00.00 | Mem:0.04M, Peak:0.04M | Scene, ViewLayer | Updating Objects | Applying Static Transformations
Fra:0 Mem:40.33M (Peak 42.43M) | Time:00:00.00 | Mem:0.04M, Peak:0.04M | Scene, ViewLayer | Updating Mesh | Computing attributes
Fra:0 Mem:40.41M (Peak 42.43M) | Time:00:00.00 | Mem:0.04M, Peak:0.04M | Scene, ViewLayer | Updating Mesh | Copying Attributes to device
Fra:0 Mem:40.41M (Peak 42.43M) | Time:00:00.00 | Mem:0.11M, Peak:0.11M | Scene, ViewLayer | Updating Scene BVH | Building
Fra:0 Mem:40.41M (Peak 42.43M) | Time:00:00.00 | Mem:0.11M, Peak:0.11M | Scene, ViewLayer | Updating Scene BVH | Building BVH
Fra:0 Mem:40.41M (Peak 42.43M) | Time:00:00.00 | Mem:0.47M, Peak:0.47M | Scene, ViewLayer | Updating Scene BVH | Building BVH 0%
Fra:0 Mem:40.41M (Peak 42.43M) | Time:00:00.00 | Mem:0.83M, Peak:1.19M | Scene, ViewLayer | Updating Scene BVH | Copying BVH to device
Fra:0 Mem:40.41M (Peak 42.43M) | Time:00:00.00 | Mem:0.83M, Peak:1.19M | Scene, ViewLayer | Updating Mesh | Computing normals
Fra:0 Mem:40.73M (Peak 42.43M) | Time:00:00.00 | Mem:0.83M, Peak:1.19M | Scene, ViewLayer | Updating Mesh | Copying Mesh to device
Fra:0 Mem:40.73M (Peak 42.43M) | Time:00:00.00 | Mem:1.15M, Peak:1.19M | Scene, ViewLayer | Updating Objects Flags
Fra:0 Mem:40.73M (Peak 42.43M) | Time:00:00.00 | Mem:1.15M, Peak:1.19M | Scene, ViewLayer | Updating Primitive Offsets
Fra:0 Mem:40.73M (Peak 42.43M) | Time:00:00.00 | Mem:1.15M, Peak:1.19M | Scene, ViewLayer | Updating Images
Fra:0 Mem:40.73M (Peak 42.43M) | Time:00:00.00 | Mem:1.15M, Peak:1.19M | Scene, ViewLayer | Updating Camera Volume
Fra:0 Mem:40.73M (Peak 42.43M) | Time:00:00.00 | Mem:1.15M, Peak:1.19M | Scene, ViewLayer | Updating Lookup Tables
Fra:0 Mem:40.73M (Peak 42.43M) | Time:00:00.00 | Mem:1.23M, Peak:1.23M | Scene, ViewLayer | Updating Lights
Fra:0 Mem:40.73M (Peak 42.43M) | Time:00:00.00 | Mem:1.23M, Peak:1.23M | Scene, ViewLayer | Updating Lights | Computing tree
Fra:0 Mem:40.73M (Peak 42.43M) | Time:00:00.00 | Mem:1.23M, Peak:1.23M | Scene, ViewLayer | Updating Integrator
Fra:0 Mem:41.73M (Peak 42.43M) | Time:00:00.00 | Mem:2.23M, Peak:2.23M | Scene, ViewLayer | Updating Film
Fra:0 Mem:41.74M (Peak 42.43M) | Time:00:00.00 | Mem:2.15M, Peak:2.23M | Scene, ViewLayer | Updating Lookup Tables
Fra:0 Mem:41.74M (Peak 42.43M) | Time:00:00.00 | Mem:2.24M, Peak:2.24M | Scene, ViewLayer | Updating Baking
Fra:0 Mem:41.74M (Peak 42.43M) | Time:00:00.00 | Mem:2.24M, Peak:2.24M | Scene, ViewLayer | Updating Device | Writing constant memory
Fra:0 Mem:41.74M (Peak 42.43M) | Time:00:00.00 | Mem:2.24M, Peak:2.24M | Scene, ViewLayer | Loading denoising kernels (may take a few minutes the first time)
Fra:0 Mem:41.74M (Peak 42.43M) | Time:00:00.00 | Mem:2.24M, Peak:2.24M | Scene, ViewLayer | Sample 0/32
Fra:0 Mem:100.49M (Peak 100.49M) | Time:00:00.28 | Remaining:00:08.56 | Mem:60.95M, Peak:60.95M | Scene, ViewLayer | Sample 1/32
Fra:0 Mem:125.21M (Peak 162.29M) | Time:00:18.70 | Mem:60.95M, Peak:60.95M | Scene, ViewLayer | Sample 32/32
Fra:0 Mem:125.21M (Peak 162.29M) | Time:00:18.70 | Mem:60.95M, Peak:60.95M | Scene, ViewLayer | Finished
Saved: 'C:\Users\SsAnd\AppData\Roaming\Jagged Alliance 3\Mods\jazz\tmp\leather-armor-v1\oblique.png'
Time: 00:18.79 (Saving: 00:00.09)

Fra:0 Mem:42.03M (Peak 42.03M) | Time:00:00.02 | Mem:0.00M, Peak:0.00M | Scene, ViewLayer | Synchronizing object | QA reference shirt
Fra:0 Mem:42.26M (Peak 42.26M) | Time:00:00.02 | Mem:0.00M, Peak:0.00M | Scene, ViewLayer | Synchronizing object | Rounded chest hide
Fra:0 Mem:42.34M (Peak 42.34M) | Time:00:00.02 | Mem:0.00M, Peak:0.00M | Scene, ViewLayer | Synchronizing object | Rounded chest hide rolled hide edge
Fra:0 Mem:42.43M (Peak 42.43M) | Time:00:00.02 | Mem:0.00M, Peak:0.00M | Scene, ViewLayer | Synchronizing object | Rounded chest hide saddle stitch
Fra:0 Mem:42.44M (Peak 42.44M) | Time:00:00.02 | Mem:0.00M, Peak:0.00M | Scene, ViewLayer | Synchronizing object | Back leather pad
Fra:0 Mem:42.49M (Peak 42.49M) | Time:00:00.02 | Mem:0.00M, Peak:0.00M | Scene, ViewLayer | Synchronizing object | Back leather pad rolled hide edge
Fra:0 Mem:42.52M (Peak 42.52M) | Time:00:00.02 | Mem:0.00M, Peak:0.00M | Scene, ViewLayer | Synchronizing object | Back leather pad saddle stitch
Fra:0 Mem:42.52M (Peak 42.52M) | Time:00:00.02 | Mem:0.00M, Peak:0.00M | Scene, ViewLayer | Synchronizing object | Plate envelope
Fra:0 Mem:42.58M (Peak 42.58M) | Time:00:00.02 | Mem:0.00M, Peak:0.00M | Scene, ViewLayer | Synchronizing object | Plate envelope rolled hide edge
Fra:0 Mem:42.61M (Peak 42.61M) | Time:00:00.02 | Mem:0.00M, Peak:0.00M | Scene, ViewLayer | Synchronizing object | Plate envelope saddle stitch
Fra:0 Mem:42.62M (Peak 42.62M) | Time:00:00.02 | Mem:0.00M, Peak:0.00M | Scene, ViewLayer | Synchronizing object | Plate pocket closure flap
Fra:0 Mem:42.63M (Peak 42.63M) | Time:00:00.02 | Mem:0.00M, Peak:0.00M | Scene, ViewLayer | Synchronizing object | Left shoulder strap
Fra:0 Mem:42.66M (Peak 42.66M) | Time:00:00.02 | Mem:0.00M, Peak:0.00M | Scene, ViewLayer | Synchronizing object | Shoulder anchor
Fra:0 Mem:42.66M (Peak 42.66M) | Time:00:00.02 | Mem:0.00M, Peak:0.00M | Scene, ViewLayer | Synchronizing object | Shoulder anchor.001
Fra:0 Mem:42.66M (Peak 42.66M) | Time:00:00.02 | Mem:0.00M, Peak:0.00M | Scene, ViewLayer | Synchronizing object | Shoulder anchor.002
Fra:0 Mem:42.67M (Peak 42.67M) | Time:00:00.02 | Mem:0.00M, Peak:0.00M | Scene, ViewLayer | Synchronizing object | Shoulder anchor.003
Fra:0 Mem:42.67M (Peak 42.67M) | Time:00:00.02 | Mem:0.00M, Peak:0.00M | Scene, ViewLayer | Synchronizing object | Side closing strap
Fra:0 Mem:42.68M (Peak 42.68M) | Time:00:00.02 | Mem:0.00M, Peak:0.00M | Scene, ViewLayer | Synchronizing object | Hand forged side buckle
Fra:0 Mem:42.68M (Peak 42.68M) | Time:00:00.02 | Mem:0.00M, Peak:0.00M | Scene, ViewLayer | Synchronizing object | Buckle tongue
Fra:0 Mem:42.68M (Peak 42.68M) | Time:00:00.02 | Mem:0.00M, Peak:0.00M | Scene, ViewLayer | Synchronizing object | Side closing strap.001
Fra:0 Mem:42.70M (Peak 42.70M) | Time:00:00.02 | Mem:0.00M, Peak:0.00M | Scene, ViewLayer | Synchronizing object | Hand forged side buckle.001
Fra:0 Mem:42.70M (Peak 42.70M) | Time:00:00.02 | Mem:0.00M, Peak:0.00M | Scene, ViewLayer | Synchronizing object | Buckle tongue.001
Fra:0 Mem:42.70M (Peak 42.70M) | Time:00:00.02 | Mem:0.00M, Peak:0.00M | Scene, ViewLayer | Synchronizing object | Right shoulder strap
Fra:0 Mem:42.74M (Peak 42.74M) | Time:00:00.02 | Mem:0.00M, Peak:0.00M | Scene, ViewLayer | Synchronizing object | Shoulder anchor.004
Fra:0 Mem:42.74M (Peak 42.74M) | Time:00:00.02 | Mem:0.00M, Peak:0.00M | Scene, ViewLayer | Synchronizing object | Shoulder anchor.005
Fra:0 Mem:42.74M (Peak 42.74M) | Time:00:00.02 | Mem:0.00M, Peak:0.00M | Scene, ViewLayer | Synchronizing object | Shoulder anchor.006
Fra:0 Mem:42.74M (Peak 42.74M) | Time:00:00.02 | Mem:0.00M, Peak:0.00M | Scene, ViewLayer | Synchronizing object | Shoulder anchor.007
Fra:0 Mem:42.74M (Peak 42.74M) | Time:00:00.02 | Mem:0.00M, Peak:0.00M | Scene, ViewLayer | Synchronizing object | Side closing strap.002
Fra:0 Mem:42.76M (Peak 42.76M) | Time:00:00.02 | Mem:0.00M, Peak:0.00M | Scene, ViewLayer | Synchronizing object | Hand forged side buckle.002
Fra:0 Mem:42.76M (Peak 42.76M) | Time:00:00.02 | Mem:0.00M, Peak:0.00M | Scene, ViewLayer | Synchronizing object | Buckle tongue.002
Fra:0 Mem:42.76M (Peak 42.76M) | Time:00:00.02 | Mem:0.00M, Peak:0.00M | Scene, ViewLayer | Synchronizing object | Side closing strap.003
Fra:0 Mem:42.78M (Peak 42.78M) | Time:00:00.02 | Mem:0.00M, Peak:0.00M | Scene, ViewLayer | Synchronizing object | Hand forged side buckle.003
Fra:0 Mem:42.78M (Peak 42.78M) | Time:00:00.02 | Mem:0.00M, Peak:0.00M | Scene, ViewLayer | Synchronizing object | Buckle tongue.003
Fra:0 Mem:42.78M (Peak 42.78M) | Time:00:00.02 | Mem:0.00M, Peak:0.00M | Scene, ViewLayer | Synchronizing object | Chest binding rivet
Fra:0 Mem:42.78M (Peak 42.78M) | Time:00:00.02 | Mem:0.00M, Peak:0.00M | Scene, ViewLayer | Synchronizing object | Chest binding rivet.001
Fra:0 Mem:42.78M (Peak 42.78M) | Time:00:00.02 | Mem:0.00M, Peak:0.00M | Scene, ViewLayer | Synchronizing object | Chest binding rivet.002
Fra:0 Mem:42.78M (Peak 42.78M) | Time:00:00.02 | Mem:0.00M, Peak:0.00M | Scene, ViewLayer | Synchronizing object | Chest binding rivet.003
Fra:0 Mem:42.78M (Peak 42.78M) | Time:00:00.02 | Mem:0.00M, Peak:0.00M | Scene, ViewLayer | Synchronizing object | Chest binding rivet.004
Fra:0 Mem:42.78M (Peak 42.78M) | Time:00:00.02 | Mem:0.00M, Peak:0.00M | Scene, ViewLayer | Synchronizing object | Chest binding rivet.005
Fra:0 Mem:42.78M (Peak 42.78M) | Time:00:00.02 | Mem:0.00M, Peak:0.00M | Scene, ViewLayer | Synchronizing object | Hand cut repair patch
Fra:0 Mem:42.82M (Peak 42.82M) | Time:00:00.02 | Mem:0.00M, Peak:0.00M | Scene, ViewLayer | Synchronizing object | Patch stitch
Fra:0 Mem:42.83M (Peak 42.83M) | Time:00:00.02 | Mem:0.00M, Peak:0.00M | Scene, ViewLayer | Synchronizing object | Patch stitch.001
Fra:0 Mem:42.83M (Peak 42.83M) | Time:00:00.02 | Mem:0.00M, Peak:0.00M | Scene, ViewLayer | Synchronizing object | Patch stitch.002
Fra:0 Mem:42.84M (Peak 42.84M) | Time:00:00.02 | Mem:0.00M, Peak:0.00M | Scene, ViewLayer | Synchronizing object | Patch stitch.003
Fra:0 Mem:42.84M (Peak 42.84M) | Time:00:00.02 | Mem:0.00M, Peak:0.00M | Scene, ViewLayer | Synchronizing object | Patch stitch.004
Fra:0 Mem:42.84M (Peak 42.84M) | Time:00:00.02 | Mem:0.00M, Peak:0.00M | Scene, ViewLayer | Synchronizing object | Patch stitch.005
Fra:0 Mem:42.84M (Peak 42.84M) | Time:00:00.02 | Mem:0.00M, Peak:0.00M | Scene, ViewLayer | Synchronizing object | Patch stitch.006
Fra:0 Mem:42.84M (Peak 42.84M) | Time:00:00.02 | Mem:0.00M, Peak:0.00M | Scene, ViewLayer | Synchronizing object | Patch stitch.007
Fra:0 Mem:42.84M (Peak 42.84M) | Time:00:00.02 | Mem:0.00M, Peak:0.00M | Scene, ViewLayer | Synchronizing object | Patch stitch.008
Fra:0 Mem:42.84M (Peak 42.84M) | Time:00:00.02 | Mem:0.00M, Peak:0.00M | Scene, ViewLayer | Synchronizing object | Patch stitch.009
Fra:0 Mem:42.84M (Peak 42.84M) | Time:00:00.02 | Mem:0.00M, Peak:0.00M | Scene, ViewLayer | Synchronizing object | Rim
Fra:0 Mem:42.84M (Peak 42.84M) | Time:00:00.02 | Mem:0.00M, Peak:0.00M | Scene, ViewLayer | Synchronizing object | Key
Fra:0 Mem:42.84M (Peak 42.84M) | Time:00:00.02 | Mem:0.00M, Peak:0.00M | Scene, ViewLayer | Synchronizing object | Fill
Fra:0 Mem:42.84M (Peak 42.84M) | Time:00:00.02 | Mem:0.00M, Peak:0.00M | Scene, ViewLayer | Initializing
Fra:0 Mem:40.54M (Peak 42.84M) | Time:00:00.02 | Mem:0.00M, Peak:0.00M | Scene, ViewLayer | Waiting for render to start
Fra:0 Mem:40.54M (Peak 42.84M) | Time:00:00.02 | Mem:0.00M, Peak:0.00M | Scene, ViewLayer | Updating Scene
Fra:0 Mem:40.54M (Peak 42.84M) | Time:00:00.02 | Mem:0.00M, Peak:0.00M | Scene, ViewLayer | Updating Shaders
Fra:0 Mem:40.54M (Peak 42.84M) | Time:00:00.02 | Mem:0.00M, Peak:0.00M | Scene, ViewLayer | Loading render kernels (may take a few minutes the first time)
Fra:0 Mem:40.65M (Peak 42.84M) | Time:00:00.02 | Mem:0.03M, Peak:0.03M | Scene, ViewLayer | Updating Procedurals
Fra:0 Mem:40.65M (Peak 42.84M) | Time:00:00.02 | Mem:0.03M, Peak:0.03M | Scene, ViewLayer | Updating Background
Fra:0 Mem:40.65M (Peak 42.84M) | Time:00:00.02 | Mem:0.03M, Peak:0.03M | Scene, ViewLayer | Updating Camera
Fra:0 Mem:40.65M (Peak 42.84M) | Time:00:00.02 | Mem:0.03M, Peak:0.03M | Scene, ViewLayer | Updating Meshes Flags
Fra:0 Mem:40.65M (Peak 42.84M) | Time:00:00.02 | Mem:0.03M, Peak:0.03M | Scene, ViewLayer | Updating Objects
Fra:0 Mem:40.65M (Peak 42.84M) | Time:00:00.02 | Mem:0.03M, Peak:0.03M | Scene, ViewLayer | Updating Objects | Copying Transformations to device
Fra:0 Mem:40.67M (Peak 42.84M) | Time:00:00.02 | Mem:0.04M, Peak:0.04M | Scene, ViewLayer | Updating Particle Systems
Fra:0 Mem:40.67M (Peak 42.84M) | Time:00:00.02 | Mem:0.04M, Peak:0.04M | Scene, ViewLayer | Updating Particle Systems | Copying Particles to device
Fra:0 Mem:40.67M (Peak 42.84M) | Time:00:00.02 | Mem:0.04M, Peak:0.04M | Scene, ViewLayer | Updating Meshes
Fra:0 Mem:40.67M (Peak 42.84M) | Time:00:00.02 | Mem:0.04M, Peak:0.04M | Scene, ViewLayer | Updating Objects | Applying Static Transformations
Fra:0 Mem:40.67M (Peak 42.84M) | Time:00:00.02 | Mem:0.04M, Peak:0.04M | Scene, ViewLayer | Updating Mesh | Computing attributes
Fra:0 Mem:40.77M (Peak 42.84M) | Time:00:00.02 | Mem:0.04M, Peak:0.04M | Scene, ViewLayer | Updating Mesh | Copying Attributes to device
Fra:0 Mem:40.77M (Peak 42.84M) | Time:00:00.02 | Mem:0.14M, Peak:0.14M | Scene, ViewLayer | Updating Scene BVH | Building
Fra:0 Mem:40.77M (Peak 42.84M) | Time:00:00.02 | Mem:0.14M, Peak:0.14M | Scene, ViewLayer | Updating Scene BVH | Building BVH
Fra:0 Mem:40.77M (Peak 42.84M) | Time:00:00.02 | Mem:0.61M, Peak:0.61M | Scene, ViewLayer | Updating Scene BVH | Building BVH 0%
Fra:0 Mem:40.77M (Peak 42.84M) | Time:00:00.04 | Mem:1.12M, Peak:1.59M | Scene, ViewLayer | Updating Scene BVH | Copying BVH to device
Fra:0 Mem:40.77M (Peak 42.84M) | Time:00:00.04 | Mem:1.12M, Peak:1.59M | Scene, ViewLayer | Updating Mesh | Computing normals
Fra:0 Mem:41.20M (Peak 42.84M) | Time:00:00.04 | Mem:1.12M, Peak:1.59M | Scene, ViewLayer | Updating Mesh | Copying Mesh to device
Fra:0 Mem:41.20M (Peak 42.84M) | Time:00:00.04 | Mem:1.55M, Peak:1.59M | Scene, ViewLayer | Updating Objects Flags
Fra:0 Mem:41.20M (Peak 42.84M) | Time:00:00.04 | Mem:1.55M, Peak:1.59M | Scene, ViewLayer | Updating Primitive Offsets
Fra:0 Mem:41.20M (Peak 42.84M) | Time:00:00.04 | Mem:1.55M, Peak:1.59M | Scene, ViewLayer | Updating Images
Fra:0 Mem:41.20M (Peak 42.84M) | Time:00:00.04 | Mem:1.55M, Peak:1.59M | Scene, ViewLayer | Updating Camera Volume
Fra:0 Mem:41.20M (Peak 42.84M) | Time:00:00.04 | Mem:1.55M, Peak:1.59M | Scene, ViewLayer | Updating Lookup Tables
Fra:0 Mem:41.20M (Peak 42.84M) | Time:00:00.04 | Mem:1.63M, Peak:1.63M | Scene, ViewLayer | Updating Lights
Fra:0 Mem:41.20M (Peak 42.84M) | Time:00:00.04 | Mem:1.64M, Peak:1.64M | Scene, ViewLayer | Updating Lights | Computing tree
Fra:0 Mem:41.20M (Peak 42.84M) | Time:00:00.04 | Mem:1.64M, Peak:1.64M | Scene, ViewLayer | Updating Integrator
Fra:0 Mem:42.20M (Peak 42.84M) | Time:00:00.04 | Mem:2.64M, Peak:2.64M | Scene, ViewLayer | Updating Film
Fra:0 Mem:42.20M (Peak 42.84M) | Time:00:00.04 | Mem:2.56M, Peak:2.64M | Scene, ViewLayer | Updating Lookup Tables
Fra:0 Mem:42.20M (Peak 42.84M) | Time:00:00.04 | Mem:2.64M, Peak:2.64M | Scene, ViewLayer | Updating Baking
Fra:0 Mem:42.20M (Peak 42.84M) | Time:00:00.04 | Mem:2.64M, Peak:2.64M | Scene, ViewLayer | Updating Device | Writing constant memory
Fra:0 Mem:42.21M (Peak 42.84M) | Time:00:00.04 | Mem:2.64M, Peak:2.64M | Scene, ViewLayer | Loading denoising kernels (may take a few minutes the first time)
Fra:0 Mem:42.21M (Peak 42.84M) | Time:00:00.04 | Mem:2.64M, Peak:2.64M | Scene, ViewLayer | Sample 0/32
Fra:0 Mem:100.96M (Peak 100.96M) | Time:00:00.46 | Remaining:00:13.17 | Mem:61.35M, Peak:61.35M | Scene, ViewLayer | Sample 1/32
Fra:0 Mem:125.68M (Peak 162.76M) | Time:00:11.74 | Mem:61.35M, Peak:61.35M | Scene, ViewLayer | Sample 32/32
Fra:0 Mem:125.68M (Peak 162.76M) | Time:00:11.74 | Mem:61.35M, Peak:61.35M | Scene, ViewLayer | Finished
Saved: 'C:\Users\SsAnd\AppData\Roaming\Jagged Alliance 3\Mods\jazz\tmp\leather-armor-v1\clothed.png'
Time: 00:11.81 (Saving: 00:00.07)

Info: Packed 14 file(s)
Info: Saved as "JazzArmor_LeatherArmor.blend"
LEATHER_MODEL 11746 triangles 49 parts

Blender quit
