JAZZ generated-data sync audit (read-only)
Packages: jazz-units
[jazz-units] metadata.code=334; ModItem=2826; generated=324; entities=0; errors=81; warnings=0
ERROR [jazz-units] UnitData/AnneLeMitrailleur.lua: Активный generated companion не имеет ModItem в items.lua: ModItemUnitDataCompositeDef / AnneLeMitrailleur.
ERROR [jazz-units] UnitData/Chimurenga.lua: Активный generated companion не имеет ModItem в items.lua: ModItemUnitDataCompositeDef / Chimurenga.
ERROR [jazz-units] UnitData/Doctor_Leevsy.lua: Активный generated companion не имеет ModItem в items.lua: ModItemUnitDataCompositeDef / Doctor_Leevsy.
ERROR [jazz-units] UnitData/Jazz_Allik.lua: Активный generated companion не имеет ModItem в items.lua: ModItemUnitDataCompositeDef / Jazz_Allik.
ERROR [jazz-units] UnitData/Jazz_Benny.lua: Активный generated companion не имеет ModItem в items.lua: ModItemUnitDataCompositeDef / Jazz_Benny.
ERROR [jazz-units] UnitData/Jazz_Biff.lua: Активный generated companion не имеет ModItem в items.lua: ModItemUnitDataCompositeDef / Jazz_Biff.
ERROR [jazz-units] UnitData/Jazz_Biggens.lua: Активный generated companion не имеет ModItem в items.lua: ModItemUnitDataCompositeDef / Jazz_Biggens.
ERROR [jazz-units] UnitData/Jazz_Blade.lua: Активный generated companion не имеет ModItem в items.lua: ModItemUnitDataCompositeDef / Jazz_Blade.
ERROR [jazz-units] UnitData/Jazz_Bull.lua: Активный generated companion не имеет ModItem в items.lua: ModItemUnitDataCompositeDef / Jazz_Bull.
ERROR [jazz-units] UnitData/Jazz_Buzz.lua: Активный generated companion не имеет ModItem в items.lua: ModItemUnitDataCompositeDef / Jazz_Buzz.
ERROR [jazz-units] UnitData/Jazz_Carlos.lua: Активный generated companion не имеет ModItem в items.lua: ModItemUnitDataCompositeDef / Jazz_Carlos.
ERROR [jazz-units] UnitData/Jazz_Colby.lua: Активный generated companion не имеет ModItem в items.lua: ModItemUnitDataCompositeDef / Jazz_Colby.
ERROR [jazz-units] UnitData/Jazz_Conrad.lua: Активный generated companion не имеет ModItem в items.lua: ModItemUnitDataCompositeDef / Jazz_Conrad.
ERROR [jazz-units] UnitData/Jazz_Cord.lua: Активный generated companion не имеет ModItem в items.lua: ModItemUnitDataCompositeDef / Jazz_Cord.
ERROR [jazz-units] UnitData/Jazz_Cougar.lua: Активный generated companion не имеет ModItem в items.lua: ModItemUnitDataCompositeDef / Jazz_Cougar.
ERROR [jazz-units] UnitData/Jazz_Devin.lua: Активный generated companion не имеет ModItem в items.lua: ModItemUnitDataCompositeDef / Jazz_Devin.
ERROR [jazz-units] UnitData/Jazz_Dimitri.lua: Активный generated companion не имеет ModItem в items.lua: ModItemUnitDataCompositeDef / Jazz_Dimitri.
ERROR [jazz-units] UnitData/Jazz_Dynamo.lua: Активный generated companion не имеет ModItem в items.lua: ModItemUnitDataCompositeDef / Jazz_Dynamo.
ERROR [jazz-units] UnitData/Jazz_Eskimo.lua: Активный generated companion не имеет ModItem в items.lua: ModItemUnitDataCompositeDef / Jazz_Eskimo.
ERROR [jazz-units] UnitData/Jazz_Flo.lua: Активный generated companion не имеет ModItem в items.lua: ModItemUnitDataCompositeDef / Jazz_Flo.
ERROR [jazz-units] UnitData/Jazz_Gamos.lua: Активный generated companion не имеет ModItem в items.lua: ModItemUnitDataCompositeDef / Jazz_Gamos.
ERROR [jazz-units] UnitData/Jazz_Gaston.lua: Активный generated companion не имеет ModItem в items.lua: ModItemUnitDataCompositeDef / Jazz_Gaston.
ERROR [jazz-units] UnitData/Jazz_Grace.lua: Активный generated companion не имеет ModItem в items.lua: ModItemUnitDataCompositeDef / Jazz_Grace.
ERROR [jazz-units] UnitData/Jazz_Grom.lua: Активный generated companion не имеет ModItem в items.lua: ModItemUnitDataCompositeDef / Jazz_Grom.
ERROR [jazz-units] UnitData/Jazz_Henning.lua: Активный generated companion не имеет ModItem в items.lua: ModItemUnitDataCompositeDef / Jazz_Henning.
ERROR [jazz-units] UnitData/Jazz_Highball.lua: Активный generated companion не имеет ModItem в items.lua: ModItemUnitDataCompositeDef / Jazz_Highball.
ERROR [jazz-units] UnitData/Jazz_Hitman.lua: Активный generated companion не имеет ModItem в items.lua: ModItemUnitDataCompositeDef / Jazz_Hitman.
ERROR [jazz-units] UnitData/Jazz_Hobbit.lua: Активный generated companion не имеет ModItem в items.lua: ModItemUnitDataCompositeDef / Jazz_Hobbit.
ERROR [jazz-units] UnitData/Jazz_Horg.lua: Активный generated companion не имеет ModItem в items.lua: ModItemUnitDataCompositeDef / Jazz_Horg.
ERROR [jazz-units] UnitData/Jazz_Iggy.lua: Активный generated companion не имеет ModItem в items.lua: ModItemUnitDataCompositeDef / Jazz_Iggy.
ERROR [jazz-units] UnitData/Jazz_Ira.lua: Активный generated companion не имеет ModItem в items.lua: ModItemUnitDataCompositeDef / Jazz_Ira.
ERROR [jazz-units] UnitData/JAZZ_Ivanov.lua: Активный generated companion не имеет ModItem в items.lua: ModItemUnitDataCompositeDef / JAZZ_Ivanov.
ERROR [jazz-units] UnitData/Jazz_Kulba.lua: Активный generated companion не имеет ModItem в items.lua: ModItemUnitDataCompositeDef / Jazz_Kulba.
ERROR [jazz-units] UnitData/Jazz_Laura.lua: Активный generated companion не имеет ModItem в items.lua: ModItemUnitDataCompositeDef / Jazz_Laura.
ERROR [jazz-units] UnitData/Jazz_Lucky.lua: Активный generated companion не имеет ModItem в items.lua: ModItemUnitDataCompositeDef / Jazz_Lucky.
ERROR [jazz-units] UnitData/Jazz_Lynx.lua: Активный generated companion не имеет ModItem в items.lua: ModItemUnitDataCompositeDef / Jazz_Lynx.
ERROR [jazz-units] UnitData/Jazz_Madman.lua: Активный generated companion не имеет ModItem в items.lua: ModItemUnitDataCompositeDef / Jazz_Madman.
ERROR [jazz-units] UnitData/Jazz_Manuel.lua: Активный generated companion не имеет ModItem в items.lua: ModItemUnitDataCompositeDef / Jazz_Manuel.
ERROR [jazz-units] UnitData/Jazz_Meat.lua: Активный generated companion не имеет ModItem в items.lua: ModItemUnitDataCompositeDef / Jazz_Meat.
ERROR [jazz-units] UnitData/JAZZ_Merc_Spouke.lua: Активный generated companion не имеет ModItem в items.lua: ModItemUnitDataCompositeDef / JAZZ_Merc_Spouke.
ERROR [jazz-units] UnitData/Jazz_Miguel.lua: Активный generated companion не имеет ModItem в items.lua: ModItemUnitDataCompositeDef / Jazz_Miguel.
ERROR [jazz-units] UnitData/Jazz_Mike.lua: Активный generated companion не имеет ModItem в items.lua: ModItemUnitDataCompositeDef / Jazz_Mike.
ERROR [jazz-units] UnitData/Jazz_Monk.lua: Активный generated companion не имеет ModItem в items.lua: ModItemUnitDataCompositeDef / Jazz_Monk.
ERROR [jazz-units] UnitData/Jazz_Nervous.lua: Активный generated companion не имеет ModItem в items.lua: ModItemUnitDataCompositeDef / Jazz_Nervous.
ERROR [jazz-units] UnitData/Jazz_Quinten.lua: Активный generated companion не имеет ModItem в items.lua: ModItemUnitDataCompositeDef / Jazz_Quinten.
ERROR [jazz-units] UnitData/Jazz_Ricochet.lua: Активный generated companion не имеет ModItem в items.lua: ModItemUnitDataCompositeDef / Jazz_Ricochet.
ERROR [jazz-units] UnitData/Jazz_Rothman.lua: Активный generated companion не имеет ModItem в items.lua: ModItemUnitDataCompositeDef / Jazz_Rothman.
ERROR [jazz-units] UnitData/Jazz_Shank.lua: Активный generated companion не имеет ModItem в items.lua: ModItemUnitDataCompositeDef / Jazz_Shank.
ERROR [jazz-units] UnitData/Jazz_Simon.lua: Активный generated companion не имеет ModItem в items.lua: ModItemUnitDataCompositeDef / Jazz_Simon.
ERROR [jazz-units] UnitData/Jazz_Spider.lua: Активный generated companion не имеет ModItem в items.lua: ModItemUnitDataCompositeDef / Jazz_Spider.
ERROR [jazz-units] UnitData/Jazz_Static.lua: Активный generated companion не имеет ModItem в items.lua: ModItemUnitDataCompositeDef / Jazz_Static.
ERROR [jazz-units] UnitData/Jazz_Steiger.lua: Активный generated companion не имеет ModItem в items.lua: ModItemUnitDataCompositeDef / Jazz_Steiger.
ERROR [jazz-units] UnitData/Jazz_Vicious.lua: Активный generated companion не имеет ModItem в items.lua: ModItemUnitDataCompositeDef / Jazz_Vicious.
ERROR [jazz-units] UnitData/Jazz_Vilde.lua: Активный generated companion не имеет ModItem в items.lua: ModItemUnitDataCompositeDef / Jazz_Vilde.
ERROR [jazz-units] UnitData/Jazz_Vince.lua: Активный generated companion не имеет ModItem в items.lua: ModItemUnitDataCompositeDef / Jazz_Vince.
ERROR [jazz-units] UnitData/Merc_BarrySeal.lua: Активный generated companion не имеет ModItem в items.lua: ModItemUnitDataCompositeDef / Merc_BarrySeal.
ERROR [jazz-units] UnitData/MilitiaElite.lua: Активный generated companion не имеет ModItem в items.lua: ModItemUnitDataCompositeDef / MilitiaElite.
ERROR [jazz-units] UnitData/MilitiaRookie.lua: Активный generated companion не имеет ModItem в items.lua: ModItemUnitDataCompositeDef / MilitiaRookie.
ERROR [jazz-units] UnitData/MilitiaVeteran.lua: Активный generated companion не имеет ModItem в items.lua: ModItemUnitDataCompositeDef / MilitiaVeteran.
ERROR [jazz-units] UnitData/Omryn.lua: Активный generated companion не имеет ModItem в items.lua: ModItemUnitDataCompositeDef / Omryn.
ERROR [jazz-units] UnitData/PierreMerc.lua: Активный generated companion не имеет ModItem в items.lua: ModItemUnitDataCompositeDef / PierreMerc.
ERROR [jazz-units] UnitData/Rebel_NPC_Ghost_Guards.lua: Активный generated companion не имеет ModItem в items.lua: ModItemUnitDataCompositeDef / Rebel_NPC_Ghost_Guards.
ERROR [jazz-units] UnitData/Rebel_NPC_Ghost.lua: Активный generated companion не имеет ModItem в items.lua: ModItemUnitDataCompositeDef / Rebel_NPC_Ghost.
ERROR [jazz-units] UnitData/RebelFlanker.lua: Активный generated companion не имеет ModItem в items.lua: ModItemUnitDataCompositeDef / RebelFlanker.
ERROR [jazz-units] UnitData/RebelGrenadier.lua: Активный generated companion не имеет ModItem в items.lua: ModItemUnitDataCompositeDef / RebelGrenadier.
ERROR [jazz-units] UnitData/RebelGunner.lua: Активный generated companion не имеет ModItem в items.lua: ModItemUnitDataCompositeDef / RebelGunner.
ERROR [jazz-units] UnitData/RebelHeavy_Mortar_Immortal.lua: Активный generated companion не имеет ModItem в items.lua: ModItemUnitDataCompositeDef / RebelHeavy_Mortar_Immortal.
ERROR [jazz-units] UnitData/RebelHeavy_Mortar.lua: Активный generated companion не имеет ModItem в items.lua: ModItemUnitDataCompositeDef / RebelHeavy_Mortar.
ERROR [jazz-units] UnitData/RebelRPG_Immortal.lua: Активный generated companion не имеет ModItem в items.lua: ModItemUnitDataCompositeDef / RebelRPG_Immortal.
ERROR [jazz-units] UnitData/RebelRPG.lua: Активный generated companion не имеет ModItem в items.lua: ModItemUnitDataCompositeDef / RebelRPG.
ERROR [jazz-units] UnitData/RebelSentry.lua: Активный generated companion не имеет ModItem в items.lua: ModItemUnitDataCompositeDef / RebelSentry.
ERROR [jazz-units] UnitData/RebelSergant_Immortal.lua: Активный generated companion не имеет ModItem в items.lua: ModItemUnitDataCompositeDef / RebelSergant_Immortal.
ERROR [jazz-units] UnitData/RebelSergant.lua: Активный generated companion не имеет ModItem в items.lua: ModItemUnitDataCompositeDef / RebelSergant.
ERROR [jazz-units] UnitData/RebelSergeant_Immortal_L1.lua: Активный generated companion не имеет ModItem в items.lua: ModItemUnitDataCompositeDef / RebelSergeant_Immortal_L1.
ERROR [jazz-units] UnitData/RebelSergeant_Immortal_M1.lua: Активный generated companion не имеет ModItem в items.lua: ModItemUnitDataCompositeDef / RebelSergeant_Immortal_M1.
ERROR [jazz-units] UnitData/RebelSergeant_Immortal.lua: Активный generated companion не имеет ModItem в items.lua: ModItemUnitDataCompositeDef / RebelSergeant_Immortal.
ERROR [jazz-units] UnitData/RebelSergeant.lua: Активный generated companion не имеет ModItem в items.lua: ModItemUnitDataCompositeDef / RebelSergeant.
ERROR [jazz-units] UnitData/RebelSniper_female.lua: Активный generated companion не имеет ModItem в items.lua: ModItemUnitDataCompositeDef / RebelSniper_female.
ERROR [jazz-units] UnitData/RebelSniper.lua: Активный generated companion не имеет ModItem в items.lua: ModItemUnitDataCompositeDef / RebelSniper.
ERROR [jazz-units] UnitData/RebelSoldier.lua: Активный generated companion не имеет ModItem в items.lua: ModItemUnitDataCompositeDef / RebelSoldier.
ERROR [jazz-units] UnitData/Smiley.lua: Активный generated companion не имеет ModItem в items.lua: ModItemUnitDataCompositeDef / Smiley.
RESULT: FAILED (81 blocking issue(s), 0 warning(s))
