Blender 4.5.3 LTS (hash 67807e1800cc built 2025-09-09 01:33:33)
Read blend: "D:\JaWeapons\Weapons\_vz58_material_20260927\rigged\vz58_material.blend"
Fra:1 Mem:14.70M (Peak 14.70M) | Time:00:00.00 | Mem:0.00M, Peak:0.00M | Scene, ViewLayer | Synchronizing object | ReviewLight2
Fra:1 Mem:14.70M (Peak 14.70M) | Time:00:00.00 | Mem:0.00M, Peak:0.00M | Scene, ViewLayer | Synchronizing object | ReviewLight1
Fra:1 Mem:14.70M (Peak 14.70M) | Time:00:00.00 | Mem:0.00M, Peak:0.00M | Scene, ViewLayer | Synchronizing object | ReviewLight0
Fra:1 Mem:14.70M (Peak 14.70M) | Time:00:00.00 | Mem:0.00M, Peak:0.00M | Scene, ViewLayer | Synchronizing object | JAZZ_VZ58_Magazine
Fra:1 Mem:14.96M (Peak 14.96M) | Time:00:00.00 | Mem:0.00M, Peak:0.00M | Scene, ViewLayer | Synchronizing object | JAZZ_VZ58
Fra:1 Mem:15.88M (Peak 15.88M) | Time:00:00.00 | Mem:0.00M, Peak:0.00M | Scene, ViewLayer | Synchronizing object | JAZZ_VZ58_GripWood
Fra:1 Mem:15.93M (Peak 15.93M) | Time:00:00.00 | Mem:0.00M, Peak:0.00M | Scene, ViewLayer | Synchronizing object | JAZZ_VZ58_HandguardWood
Fra:1 Mem:16.54M (Peak 16.54M) | Time:00:00.01 | Mem:0.00M, Peak:0.00M | Scene, ViewLayer | Synchronizing object | JAZZ_VZ58_StockWood
Fra:1 Mem:16.69M (Peak 16.69M) | Time:00:00.01 | Mem:0.00M, Peak:0.00M | Scene, ViewLayer | Initializing
Fra:1 Mem:15.61M (Peak 16.69M) | Time:00:00.03 | Mem:0.00M, Peak:0.00M | Scene, ViewLayer | Waiting for render to start
Fra:1 Mem:15.61M (Peak 16.69M) | Time:00:00.03 | Mem:0.00M, Peak:0.00M | Scene, ViewLayer | Updating Scene
Fra:1 Mem:15.61M (Peak 16.69M) | Time:00:00.03 | Mem:0.00M, Peak:0.00M | Scene, ViewLayer | Updating Shaders
Fra:1 Mem:15.61M (Peak 16.69M) | Time:00:00.03 | Mem:0.00M, Peak:0.00M | Scene, ViewLayer | Loading render kernels (may take a few minutes the first time)
Fra:1 Mem:15.70M (Peak 16.69M) | Time:00:00.05 | Mem:0.00M, Peak:0.00M | Scene, ViewLayer | Updating Procedurals
Fra:1 Mem:15.70M (Peak 16.69M) | Time:00:00.05 | Mem:0.00M, Peak:0.00M | Scene, ViewLayer | Updating Background
Fra:1 Mem:15.70M (Peak 16.69M) | Time:00:00.05 | Mem:0.00M, Peak:0.00M | Scene, ViewLayer | Updating Camera
Fra:1 Mem:15.70M (Peak 16.69M) | Time:00:00.05 | Mem:0.00M, Peak:0.00M | Scene, ViewLayer | Updating Meshes Flags
Fra:1 Mem:15.70M (Peak 16.69M) | Time:00:00.05 | Mem:0.00M, Peak:0.00M | Scene, ViewLayer | Updating Objects
Fra:1 Mem:15.70M (Peak 16.69M) | Time:00:00.05 | Mem:0.00M, Peak:0.00M | Scene, ViewLayer | Updating Objects | Copying Transformations to device
Fra:1 Mem:15.70M (Peak 16.69M) | Time:00:00.05 | Mem:0.01M, Peak:0.01M | Scene, ViewLayer | Updating Particle Systems
Fra:1 Mem:15.70M (Peak 16.69M) | Time:00:00.05 | Mem:0.01M, Peak:0.01M | Scene, ViewLayer | Updating Particle Systems | Copying Particles to device
Fra:1 Mem:15.70M (Peak 16.69M) | Time:00:00.05 | Mem:0.01M, Peak:0.01M | Scene, ViewLayer | Updating Meshes
Fra:1 Mem:16.75M (Peak 16.75M) | Time:00:00.07 | Mem:0.01M, Peak:0.01M | Scene, ViewLayer | Updating Objects | Applying Static Transformations
Fra:1 Mem:16.75M (Peak 16.75M) | Time:00:00.07 | Mem:0.01M, Peak:0.01M | Scene, ViewLayer | Updating Mesh | Computing attributes
Fra:1 Mem:18.12M (Peak 18.12M) | Time:00:00.07 | Mem:0.01M, Peak:0.01M | Scene, ViewLayer | Updating Mesh | Copying Attributes to device
Fra:1 Mem:18.12M (Peak 18.12M) | Time:00:00.07 | Mem:1.37M, Peak:1.37M | Scene, ViewLayer | Updating Scene BVH | Building
Fra:1 Mem:18.12M (Peak 18.12M) | Time:00:00.07 | Mem:1.37M, Peak:1.37M | Scene, ViewLayer | Updating Scene BVH | Building BVH
Fra:1 Mem:18.12M (Peak 18.12M) | Time:00:00.07 | Mem:1.93M, Peak:1.93M | Scene, ViewLayer | Updating Scene BVH | Building BVH 0%
Fra:1 Mem:18.12M (Peak 18.12M) | Time:00:00.08 | Mem:2.60M, Peak:3.16M | Scene, ViewLayer | Updating Scene BVH | Copying BVH to device
Fra:1 Mem:18.12M (Peak 18.12M) | Time:00:00.08 | Mem:2.60M, Peak:3.16M | Scene, ViewLayer | Updating Mesh | Computing normals
Fra:1 Mem:18.61M (Peak 18.61M) | Time:00:00.08 | Mem:2.60M, Peak:3.16M | Scene, ViewLayer | Updating Mesh | Copying Mesh to device
Fra:1 Mem:18.61M (Peak 18.61M) | Time:00:00.08 | Mem:3.10M, Peak:3.16M | Scene, ViewLayer | Updating Objects Flags
Fra:1 Mem:18.61M (Peak 18.61M) | Time:00:00.08 | Mem:3.10M, Peak:3.16M | Scene, ViewLayer | Updating Primitive Offsets
Fra:1 Mem:18.61M (Peak 18.61M) | Time:00:00.08 | Mem:3.10M, Peak:3.16M | Scene, ViewLayer | Updating Images
Fra:1 Mem:18.61M (Peak 18.61M) | Time:00:00.08 | Mem:3.10M, Peak:3.16M | Scene, ViewLayer | Updating Images | Loading JAZZ_VZ58_Mag_Normal.tga
Fra:1 Mem:34.61M (Peak 34.61M) | Time:00:00.08 | Mem:3.10M, Peak:3.16M | Scene, ViewLayer | Updating Images | Loading JAZZ_VZ58_Mag_Base.tga
Fra:1 Mem:50.61M (Peak 50.61M) | Time:00:00.08 | Mem:3.10M, Peak:3.16M | Scene, ViewLayer | Updating Images | Loading JAZZ_VZ58_Steel_Base.tga
Fra:1 Mem:66.61M (Peak 66.61M) | Time:00:00.08 | Mem:3.10M, Peak:3.16M | Scene, ViewLayer | Updating Images | Loading JAZZ_VZ58_Wood_Base.tga
Fra:1 Mem:82.61M (Peak 82.61M) | Time:00:00.08 | Mem:3.10M, Peak:3.16M | Scene, ViewLayer | Updating Images | Loading JAZZ_VZ58_StockWood_Base.tga
Fra:1 Mem:98.61M (Peak 98.61M) | Time:00:00.08 | Mem:3.10M, Peak:3.16M | Scene, ViewLayer | Updating Images | Loading JAZZ_VZ58_StockWood_RM.tga
Fra:1 Mem:114.61M (Peak 114.61M) | Time:00:00.10 | Mem:3.10M, Peak:3.16M | Scene, ViewLayer | Updating Images | Loading JAZZ_VZ58_Wood_RM.tga
Fra:1 Mem:114.61M (Peak 114.61M) | Time:00:00.10 | Mem:3.10M, Peak:3.16M | Scene, ViewLayer | Updating Images | Loading JAZZ_VZ58_Steel_RM.tga
Fra:1 Mem:146.61M (Peak 146.61M) | Time:00:00.11 | Mem:3.10M, Peak:3.16M | Scene, ViewLayer | Updating Images | Loading JAZZ_VZ58_Wood_Normal.tga
Fra:1 Mem:162.61M (Peak 162.61M) | Time:00:00.17 | Mem:3.10M, Peak:3.16M | Scene, ViewLayer | Updating Images | Loading JAZZ_VZ58_StockWood_Normal.tga
Fra:1 Mem:178.61M (Peak 178.61M) | Time:00:00.21 | Mem:3.10M, Peak:3.16M | Scene, ViewLayer | Updating Images | Loading JAZZ_VZ58_Steel_Normal.tga
Fra:1 Mem:194.61M (Peak 194.61M) | Time:00:00.24 | Mem:3.10M, Peak:3.16M | Scene, ViewLayer | Updating Images | Loading JAZZ_VZ58_Mag_RM.tga
Fra:1 Mem:210.62M (Peak 210.62M) | Time:00:00.67 | Mem:195.10M, Peak:195.10M | Scene, ViewLayer | Updating Camera Volume
Fra:1 Mem:210.62M (Peak 210.62M) | Time:00:00.67 | Mem:195.10M, Peak:195.10M | Scene, ViewLayer | Updating Lookup Tables
Fra:1 Mem:210.62M (Peak 210.62M) | Time:00:00.67 | Mem:195.18M, Peak:195.18M | Scene, ViewLayer | Updating Lights
Fra:1 Mem:210.62M (Peak 210.62M) | Time:00:00.67 | Mem:195.18M, Peak:195.18M | Scene, ViewLayer | Updating Lights | Computing tree
Fra:1 Mem:210.62M (Peak 210.62M) | Time:00:00.67 | Mem:195.18M, Peak:195.18M | Scene, ViewLayer | Updating Integrator
Fra:1 Mem:210.62M (Peak 210.62M) | Time:00:00.67 | Mem:195.18M, Peak:195.18M | Scene, ViewLayer | Updating Film
Fra:1 Mem:210.63M (Peak 210.63M) | Time:00:00.67 | Mem:195.10M, Peak:195.18M | Scene, ViewLayer | Updating Lookup Tables
Fra:1 Mem:210.63M (Peak 210.63M) | Time:00:00.67 | Mem:195.18M, Peak:195.18M | Scene, ViewLayer | Updating Baking
Fra:1 Mem:210.63M (Peak 210.63M) | Time:00:00.67 | Mem:195.18M, Peak:195.18M | Scene, ViewLayer | Updating Device | Writing constant memory
Fra:1 Mem:210.63M (Peak 210.63M) | Time:00:00.67 | Mem:195.18M, Peak:195.18M | Scene, ViewLayer | Loading denoising kernels (may take a few minutes the first time)
Fra:1 Mem:210.63M (Peak 210.63M) | Time:00:00.67 | Mem:195.18M, Peak:195.18M | Scene, ViewLayer | Sample 0/16
Fra:1 Mem:250.83M (Peak 250.83M) | Time:00:00.75 | Remaining:00:01.21 | Mem:235.20M, Peak:235.20M | Scene, ViewLayer | Sample 1/16
Fra:1 Mem:267.67M (Peak 292.95M) | Time:00:03.40 | Mem:235.20M, Peak:235.20M | Scene, ViewLayer | Sample 16/16
Fra:1 Mem:267.67M (Peak 292.95M) | Time:00:03.40 | Mem:235.20M, Peak:235.20M | Scene, ViewLayer | Finished
Saved: 'C:\Users\SsAnd\AppData\Roaming\Jagged Alliance 3\Mods\jazz\tmp\vz58-r4-material\final\vz58-original.png'
Time: 00:03.49 (Saving: 00:00.08)

Fra:1 Mem:15.86M (Peak 15.86M) | Time:00:00.00 | Mem:0.00M, Peak:0.00M | Scene, ViewLayer | Synchronizing object | JAZZ_VZ58
Fra:1 Mem:15.86M (Peak 15.86M) | Time:00:00.00 | Mem:0.00M, Peak:0.00M | Scene, ViewLayer | Synchronizing object | JAZZ_VZ58_StockWood
Fra:1 Mem:16.09M (Peak 16.09M) | Time:00:00.00 | Mem:0.00M, Peak:0.00M | Scene, ViewLayer | Synchronizing object | JAZZ_VZ58_GripWood
Fra:1 Mem:16.29M (Peak 16.29M) | Time:00:00.00 | Mem:0.00M, Peak:0.00M | Scene, ViewLayer | Synchronizing object | JAZZ_VZ58_Magazine
Fra:1 Mem:16.44M (Peak 16.44M) | Time:00:00.00 | Mem:0.00M, Peak:0.00M | Scene, ViewLayer | Synchronizing object | ReviewLight2
Fra:1 Mem:17.00M (Peak 17.00M) | Time:00:00.00 | Mem:0.00M, Peak:0.00M | Scene, ViewLayer | Initializing
Fra:1 Mem:15.85M (Peak 17.00M) | Time:00:00.00 | Mem:0.00M, Peak:0.00M | Scene, ViewLayer | Waiting for render to start
Fra:1 Mem:15.85M (Peak 17.00M) | Time:00:00.00 | Mem:0.00M, Peak:0.00M | Scene, ViewLayer | Updating Scene
Fra:1 Mem:15.85M (Peak 17.00M) | Time:00:00.00 | Mem:0.00M, Peak:0.00M | Scene, ViewLayer | Updating Shaders
Fra:1 Mem:15.85M (Peak 17.00M) | Time:00:00.00 | Mem:0.00M, Peak:0.00M | Scene, ViewLayer | Loading render kernels (may take a few minutes the first time)
Fra:1 Mem:15.93M (Peak 17.00M) | Time:00:00.00 | Mem:0.00M, Peak:0.00M | Scene, ViewLayer | Updating Procedurals
Fra:1 Mem:15.93M (Peak 17.00M) | Time:00:00.00 | Mem:0.00M, Peak:0.00M | Scene, ViewLayer | Updating Background
Fra:1 Mem:15.93M (Peak 17.00M) | Time:00:00.00 | Mem:0.00M, Peak:0.00M | Scene, ViewLayer | Updating Camera
Fra:1 Mem:15.93M (Peak 17.00M) | Time:00:00.00 | Mem:0.00M, Peak:0.00M | Scene, ViewLayer | Updating Meshes Flags
Fra:1 Mem:15.93M (Peak 17.00M) | Time:00:00.00 | Mem:0.00M, Peak:0.00M | Scene, ViewLayer | Updating Objects
Fra:1 Mem:15.93M (Peak 17.00M) | Time:00:00.00 | Mem:0.00M, Peak:0.00M | Scene, ViewLayer | Updating Objects | Copying Transformations to device
Fra:1 Mem:15.94M (Peak 17.00M) | Time:00:00.00 | Mem:0.01M, Peak:0.01M | Scene, ViewLayer | Updating Particle Systems
Fra:1 Mem:15.94M (Peak 17.00M) | Time:00:00.00 | Mem:0.01M, Peak:0.01M | Scene, ViewLayer | Updating Particle Systems | Copying Particles to device
Fra:1 Mem:15.94M (Peak 17.00M) | Time:00:00.00 | Mem:0.01M, Peak:0.01M | Scene, ViewLayer | Updating Meshes
Fra:1 Mem:16.99M (Peak 17.00M) | Time:00:00.01 | Mem:0.01M, Peak:0.01M | Scene, ViewLayer | Updating Objects | Applying Static Transformations
Fra:1 Mem:16.99M (Peak 17.00M) | Time:00:00.01 | Mem:0.01M, Peak:0.01M | Scene, ViewLayer | Updating Mesh | Computing attributes
Fra:1 Mem:18.35M (Peak 18.35M) | Time:00:00.01 | Mem:0.01M, Peak:0.01M | Scene, ViewLayer | Updating Mesh | Copying Attributes to device
Fra:1 Mem:18.35M (Peak 18.35M) | Time:00:00.01 | Mem:1.37M, Peak:1.37M | Scene, ViewLayer | Updating Scene BVH | Building
Fra:1 Mem:18.35M (Peak 18.35M) | Time:00:00.01 | Mem:1.37M, Peak:1.37M | Scene, ViewLayer | Updating Scene BVH | Building BVH
Fra:1 Mem:18.35M (Peak 18.35M) | Time:00:00.01 | Mem:1.93M, Peak:1.93M | Scene, ViewLayer | Updating Scene BVH | Building BVH 0%
Fra:1 Mem:18.35M (Peak 18.35M) | Time:00:00.02 | Mem:2.60M, Peak:3.16M | Scene, ViewLayer | Updating Scene BVH | Copying BVH to device
Fra:1 Mem:18.35M (Peak 18.35M) | Time:00:00.02 | Mem:2.60M, Peak:3.16M | Scene, ViewLayer | Updating Mesh | Computing normals
Fra:1 Mem:18.85M (Peak 18.85M) | Time:00:00.02 | Mem:2.60M, Peak:3.16M | Scene, ViewLayer | Updating Mesh | Copying Mesh to device
Fra:1 Mem:18.85M (Peak 18.85M) | Time:00:00.02 | Mem:3.10M, Peak:3.16M | Scene, ViewLayer | Updating Objects Flags
Fra:1 Mem:18.85M (Peak 18.85M) | Time:00:00.02 | Mem:3.10M, Peak:3.16M | Scene, ViewLayer | Updating Primitive Offsets
Fra:1 Mem:18.85M (Peak 18.85M) | Time:00:00.02 | Mem:3.10M, Peak:3.16M | Scene, ViewLayer | Updating Images
Fra:1 Mem:18.85M (Peak 18.85M) | Time:00:00.02 | Mem:3.10M, Peak:3.16M | Scene, ViewLayer | Updating Images | Loading JAZZ_VZ58_StockWood_Normal.tga
Fra:1 Mem:18.85M (Peak 18.85M) | Time:00:00.02 | Mem:3.10M, Peak:3.16M | Scene, ViewLayer | Updating Images | Loading JAZZ_VZ58_Steel_Base.tga
Fra:1 Mem:18.85M (Peak 18.85M) | Time:00:00.02 | Mem:3.10M, Peak:3.16M | Scene, ViewLayer | Updating Images | Loading JAZZ_VZ58_Wood_Normal.tga
Fra:1 Mem:210.86M (Peak 210.86M) | Time:00:00.42 | Mem:195.10M, Peak:195.10M | Scene, ViewLayer | Updating Camera Volume
Fra:1 Mem:210.86M (Peak 210.86M) | Time:00:00.42 | Mem:195.10M, Peak:195.10M | Scene, ViewLayer | Updating Lookup Tables
Fra:1 Mem:210.86M (Peak 210.86M) | Time:00:00.42 | Mem:195.18M, Peak:195.18M | Scene, ViewLayer | Updating Lights
Fra:1 Mem:210.86M (Peak 210.86M) | Time:00:00.42 | Mem:195.18M, Peak:195.18M | Scene, ViewLayer | Updating Lights | Computing tree
Fra:1 Mem:210.86M (Peak 210.86M) | Time:00:00.42 | Mem:195.18M, Peak:195.18M | Scene, ViewLayer | Updating Integrator
Fra:1 Mem:210.86M (Peak 210.86M) | Time:00:00.42 | Mem:195.18M, Peak:195.18M | Scene, ViewLayer | Updating Film
Fra:1 Mem:210.86M (Peak 210.86M) | Time:00:00.42 | Mem:195.10M, Peak:195.18M | Scene, ViewLayer | Updating Lookup Tables
Fra:1 Mem:210.86M (Peak 210.86M) | Time:00:00.42 | Mem:195.18M, Peak:195.18M | Scene, ViewLayer | Updating Baking
Fra:1 Mem:210.86M (Peak 210.86M) | Time:00:00.42 | Mem:195.18M, Peak:195.18M | Scene, ViewLayer | Updating Device | Writing constant memory
Fra:1 Mem:210.87M (Peak 210.87M) | Time:00:00.42 | Mem:195.18M, Peak:195.18M | Scene, ViewLayer | Loading denoising kernels (may take a few minutes the first time)
Fra:1 Mem:210.87M (Peak 210.87M) | Time:00:00.42 | Mem:195.18M, Peak:195.18M | Scene, ViewLayer | Sample 0/64
Fra:1 Mem:214.93M (Peak 214.93M) | Time:00:00.43 | Remaining:00:00.33 | Mem:199.07M, Peak:199.07M | Scene, ViewLayer | Sample 1/64
Fra:1 Mem:216.56M (Peak 219.01M) | Time:00:00.85 | Mem:199.07M, Peak:199.07M | Scene, ViewLayer | Sample 64/64
Fra:1 Mem:216.56M (Peak 219.01M) | Time:00:00.85 | Mem:199.07M, Peak:199.07M | Scene, ViewLayer | Finished
Fra:1 Mem:16.33M (Peak 219.01M) | Time:00:00.86 | Compositing
Saved: 'C:\Users\SsAnd\AppData\Roaming\Jagged Alliance 3\Mods\jazz\tmp\vz58-r4-material\final\VZ58_icon.png'
Time: 00:00.90 (Saving: 00:00.02)


Blender quit
