Blender 4.5.3 LTS (hash 67807e1800cc built 2025-09-09 01:33:33)
Read blend: "D:\JaWeapons\Weapons\_r4_material_20260927\rigged\r4_material.blend"
Fra:1 Mem:9.88M (Peak 9.88M) | Time:00:00.00 | Mem:0.00M, Peak:0.00M | Scene, ViewLayer | Synchronizing object | JAZZ_VektorR4
Fra:1 Mem:9.88M (Peak 9.88M) | Time:00:00.00 | Mem:0.00M, Peak:0.00M | Scene, ViewLayer | Synchronizing object | ReviewLight0
Fra:1 Mem:10.04M (Peak 10.04M) | Time:00:00.00 | Mem:0.00M, Peak:0.00M | Scene, ViewLayer | Synchronizing object | ReviewLight2
Fra:1 Mem:11.68M (Peak 11.68M) | Time:00:00.00 | Mem:0.00M, Peak:0.00M | Scene, ViewLayer | Initializing
Fra:1 Mem:11.33M (Peak 11.68M) | Time:00:00.00 | Mem:0.00M, Peak:0.00M | Scene, ViewLayer | Waiting for render to start
Fra:1 Mem:11.33M (Peak 11.68M) | Time:00:00.00 | Mem:0.00M, Peak:0.00M | Scene, ViewLayer | Updating Scene
Fra:1 Mem:11.33M (Peak 11.68M) | Time:00:00.00 | Mem:0.00M, Peak:0.00M | Scene, ViewLayer | Updating Shaders
Fra:1 Mem:11.33M (Peak 11.68M) | Time:00:00.00 | Mem:0.00M, Peak:0.00M | Scene, ViewLayer | Loading render kernels (may take a few minutes the first time)
Fra:1 Mem:11.41M (Peak 11.68M) | Time:00:00.01 | Mem:0.00M, Peak:0.00M | Scene, ViewLayer | Updating Procedurals
Fra:1 Mem:11.41M (Peak 11.68M) | Time:00:00.01 | Mem:0.00M, Peak:0.00M | Scene, ViewLayer | Updating Background
Fra:1 Mem:11.41M (Peak 11.68M) | Time:00:00.01 | Mem:0.00M, Peak:0.00M | Scene, ViewLayer | Updating Camera
Fra:1 Mem:11.41M (Peak 11.68M) | Time:00:00.01 | Mem:0.00M, Peak:0.00M | Scene, ViewLayer | Updating Meshes Flags
Fra:1 Mem:11.41M (Peak 11.68M) | Time:00:00.01 | Mem:0.00M, Peak:0.00M | Scene, ViewLayer | Updating Objects
Fra:1 Mem:11.41M (Peak 11.68M) | Time:00:00.01 | Mem:0.00M, Peak:0.00M | Scene, ViewLayer | Updating Objects | Copying Transformations to device
Fra:1 Mem:11.41M (Peak 11.68M) | Time:00:00.01 | Mem:0.00M, Peak:0.00M | Scene, ViewLayer | Updating Particle Systems
Fra:1 Mem:11.41M (Peak 11.68M) | Time:00:00.01 | Mem:0.00M, Peak:0.00M | Scene, ViewLayer | Updating Particle Systems | Copying Particles to device
Fra:1 Mem:11.41M (Peak 11.68M) | Time:00:00.01 | Mem:0.00M, Peak:0.00M | Scene, ViewLayer | Updating Meshes
Fra:1 Mem:12.18M (Peak 12.18M) | Time:00:00.01 | Mem:0.00M, Peak:0.00M | Scene, ViewLayer | Updating Objects | Applying Static Transformations
Fra:1 Mem:12.18M (Peak 12.18M) | Time:00:00.01 | Mem:0.00M, Peak:0.00M | Scene, ViewLayer | Updating Mesh | Computing attributes
Fra:1 Mem:13.25M (Peak 13.25M) | Time:00:00.01 | Mem:0.00M, Peak:0.00M | Scene, ViewLayer | Updating Mesh | Copying Attributes to device
Fra:1 Mem:13.25M (Peak 13.25M) | Time:00:00.01 | Mem:1.07M, Peak:1.07M | Scene, ViewLayer | Updating Scene BVH | Building
Fra:1 Mem:13.25M (Peak 13.25M) | Time:00:00.01 | Mem:1.07M, Peak:1.07M | Scene, ViewLayer | Updating Scene BVH | Building BVH
Fra:1 Mem:13.25M (Peak 13.25M) | Time:00:00.01 | Mem:1.48M, Peak:1.48M | Scene, ViewLayer | Updating Scene BVH | Building BVH 0%
Fra:1 Mem:13.25M (Peak 13.25M) | Time:00:00.02 | Mem:1.94M, Peak:2.35M | Scene, ViewLayer | Updating Scene BVH | Copying BVH to device
Fra:1 Mem:13.25M (Peak 13.25M) | Time:00:00.02 | Mem:1.94M, Peak:2.35M | Scene, ViewLayer | Updating Mesh | Computing normals
Fra:1 Mem:13.74M (Peak 13.74M) | Time:00:00.02 | Mem:1.94M, Peak:2.35M | Scene, ViewLayer | Updating Mesh | Copying Mesh to device
Fra:1 Mem:13.74M (Peak 13.74M) | Time:00:00.02 | Mem:2.42M, Peak:2.42M | Scene, ViewLayer | Updating Objects Flags
Fra:1 Mem:13.74M (Peak 13.74M) | Time:00:00.02 | Mem:2.42M, Peak:2.42M | Scene, ViewLayer | Updating Primitive Offsets
Fra:1 Mem:13.74M (Peak 13.74M) | Time:00:00.02 | Mem:2.42M, Peak:2.42M | Scene, ViewLayer | Updating Images
Fra:1 Mem:13.74M (Peak 13.74M) | Time:00:00.02 | Mem:2.42M, Peak:2.42M | Scene, ViewLayer | Updating Images | Loading JAZZ_VektorR4_Normal.tga
Fra:1 Mem:13.74M (Peak 13.74M) | Time:00:00.02 | Mem:2.42M, Peak:2.42M | Scene, ViewLayer | Updating Images | Loading JAZZ_VektorR4_RM.tga
Fra:1 Mem:45.74M (Peak 45.74M) | Time:00:00.02 | Mem:2.42M, Peak:2.42M | Scene, ViewLayer | Updating Images | Loading JAZZ_VektorR4_Base.tga
Fra:1 Mem:61.75M (Peak 61.75M) | Time:00:00.18 | Mem:50.42M, Peak:50.42M | Scene, ViewLayer | Updating Camera Volume
Fra:1 Mem:61.75M (Peak 61.75M) | Time:00:00.18 | Mem:50.42M, Peak:50.42M | Scene, ViewLayer | Updating Lookup Tables
Fra:1 Mem:61.75M (Peak 61.75M) | Time:00:00.18 | Mem:50.51M, Peak:50.51M | Scene, ViewLayer | Updating Lights
Fra:1 Mem:61.75M (Peak 61.75M) | Time:00:00.18 | Mem:50.51M, Peak:50.51M | Scene, ViewLayer | Updating Lights | Computing tree
Fra:1 Mem:61.75M (Peak 61.75M) | Time:00:00.18 | Mem:50.51M, Peak:50.51M | Scene, ViewLayer | Updating Integrator
Fra:1 Mem:61.75M (Peak 61.75M) | Time:00:00.18 | Mem:50.51M, Peak:50.51M | Scene, ViewLayer | Updating Film
Fra:1 Mem:61.76M (Peak 61.76M) | Time:00:00.18 | Mem:50.43M, Peak:50.51M | Scene, ViewLayer | Updating Lookup Tables
Fra:1 Mem:61.76M (Peak 61.76M) | Time:00:00.18 | Mem:50.51M, Peak:50.51M | Scene, ViewLayer | Updating Baking
Fra:1 Mem:61.76M (Peak 61.76M) | Time:00:00.18 | Mem:50.51M, Peak:50.51M | Scene, ViewLayer | Updating Device | Writing constant memory
Fra:1 Mem:61.76M (Peak 61.76M) | Time:00:00.18 | Mem:50.51M, Peak:50.51M | Scene, ViewLayer | Loading denoising kernels (may take a few minutes the first time)
Fra:1 Mem:61.76M (Peak 61.76M) | Time:00:00.18 | Mem:50.51M, Peak:50.51M | Scene, ViewLayer | Sample 0/16
Fra:1 Mem:101.96M (Peak 101.96M) | Time:00:00.22 | Remaining:00:00.54 | Mem:90.53M, Peak:90.53M | Scene, ViewLayer | Sample 1/16
Fra:1 Mem:118.81M (Peak 144.08M) | Time:00:02.03 | Mem:90.53M, Peak:90.53M | Scene, ViewLayer | Sample 16/16
Fra:1 Mem:118.81M (Peak 144.08M) | Time:00:02.03 | Mem:90.53M, Peak:90.53M | Scene, ViewLayer | Finished
Saved: 'C:\Users\SsAnd\AppData\Roaming\Jagged Alliance 3\Mods\jazz\tmp\vz58-r4-material\final\r4-original.png'
Time: 00:02.08 (Saving: 00:00.04)


Blender quit
