Blender 4.5.3 LTS (hash 67807e1800cc built 2025-09-09 01:33:33)
Read blend: "D:\JaWeapons\Weapons\_r4_repair_20260927\rigged\VektorR4_JA3.blend"
Fra:1 Mem:9.77M (Peak 9.77M) | Time:00:00.00 | Mem:0.00M, Peak:0.00M | Scene, ViewLayer | Synchronizing object | ReviewLight2
Fra:1 Mem:9.77M (Peak 9.77M) | Time:00:00.00 | Mem:0.00M, Peak:0.00M | Scene, ViewLayer | Synchronizing object | ReviewLight1
Fra:1 Mem:9.78M (Peak 9.78M) | Time:00:00.00 | Mem:0.00M, Peak:0.00M | Scene, ViewLayer | Synchronizing object | ReviewLight0
Fra:1 Mem:9.78M (Peak 9.78M) | Time:00:00.00 | Mem:0.00M, Peak:0.00M | Scene, ViewLayer | Synchronizing object | JAZZ_VektorR4
Fra:1 Mem:11.25M (Peak 11.25M) | Time:00:00.01 | Mem:0.00M, Peak:0.00M | Scene, ViewLayer | Initializing
Fra:1 Mem:10.90M (Peak 11.25M) | Time:00:00.01 | Mem:0.00M, Peak:0.00M | Scene, ViewLayer | Waiting for render to start
Fra:1 Mem:10.90M (Peak 11.25M) | Time:00:00.01 | Mem:0.00M, Peak:0.00M | Scene, ViewLayer | Updating Scene
Fra:1 Mem:10.90M (Peak 11.25M) | Time:00:00.01 | Mem:0.00M, Peak:0.00M | Scene, ViewLayer | Updating Shaders
Fra:1 Mem:10.90M (Peak 11.25M) | Time:00:00.01 | Mem:0.00M, Peak:0.00M | Scene, ViewLayer | Loading render kernels (may take a few minutes the first time)
Fra:1 Mem:10.98M (Peak 11.25M) | Time:00:00.03 | Mem:0.00M, Peak:0.00M | Scene, ViewLayer | Updating Procedurals
Fra:1 Mem:10.98M (Peak 11.25M) | Time:00:00.03 | Mem:0.00M, Peak:0.00M | Scene, ViewLayer | Updating Background
Fra:1 Mem:10.98M (Peak 11.25M) | Time:00:00.03 | Mem:0.00M, Peak:0.00M | Scene, ViewLayer | Updating Camera
Fra:1 Mem:10.98M (Peak 11.25M) | Time:00:00.03 | Mem:0.00M, Peak:0.00M | Scene, ViewLayer | Updating Meshes Flags
Fra:1 Mem:10.98M (Peak 11.25M) | Time:00:00.03 | Mem:0.00M, Peak:0.00M | Scene, ViewLayer | Updating Objects
Fra:1 Mem:10.98M (Peak 11.25M) | Time:00:00.03 | Mem:0.00M, Peak:0.00M | Scene, ViewLayer | Updating Objects | Copying Transformations to device
Fra:1 Mem:10.99M (Peak 11.25M) | Time:00:00.03 | Mem:0.00M, Peak:0.00M | Scene, ViewLayer | Updating Particle Systems
Fra:1 Mem:10.99M (Peak 11.25M) | Time:00:00.03 | Mem:0.00M, Peak:0.00M | Scene, ViewLayer | Updating Particle Systems | Copying Particles to device
Fra:1 Mem:10.99M (Peak 11.25M) | Time:00:00.03 | Mem:0.00M, Peak:0.00M | Scene, ViewLayer | Updating Meshes
Fra:1 Mem:11.76M (Peak 11.76M) | Time:00:00.04 | Mem:0.00M, Peak:0.00M | Scene, ViewLayer | Updating Objects | Applying Static Transformations
Fra:1 Mem:11.76M (Peak 11.76M) | Time:00:00.04 | Mem:0.00M, Peak:0.00M | Scene, ViewLayer | Updating Mesh | Computing attributes
Fra:1 Mem:12.77M (Peak 12.77M) | Time:00:00.04 | Mem:0.00M, Peak:0.00M | Scene, ViewLayer | Updating Mesh | Copying Attributes to device
Fra:1 Mem:12.77M (Peak 12.77M) | Time:00:00.04 | Mem:1.01M, Peak:1.01M | Scene, ViewLayer | Updating Scene BVH | Building
Fra:1 Mem:12.77M (Peak 12.77M) | Time:00:00.04 | Mem:1.01M, Peak:1.01M | Scene, ViewLayer | Updating Scene BVH | Building BVH
Fra:1 Mem:12.77M (Peak 12.77M) | Time:00:00.04 | Mem:1.42M, Peak:1.42M | Scene, ViewLayer | Updating Scene BVH | Building BVH 0%
Fra:1 Mem:12.77M (Peak 12.77M) | Time:00:00.05 | Mem:1.88M, Peak:2.29M | Scene, ViewLayer | Updating Scene BVH | Copying BVH to device
Fra:1 Mem:12.77M (Peak 12.77M) | Time:00:00.05 | Mem:1.88M, Peak:2.29M | Scene, ViewLayer | Updating Mesh | Computing normals
Fra:1 Mem:13.14M (Peak 13.14M) | Time:00:00.05 | Mem:1.88M, Peak:2.29M | Scene, ViewLayer | Updating Mesh | Copying Mesh to device
Fra:1 Mem:13.14M (Peak 13.14M) | Time:00:00.05 | Mem:2.25M, Peak:2.29M | Scene, ViewLayer | Updating Objects Flags
Fra:1 Mem:13.14M (Peak 13.14M) | Time:00:00.05 | Mem:2.25M, Peak:2.29M | Scene, ViewLayer | Updating Primitive Offsets
Fra:1 Mem:13.14M (Peak 13.14M) | Time:00:00.05 | Mem:2.25M, Peak:2.29M | Scene, ViewLayer | Updating Images
Fra:1 Mem:13.14M (Peak 13.14M) | Time:00:00.05 | Mem:2.25M, Peak:2.29M | Scene, ViewLayer | Updating Images | Loading JAZZ_VektorR4_Normal.tga
Fra:1 Mem:29.14M (Peak 29.14M) | Time:00:00.05 | Mem:2.25M, Peak:2.29M | Scene, ViewLayer | Updating Images | Loading JAZZ_VektorR4_RM.tga
Fra:1 Mem:29.14M (Peak 29.14M) | Time:00:00.05 | Mem:2.25M, Peak:2.29M | Scene, ViewLayer | Updating Images | Loading JAZZ_VektorR4_Base.tga
Fra:1 Mem:61.15M (Peak 61.15M) | Time:00:00.45 | Mem:50.25M, Peak:50.25M | Scene, ViewLayer | Updating Camera Volume
Fra:1 Mem:61.15M (Peak 61.15M) | Time:00:00.45 | Mem:50.25M, Peak:50.25M | Scene, ViewLayer | Updating Lookup Tables
Fra:1 Mem:61.15M (Peak 61.15M) | Time:00:00.45 | Mem:50.33M, Peak:50.33M | Scene, ViewLayer | Updating Lights
Fra:1 Mem:61.15M (Peak 61.15M) | Time:00:00.45 | Mem:50.33M, Peak:50.33M | Scene, ViewLayer | Updating Lights | Computing tree
Fra:1 Mem:61.15M (Peak 61.15M) | Time:00:00.45 | Mem:50.33M, Peak:50.33M | Scene, ViewLayer | Updating Integrator
Fra:1 Mem:61.15M (Peak 61.15M) | Time:00:00.45 | Mem:50.33M, Peak:50.33M | Scene, ViewLayer | Updating Film
Fra:1 Mem:61.16M (Peak 61.16M) | Time:00:00.45 | Mem:50.25M, Peak:50.33M | Scene, ViewLayer | Updating Lookup Tables
Fra:1 Mem:61.16M (Peak 61.16M) | Time:00:00.45 | Mem:50.33M, Peak:50.33M | Scene, ViewLayer | Updating Baking
Fra:1 Mem:61.16M (Peak 61.16M) | Time:00:00.45 | Mem:50.33M, Peak:50.33M | Scene, ViewLayer | Updating Device | Writing constant memory
Fra:1 Mem:61.16M (Peak 61.16M) | Time:00:00.45 | Mem:50.33M, Peak:50.33M | Scene, ViewLayer | Loading denoising kernels (may take a few minutes the first time)
Fra:1 Mem:61.16M (Peak 61.16M) | Time:00:00.45 | Mem:50.33M, Peak:50.33M | Scene, ViewLayer | Sample 0/16
Fra:1 Mem:101.36M (Peak 101.36M) | Time:00:00.50 | Remaining:00:00.69 | Mem:90.35M, Peak:90.35M | Scene, ViewLayer | Sample 1/16
Fra:1 Mem:118.20M (Peak 143.47M) | Time:00:04.34 | Mem:90.35M, Peak:90.35M | Scene, ViewLayer | Sample 16/16
Fra:1 Mem:118.20M (Peak 143.47M) | Time:00:04.34 | Mem:90.35M, Peak:90.35M | Scene, ViewLayer | Finished
Saved: 'C:\Users\SsAnd\AppData\Roaming\Jagged Alliance 3\Mods\jazz\tmp\vz58-r4-material\previews\r4-original.png'
Time: 00:04.48 (Saving: 00:00.13)

Fra:1 Mem:10.40M (Peak 10.40M) | Time:00:00.01 | Mem:0.00M, Peak:0.00M | Scene, ViewLayer | Synchronizing object | ReviewLight2
Fra:1 Mem:10.40M (Peak 10.40M) | Time:00:00.01 | Mem:0.00M, Peak:0.00M | Scene, ViewLayer | Synchronizing object | JAZZ_VektorR4
Fra:1 Mem:10.40M (Peak 10.40M) | Time:00:00.01 | Mem:0.00M, Peak:0.00M | Scene, ViewLayer | Synchronizing object | ReviewLight1
Fra:1 Mem:10.73M (Peak 10.73M) | Time:00:00.01 | Mem:0.00M, Peak:0.00M | Scene, ViewLayer | Synchronizing object | ReviewLight0
Fra:1 Mem:11.25M (Peak 11.25M) | Time:00:00.01 | Mem:0.00M, Peak:0.00M | Scene, ViewLayer | Initializing
Fra:1 Mem:10.90M (Peak 11.25M) | Time:00:00.02 | Mem:0.00M, Peak:0.00M | Scene, ViewLayer | Waiting for render to start
Fra:1 Mem:10.90M (Peak 11.25M) | Time:00:00.02 | Mem:0.00M, Peak:0.00M | Scene, ViewLayer | Updating Scene
Fra:1 Mem:10.90M (Peak 11.25M) | Time:00:00.02 | Mem:0.00M, Peak:0.00M | Scene, ViewLayer | Updating Shaders
Fra:1 Mem:10.90M (Peak 11.25M) | Time:00:00.02 | Mem:0.00M, Peak:0.00M | Scene, ViewLayer | Loading render kernels (may take a few minutes the first time)
Fra:1 Mem:10.98M (Peak 11.25M) | Time:00:00.02 | Mem:0.00M, Peak:0.00M | Scene, ViewLayer | Updating Procedurals
Fra:1 Mem:10.98M (Peak 11.25M) | Time:00:00.02 | Mem:0.00M, Peak:0.00M | Scene, ViewLayer | Updating Background
Fra:1 Mem:10.98M (Peak 11.25M) | Time:00:00.02 | Mem:0.00M, Peak:0.00M | Scene, ViewLayer | Updating Camera
Fra:1 Mem:10.98M (Peak 11.25M) | Time:00:00.02 | Mem:0.00M, Peak:0.00M | Scene, ViewLayer | Updating Meshes Flags
Fra:1 Mem:10.98M (Peak 11.25M) | Time:00:00.02 | Mem:0.00M, Peak:0.00M | Scene, ViewLayer | Updating Objects
Fra:1 Mem:10.98M (Peak 11.25M) | Time:00:00.02 | Mem:0.00M, Peak:0.00M | Scene, ViewLayer | Updating Objects | Copying Transformations to device
Fra:1 Mem:10.99M (Peak 11.25M) | Time:00:00.02 | Mem:0.00M, Peak:0.00M | Scene, ViewLayer | Updating Particle Systems
Fra:1 Mem:10.99M (Peak 11.25M) | Time:00:00.02 | Mem:0.00M, Peak:0.00M | Scene, ViewLayer | Updating Particle Systems | Copying Particles to device
Fra:1 Mem:10.99M (Peak 11.25M) | Time:00:00.02 | Mem:0.00M, Peak:0.00M | Scene, ViewLayer | Updating Meshes
Fra:1 Mem:11.76M (Peak 11.76M) | Time:00:00.04 | Mem:0.00M, Peak:0.00M | Scene, ViewLayer | Updating Objects | Applying Static Transformations
Fra:1 Mem:11.76M (Peak 11.76M) | Time:00:00.04 | Mem:0.00M, Peak:0.00M | Scene, ViewLayer | Updating Mesh | Computing attributes
Fra:1 Mem:12.77M (Peak 12.77M) | Time:00:00.04 | Mem:0.00M, Peak:0.00M | Scene, ViewLayer | Updating Mesh | Copying Attributes to device
Fra:1 Mem:12.77M (Peak 12.77M) | Time:00:00.04 | Mem:1.01M, Peak:1.01M | Scene, ViewLayer | Updating Scene BVH | Building
Fra:1 Mem:12.77M (Peak 12.77M) | Time:00:00.04 | Mem:1.01M, Peak:1.01M | Scene, ViewLayer | Updating Scene BVH | Building BVH
Fra:1 Mem:12.77M (Peak 12.77M) | Time:00:00.04 | Mem:1.42M, Peak:1.42M | Scene, ViewLayer | Updating Scene BVH | Building BVH 0%
Fra:1 Mem:12.77M (Peak 12.77M) | Time:00:00.05 | Mem:1.88M, Peak:2.29M | Scene, ViewLayer | Updating Scene BVH | Copying BVH to device
Fra:1 Mem:12.77M (Peak 12.77M) | Time:00:00.05 | Mem:1.88M, Peak:2.29M | Scene, ViewLayer | Updating Mesh | Computing normals
Fra:1 Mem:13.14M (Peak 13.14M) | Time:00:00.05 | Mem:1.88M, Peak:2.29M | Scene, ViewLayer | Updating Mesh | Copying Mesh to device
Fra:1 Mem:13.14M (Peak 13.14M) | Time:00:00.05 | Mem:2.25M, Peak:2.29M | Scene, ViewLayer | Updating Objects Flags
Fra:1 Mem:13.14M (Peak 13.14M) | Time:00:00.05 | Mem:2.25M, Peak:2.29M | Scene, ViewLayer | Updating Primitive Offsets
Fra:1 Mem:13.14M (Peak 13.14M) | Time:00:00.05 | Mem:2.25M, Peak:2.29M | Scene, ViewLayer | Updating Images
Fra:1 Mem:13.14M (Peak 13.14M) | Time:00:00.05 | Mem:2.25M, Peak:2.29M | Scene, ViewLayer | Updating Images | Loading JAZZ_VektorR4_Normal.tga
Fra:1 Mem:13.14M (Peak 13.14M) | Time:00:00.05 | Mem:2.25M, Peak:2.29M | Scene, ViewLayer | Updating Images | Loading JAZZ_VektorR4_RM.tga
Fra:1 Mem:29.14M (Peak 29.14M) | Time:00:00.05 | Mem:2.25M, Peak:2.29M | Scene, ViewLayer | Updating Images | Loading JAZZ_VektorR4_Base.tga
Fra:1 Mem:61.15M (Peak 61.15M) | Time:00:00.65 | Mem:50.25M, Peak:50.25M | Scene, ViewLayer | Updating Camera Volume
Fra:1 Mem:61.15M (Peak 61.15M) | Time:00:00.65 | Mem:50.25M, Peak:50.25M | Scene, ViewLayer | Updating Lookup Tables
Fra:1 Mem:61.15M (Peak 61.15M) | Time:00:00.65 | Mem:50.33M, Peak:50.33M | Scene, ViewLayer | Updating Lights
Fra:1 Mem:61.15M (Peak 61.15M) | Time:00:00.65 | Mem:50.33M, Peak:50.33M | Scene, ViewLayer | Updating Lights | Computing tree
Fra:1 Mem:61.15M (Peak 61.15M) | Time:00:00.66 | Mem:50.33M, Peak:50.33M | Scene, ViewLayer | Updating Integrator
Fra:1 Mem:61.15M (Peak 61.15M) | Time:00:00.66 | Mem:50.33M, Peak:50.33M | Scene, ViewLayer | Updating Film
Fra:1 Mem:61.16M (Peak 61.16M) | Time:00:00.66 | Mem:50.25M, Peak:50.33M | Scene, ViewLayer | Updating Lookup Tables
Fra:1 Mem:61.16M (Peak 61.16M) | Time:00:00.66 | Mem:50.33M, Peak:50.33M | Scene, ViewLayer | Updating Baking
Fra:1 Mem:61.16M (Peak 61.16M) | Time:00:00.66 | Mem:50.33M, Peak:50.33M | Scene, ViewLayer | Updating Device | Writing constant memory
Fra:1 Mem:61.16M (Peak 61.16M) | Time:00:00.66 | Mem:50.33M, Peak:50.33M | Scene, ViewLayer | Loading denoising kernels (may take a few minutes the first time)
Fra:1 Mem:61.16M (Peak 61.16M) | Time:00:00.66 | Mem:50.33M, Peak:50.33M | Scene, ViewLayer | Sample 0/16
Fra:1 Mem:101.36M (Peak 101.36M) | Time:00:00.75 | Remaining:00:01.38 | Mem:90.35M, Peak:90.35M | Scene, ViewLayer | Sample 1/16
Fra:1 Mem:118.20M (Peak 143.47M) | Time:00:04.63 | Mem:90.35M, Peak:90.35M | Scene, ViewLayer | Sample 16/16
Fra:1 Mem:118.20M (Peak 143.47M) | Time:00:04.63 | Mem:90.35M, Peak:90.35M | Scene, ViewLayer | Finished
Saved: 'C:\Users\SsAnd\AppData\Roaming\Jagged Alliance 3\Mods\jazz\tmp\vz58-r4-material\previews\r4-no-normal.png'
Time: 00:04.74 (Saving: 00:00.10)

Fra:1 Mem:10.45M (Peak 10.45M) | Time:00:00.00 | Mem:0.00M, Peak:0.00M | Scene, ViewLayer | Synchronizing object | JAZZ_VektorR4
Fra:1 Mem:10.45M (Peak 10.45M) | Time:00:00.00 | Mem:0.00M, Peak:0.00M | Scene, ViewLayer | Synchronizing object | ReviewLight2
Fra:1 Mem:10.78M (Peak 10.78M) | Time:00:00.00 | Mem:0.00M, Peak:0.00M | Scene, ViewLayer | Synchronizing object | ReviewLight1
Fra:1 Mem:10.78M (Peak 10.78M) | Time:00:00.00 | Mem:0.00M, Peak:0.00M | Scene, ViewLayer | Synchronizing object | ReviewLight0
Fra:1 Mem:11.31M (Peak 11.31M) | Time:00:00.01 | Mem:0.00M, Peak:0.00M | Scene, ViewLayer | Initializing
Fra:1 Mem:10.94M (Peak 11.31M) | Time:00:00.01 | Mem:0.00M, Peak:0.00M | Scene, ViewLayer | Waiting for render to start
Fra:1 Mem:10.94M (Peak 11.31M) | Time:00:00.01 | Mem:0.00M, Peak:0.00M | Scene, ViewLayer | Updating Scene
Fra:1 Mem:10.94M (Peak 11.31M) | Time:00:00.01 | Mem:0.00M, Peak:0.00M | Scene, ViewLayer | Updating Shaders
Fra:1 Mem:10.94M (Peak 11.31M) | Time:00:00.01 | Mem:0.00M, Peak:0.00M | Scene, ViewLayer | Loading render kernels (may take a few minutes the first time)
Fra:1 Mem:11.03M (Peak 11.31M) | Time:00:00.01 | Mem:0.01M, Peak:0.01M | Scene, ViewLayer | Updating Procedurals
Fra:1 Mem:11.03M (Peak 11.31M) | Time:00:00.02 | Mem:0.01M, Peak:0.01M | Scene, ViewLayer | Updating Background
Fra:1 Mem:11.03M (Peak 11.31M) | Time:00:00.02 | Mem:0.01M, Peak:0.01M | Scene, ViewLayer | Updating Camera
Fra:1 Mem:11.03M (Peak 11.31M) | Time:00:00.02 | Mem:0.01M, Peak:0.01M | Scene, ViewLayer | Updating Meshes Flags
Fra:1 Mem:11.03M (Peak 11.31M) | Time:00:00.02 | Mem:0.01M, Peak:0.01M | Scene, ViewLayer | Updating Objects
Fra:1 Mem:11.03M (Peak 11.31M) | Time:00:00.02 | Mem:0.01M, Peak:0.01M | Scene, ViewLayer | Updating Objects | Copying Transformations to device
Fra:1 Mem:11.03M (Peak 11.31M) | Time:00:00.02 | Mem:0.01M, Peak:0.01M | Scene, ViewLayer | Updating Particle Systems
Fra:1 Mem:11.03M (Peak 11.31M) | Time:00:00.02 | Mem:0.01M, Peak:0.01M | Scene, ViewLayer | Updating Particle Systems | Copying Particles to device
Fra:1 Mem:11.03M (Peak 11.31M) | Time:00:00.02 | Mem:0.01M, Peak:0.01M | Scene, ViewLayer | Updating Meshes
Fra:1 Mem:11.80M (Peak 11.80M) | Time:00:00.03 | Mem:0.01M, Peak:0.01M | Scene, ViewLayer | Updating Objects | Applying Static Transformations
Fra:1 Mem:11.80M (Peak 11.80M) | Time:00:00.03 | Mem:0.01M, Peak:0.01M | Scene, ViewLayer | Updating Mesh | Computing attributes
Fra:1 Mem:12.81M (Peak 12.81M) | Time:00:00.03 | Mem:0.01M, Peak:0.01M | Scene, ViewLayer | Updating Mesh | Copying Attributes to device
Fra:1 Mem:12.81M (Peak 12.81M) | Time:00:00.03 | Mem:1.02M, Peak:1.02M | Scene, ViewLayer | Updating Scene BVH | Building
Fra:1 Mem:12.81M (Peak 12.81M) | Time:00:00.03 | Mem:1.02M, Peak:1.02M | Scene, ViewLayer | Updating Scene BVH | Building BVH
Fra:1 Mem:12.81M (Peak 12.81M) | Time:00:00.03 | Mem:1.43M, Peak:1.43M | Scene, ViewLayer | Updating Scene BVH | Building BVH 0%
Fra:1 Mem:12.81M (Peak 12.81M) | Time:00:00.04 | Mem:1.88M, Peak:2.29M | Scene, ViewLayer | Updating Scene BVH | Copying BVH to device
Fra:1 Mem:12.81M (Peak 12.81M) | Time:00:00.04 | Mem:1.88M, Peak:2.29M | Scene, ViewLayer | Updating Mesh | Computing normals
Fra:1 Mem:13.18M (Peak 13.18M) | Time:00:00.04 | Mem:1.88M, Peak:2.29M | Scene, ViewLayer | Updating Mesh | Copying Mesh to device
Fra:1 Mem:13.18M (Peak 13.18M) | Time:00:00.04 | Mem:2.25M, Peak:2.29M | Scene, ViewLayer | Updating Objects Flags
Fra:1 Mem:13.18M (Peak 13.18M) | Time:00:00.04 | Mem:2.25M, Peak:2.29M | Scene, ViewLayer | Updating Primitive Offsets
Fra:1 Mem:13.18M (Peak 13.18M) | Time:00:00.04 | Mem:2.25M, Peak:2.29M | Scene, ViewLayer | Updating Images
Fra:1 Mem:13.18M (Peak 13.18M) | Time:00:00.04 | Mem:2.25M, Peak:2.29M | Scene, ViewLayer | Updating Images | Loading JAZZ_VektorR4_Normal.tga
Fra:1 Mem:29.18M (Peak 29.18M) | Time:00:00.04 | Mem:2.25M, Peak:2.29M | Scene, ViewLayer | Updating Images | Loading JAZZ_VektorR4_RM.tga
Fra:1 Mem:45.18M (Peak 45.18M) | Time:00:00.04 | Mem:2.25M, Peak:2.29M | Scene, ViewLayer | Updating Images | Loading JAZZ_VektorR4_Base.tga
Fra:1 Mem:61.19M (Peak 61.19M) | Time:00:00.40 | Mem:50.25M, Peak:50.25M | Scene, ViewLayer | Updating Camera Volume
Fra:1 Mem:61.19M (Peak 61.19M) | Time:00:00.40 | Mem:50.25M, Peak:50.25M | Scene, ViewLayer | Updating Lookup Tables
Fra:1 Mem:61.19M (Peak 61.19M) | Time:00:00.40 | Mem:50.33M, Peak:50.33M | Scene, ViewLayer | Updating Lights
Fra:1 Mem:61.19M (Peak 61.19M) | Time:00:00.40 | Mem:50.33M, Peak:50.33M | Scene, ViewLayer | Updating Lights | Computing tree
Fra:1 Mem:61.19M (Peak 61.19M) | Time:00:00.40 | Mem:50.33M, Peak:50.33M | Scene, ViewLayer | Updating Integrator
Fra:1 Mem:61.19M (Peak 61.19M) | Time:00:00.40 | Mem:50.33M, Peak:50.33M | Scene, ViewLayer | Updating Film
Fra:1 Mem:61.20M (Peak 61.20M) | Time:00:00.40 | Mem:50.25M, Peak:50.33M | Scene, ViewLayer | Updating Lookup Tables
Fra:1 Mem:61.20M (Peak 61.20M) | Time:00:00.40 | Mem:50.34M, Peak:50.34M | Scene, ViewLayer | Updating Baking
Fra:1 Mem:61.20M (Peak 61.20M) | Time:00:00.40 | Mem:50.34M, Peak:50.34M | Scene, ViewLayer | Updating Device | Writing constant memory
Fra:1 Mem:61.20M (Peak 61.20M) | Time:00:00.40 | Mem:50.34M, Peak:50.34M | Scene, ViewLayer | Loading denoising kernels (may take a few minutes the first time)
Fra:1 Mem:61.20M (Peak 61.20M) | Time:00:00.40 | Mem:50.34M, Peak:50.34M | Scene, ViewLayer | Sample 0/16
Fra:1 Mem:101.40M (Peak 101.40M) | Time:00:00.51 | Remaining:00:01.50 | Mem:90.36M, Peak:90.36M | Scene, ViewLayer | Sample 1/16
Fra:1 Mem:118.25M (Peak 143.52M) | Time:00:04.77 | Mem:90.36M, Peak:90.36M | Scene, ViewLayer | Sample 16/16
Fra:1 Mem:118.25M (Peak 143.52M) | Time:00:04.77 | Mem:90.36M, Peak:90.36M | Scene, ViewLayer | Finished
Saved: 'C:\Users\SsAnd\AppData\Roaming\Jagged Alliance 3\Mods\jazz\tmp\vz58-r4-material\previews\r4-flip-green.png'
Time: 00:04.81 (Saving: 00:00.04)


Blender quit
