Blender 4.5.3 LTS (hash 67807e1800cc built 2025-09-09 01:33:33)
Read blend: "D:\JaWeapons\Weapons\_vz58_repair_20260927\rigged\VZ58_JA3.blend"
Fra:1 Mem:14.71M (Peak 14.71M) | Time:00:00.00 | Mem:0.00M, Peak:0.00M | Scene, ViewLayer | Synchronizing object | JAZZ_VZ58
Fra:1 Mem:14.71M (Peak 14.71M) | Time:00:00.00 | Mem:0.00M, Peak:0.00M | Scene, ViewLayer | Synchronizing object | JAZZ_VZ58_HandguardWood
Fra:1 Mem:14.97M (Peak 14.97M) | Time:00:00.00 | Mem:0.00M, Peak:0.00M | Scene, ViewLayer | Synchronizing object | ReviewLight2
Fra:1 Mem:15.28M (Peak 15.28M) | Time:00:00.00 | Mem:0.00M, Peak:0.00M | Scene, ViewLayer | Synchronizing object | ReviewLight1
Fra:1 Mem:16.70M (Peak 16.70M) | Time:00:00.00 | Mem:0.00M, Peak:0.00M | Scene, ViewLayer | Initializing
Fra:1 Mem:15.62M (Peak 16.70M) | Time:00:00.00 | Mem:0.00M, Peak:0.00M | Scene, ViewLayer | Waiting for render to start
Fra:1 Mem:15.62M (Peak 16.70M) | Time:00:00.00 | Mem:0.00M, Peak:0.00M | Scene, ViewLayer | Updating Scene
Fra:1 Mem:15.62M (Peak 16.70M) | Time:00:00.00 | Mem:0.00M, Peak:0.00M | Scene, ViewLayer | Updating Shaders
Fra:1 Mem:15.62M (Peak 16.70M) | Time:00:00.00 | Mem:0.00M, Peak:0.00M | Scene, ViewLayer | Loading render kernels (may take a few minutes the first time)
Fra:1 Mem:15.71M (Peak 16.70M) | Time:00:00.04 | Mem:0.00M, Peak:0.00M | Scene, ViewLayer | Updating Procedurals
Fra:1 Mem:15.71M (Peak 16.70M) | Time:00:00.04 | Mem:0.00M, Peak:0.00M | Scene, ViewLayer | Updating Background
Fra:1 Mem:15.71M (Peak 16.70M) | Time:00:00.04 | Mem:0.00M, Peak:0.00M | Scene, ViewLayer | Updating Camera
Fra:1 Mem:15.71M (Peak 16.70M) | Time:00:00.04 | Mem:0.00M, Peak:0.00M | Scene, ViewLayer | Updating Meshes Flags
Fra:1 Mem:15.71M (Peak 16.70M) | Time:00:00.04 | Mem:0.00M, Peak:0.00M | Scene, ViewLayer | Updating Objects
Fra:1 Mem:15.71M (Peak 16.70M) | Time:00:00.04 | Mem:0.00M, Peak:0.00M | Scene, ViewLayer | Updating Objects | Copying Transformations to device
Fra:1 Mem:15.71M (Peak 16.70M) | Time:00:00.04 | Mem:0.01M, Peak:0.01M | Scene, ViewLayer | Updating Particle Systems
Fra:1 Mem:15.71M (Peak 16.70M) | Time:00:00.04 | Mem:0.01M, Peak:0.01M | Scene, ViewLayer | Updating Particle Systems | Copying Particles to device
Fra:1 Mem:15.71M (Peak 16.70M) | Time:00:00.04 | Mem:0.01M, Peak:0.01M | Scene, ViewLayer | Updating Meshes
Fra:1 Mem:16.76M (Peak 16.76M) | Time:00:00.05 | Mem:0.01M, Peak:0.01M | Scene, ViewLayer | Updating Objects | Applying Static Transformations
Fra:1 Mem:16.76M (Peak 16.76M) | Time:00:00.05 | Mem:0.01M, Peak:0.01M | Scene, ViewLayer | Updating Mesh | Computing attributes
Fra:1 Mem:18.13M (Peak 18.13M) | Time:00:00.05 | Mem:0.01M, Peak:0.01M | Scene, ViewLayer | Updating Mesh | Copying Attributes to device
Fra:1 Mem:18.13M (Peak 18.13M) | Time:00:00.05 | Mem:1.37M, Peak:1.37M | Scene, ViewLayer | Updating Scene BVH | Building
Fra:1 Mem:18.13M (Peak 18.13M) | Time:00:00.05 | Mem:1.37M, Peak:1.37M | Scene, ViewLayer | Updating Scene BVH | Building BVH
Fra:1 Mem:18.13M (Peak 18.13M) | Time:00:00.05 | Mem:1.93M, Peak:1.93M | Scene, ViewLayer | Updating Scene BVH | Building BVH 0%
Fra:1 Mem:18.13M (Peak 18.13M) | Time:00:00.06 | Mem:2.60M, Peak:3.16M | Scene, ViewLayer | Updating Scene BVH | Copying BVH to device
Fra:1 Mem:18.13M (Peak 18.13M) | Time:00:00.06 | Mem:2.60M, Peak:3.16M | Scene, ViewLayer | Updating Mesh | Computing normals
Fra:1 Mem:18.62M (Peak 18.62M) | Time:00:00.06 | Mem:2.60M, Peak:3.16M | Scene, ViewLayer | Updating Mesh | Copying Mesh to device
Fra:1 Mem:18.62M (Peak 18.62M) | Time:00:00.06 | Mem:3.10M, Peak:3.16M | Scene, ViewLayer | Updating Objects Flags
Fra:1 Mem:18.62M (Peak 18.62M) | Time:00:00.06 | Mem:3.10M, Peak:3.16M | Scene, ViewLayer | Updating Primitive Offsets
Fra:1 Mem:18.62M (Peak 18.62M) | Time:00:00.06 | Mem:3.10M, Peak:3.16M | Scene, ViewLayer | Updating Images
Fra:1 Mem:18.62M (Peak 18.62M) | Time:00:00.06 | Mem:3.10M, Peak:3.16M | Scene, ViewLayer | Updating Images | Loading JAZZ_VZ58_Mag_Normal.tga
Fra:1 Mem:34.62M (Peak 34.62M) | Time:00:00.06 | Mem:3.10M, Peak:3.16M | Scene, ViewLayer | Updating Images | Loading JAZZ_VZ58_Mag_Base.tga
Fra:1 Mem:34.62M (Peak 34.62M) | Time:00:00.06 | Mem:3.10M, Peak:3.16M | Scene, ViewLayer | Updating Images | Loading JAZZ_VZ58_Steel_RM.tga
Fra:1 Mem:126.62M (Peak 126.62M) | Time:00:00.06 | Mem:3.10M, Peak:3.16M | Scene, ViewLayer | Updating Images | Loading JAZZ_VZ58_Mag_RM.tga
Fra:1 Mem:142.62M (Peak 142.62M) | Time:00:00.06 | Mem:3.10M, Peak:3.16M | Scene, ViewLayer | Updating Images | Loading JAZZ_VZ58_Wood_Normal.tga
Fra:1 Mem:158.62M (Peak 158.62M) | Time:00:00.06 | Mem:3.10M, Peak:3.16M | Scene, ViewLayer | Updating Images | Loading JAZZ_VZ58_StockWood_Normal.tga
Fra:1 Mem:174.62M (Peak 174.62M) | Time:00:00.06 | Mem:3.10M, Peak:3.16M | Scene, ViewLayer | Updating Images | Loading JAZZ_VZ58_Steel_Normal.tga
Fra:1 Mem:190.63M (Peak 190.63M) | Time:00:00.47 | Mem:175.09M, Peak:175.09M | Scene, ViewLayer | Updating Camera Volume
Fra:1 Mem:190.63M (Peak 190.63M) | Time:00:00.47 | Mem:175.09M, Peak:175.09M | Scene, ViewLayer | Updating Lookup Tables
Fra:1 Mem:190.63M (Peak 190.63M) | Time:00:00.47 | Mem:175.18M, Peak:175.18M | Scene, ViewLayer | Updating Lights
Fra:1 Mem:190.63M (Peak 190.63M) | Time:00:00.47 | Mem:175.18M, Peak:175.18M | Scene, ViewLayer | Updating Lights | Computing tree
Fra:1 Mem:190.63M (Peak 190.63M) | Time:00:00.47 | Mem:175.18M, Peak:175.18M | Scene, ViewLayer | Updating Integrator
Fra:1 Mem:190.63M (Peak 190.63M) | Time:00:00.47 | Mem:175.18M, Peak:175.18M | Scene, ViewLayer | Updating Film
Fra:1 Mem:190.63M (Peak 190.63M) | Time:00:00.47 | Mem:175.10M, Peak:175.18M | Scene, ViewLayer | Updating Lookup Tables
Fra:1 Mem:190.63M (Peak 190.63M) | Time:00:00.47 | Mem:175.18M, Peak:175.18M | Scene, ViewLayer | Updating Baking
Fra:1 Mem:190.63M (Peak 190.63M) | Time:00:00.47 | Mem:175.18M, Peak:175.18M | Scene, ViewLayer | Updating Device | Writing constant memory
Fra:1 Mem:190.64M (Peak 190.64M) | Time:00:00.47 | Mem:175.18M, Peak:175.18M | Scene, ViewLayer | Loading denoising kernels (may take a few minutes the first time)
Fra:1 Mem:190.64M (Peak 190.64M) | Time:00:00.47 | Mem:175.18M, Peak:175.18M | Scene, ViewLayer | Sample 0/16
Fra:1 Mem:230.83M (Peak 230.83M) | Time:00:00.54 | Remaining:00:01.02 | Mem:215.20M, Peak:215.20M | Scene, ViewLayer | Sample 1/16
Fra:1 Mem:247.68M (Peak 272.95M) | Time:00:04.57 | Mem:215.20M, Peak:215.20M | Scene, ViewLayer | Sample 16/16
Fra:1 Mem:247.68M (Peak 272.95M) | Time:00:04.57 | Mem:215.20M, Peak:215.20M | Scene, ViewLayer | Finished
Saved: 'C:\Users\SsAnd\AppData\Roaming\Jagged Alliance 3\Mods\jazz\tmp\vz58-r4-material\previews\vz58-original.png'
Time: 00:04.70 (Saving: 00:00.11)

Fra:1 Mem:15.55M (Peak 15.55M) | Time:00:00.00 | Mem:0.00M, Peak:0.00M | Scene, ViewLayer | Synchronizing object | JAZZ_VZ58
Fra:1 Mem:15.55M (Peak 15.55M) | Time:00:00.00 | Mem:0.00M, Peak:0.00M | Scene, ViewLayer | Synchronizing object | JAZZ_VZ58_GripWood
Fra:1 Mem:15.99M (Peak 15.99M) | Time:00:00.00 | Mem:0.00M, Peak:0.00M | Scene, ViewLayer | Synchronizing object | ReviewLight2
Fra:1 Mem:16.08M (Peak 16.08M) | Time:00:00.00 | Mem:0.00M, Peak:0.00M | Scene, ViewLayer | Synchronizing object | ReviewLight1
Fra:1 Mem:16.14M (Peak 16.14M) | Time:00:00.00 | Mem:0.00M, Peak:0.00M | Scene, ViewLayer | Synchronizing object | ReviewLight0
Fra:1 Mem:16.21M (Peak 16.21M) | Time:00:00.00 | Mem:0.00M, Peak:0.00M | Scene, ViewLayer | Synchronizing object | JAZZ_VZ58_Magazine
Fra:1 Mem:16.70M (Peak 16.70M) | Time:00:00.00 | Mem:0.00M, Peak:0.00M | Scene, ViewLayer | Initializing
Fra:1 Mem:15.62M (Peak 16.70M) | Time:00:00.00 | Mem:0.00M, Peak:0.00M | Scene, ViewLayer | Waiting for render to start
Fra:1 Mem:15.62M (Peak 16.70M) | Time:00:00.00 | Mem:0.00M, Peak:0.00M | Scene, ViewLayer | Updating Scene
Fra:1 Mem:15.62M (Peak 16.70M) | Time:00:00.00 | Mem:0.00M, Peak:0.00M | Scene, ViewLayer | Updating Shaders
Fra:1 Mem:15.62M (Peak 16.70M) | Time:00:00.00 | Mem:0.00M, Peak:0.00M | Scene, ViewLayer | Loading render kernels (may take a few minutes the first time)
Fra:1 Mem:15.71M (Peak 16.70M) | Time:00:00.00 | Mem:0.00M, Peak:0.00M | Scene, ViewLayer | Updating Procedurals
Fra:1 Mem:15.71M (Peak 16.70M) | Time:00:00.00 | Mem:0.00M, Peak:0.00M | Scene, ViewLayer | Updating Background
Fra:1 Mem:15.71M (Peak 16.70M) | Time:00:00.00 | Mem:0.00M, Peak:0.00M | Scene, ViewLayer | Updating Camera
Fra:1 Mem:15.71M (Peak 16.70M) | Time:00:00.00 | Mem:0.00M, Peak:0.00M | Scene, ViewLayer | Updating Meshes Flags
Fra:1 Mem:15.71M (Peak 16.70M) | Time:00:00.00 | Mem:0.00M, Peak:0.00M | Scene, ViewLayer | Updating Objects
Fra:1 Mem:15.71M (Peak 16.70M) | Time:00:00.00 | Mem:0.00M, Peak:0.00M | Scene, ViewLayer | Updating Objects | Copying Transformations to device
Fra:1 Mem:15.71M (Peak 16.70M) | Time:00:00.00 | Mem:0.01M, Peak:0.01M | Scene, ViewLayer | Updating Particle Systems
Fra:1 Mem:15.71M (Peak 16.70M) | Time:00:00.00 | Mem:0.01M, Peak:0.01M | Scene, ViewLayer | Updating Particle Systems | Copying Particles to device
Fra:1 Mem:15.71M (Peak 16.70M) | Time:00:00.00 | Mem:0.01M, Peak:0.01M | Scene, ViewLayer | Updating Meshes
Fra:1 Mem:16.76M (Peak 16.76M) | Time:00:00.02 | Mem:0.01M, Peak:0.01M | Scene, ViewLayer | Updating Objects | Applying Static Transformations
Fra:1 Mem:16.76M (Peak 16.76M) | Time:00:00.02 | Mem:0.01M, Peak:0.01M | Scene, ViewLayer | Updating Mesh | Computing attributes
Fra:1 Mem:18.13M (Peak 18.13M) | Time:00:00.02 | Mem:0.01M, Peak:0.01M | Scene, ViewLayer | Updating Mesh | Copying Attributes to device
Fra:1 Mem:18.13M (Peak 18.13M) | Time:00:00.02 | Mem:1.37M, Peak:1.37M | Scene, ViewLayer | Updating Scene BVH | Building
Fra:1 Mem:18.13M (Peak 18.13M) | Time:00:00.02 | Mem:1.37M, Peak:1.37M | Scene, ViewLayer | Updating Scene BVH | Building BVH
Fra:1 Mem:18.13M (Peak 18.13M) | Time:00:00.02 | Mem:1.93M, Peak:1.93M | Scene, ViewLayer | Updating Scene BVH | Building BVH 0%
Fra:1 Mem:18.13M (Peak 18.13M) | Time:00:00.02 | Mem:2.60M, Peak:3.16M | Scene, ViewLayer | Updating Scene BVH | Copying BVH to device
Fra:1 Mem:18.13M (Peak 18.13M) | Time:00:00.02 | Mem:2.60M, Peak:3.16M | Scene, ViewLayer | Updating Mesh | Computing normals
Fra:1 Mem:18.62M (Peak 18.62M) | Time:00:00.02 | Mem:2.60M, Peak:3.16M | Scene, ViewLayer | Updating Mesh | Copying Mesh to device
Fra:1 Mem:18.62M (Peak 18.62M) | Time:00:00.02 | Mem:3.10M, Peak:3.16M | Scene, ViewLayer | Updating Objects Flags
Fra:1 Mem:18.62M (Peak 18.62M) | Time:00:00.02 | Mem:3.10M, Peak:3.16M | Scene, ViewLayer | Updating Primitive Offsets
Fra:1 Mem:18.62M (Peak 18.62M) | Time:00:00.02 | Mem:3.10M, Peak:3.16M | Scene, ViewLayer | Updating Images
Fra:1 Mem:18.62M (Peak 18.62M) | Time:00:00.02 | Mem:3.10M, Peak:3.16M | Scene, ViewLayer | Updating Images | Loading JAZZ_VZ58_StockWood_Normal.tga
Fra:1 Mem:18.62M (Peak 18.62M) | Time:00:00.02 | Mem:3.10M, Peak:3.16M | Scene, ViewLayer | Updating Images | Loading Wood_Base.png
Fra:1 Mem:18.62M (Peak 18.62M) | Time:00:00.02 | Mem:3.10M, Peak:3.16M | Scene, ViewLayer | Updating Images | Loading StockWood_Base.png
Fra:1 Mem:18.62M (Peak 18.62M) | Time:00:00.02 | Mem:3.10M, Peak:3.16M | Scene, ViewLayer | Updating Images | Loading JAZZ_VZ58_Steel_Base.tga
Fra:1 Mem:18.62M (Peak 18.62M) | Time:00:00.02 | Mem:3.10M, Peak:3.16M | Scene, ViewLayer | Updating Images | Loading JAZZ_VZ58_Steel_Normal.tga
Fra:1 Mem:18.62M (Peak 18.62M) | Time:00:00.02 | Mem:3.10M, Peak:3.16M | Scene, ViewLayer | Updating Images | Loading JAZZ_VZ58_Mag_Normal.tga
Fra:1 Mem:18.62M (Peak 18.62M) | Time:00:00.02 | Mem:3.10M, Peak:3.16M | Scene, ViewLayer | Updating Images | Loading JAZZ_VZ58_Wood_Normal.tga
Fra:1 Mem:18.62M (Peak 18.62M) | Time:00:00.02 | Mem:3.10M, Peak:3.16M | Scene, ViewLayer | Updating Images | Loading JAZZ_VZ58_StockWood_RM.tga
Fra:1 Mem:190.63M (Peak 190.63M) | Time:00:00.38 | Mem:175.09M, Peak:175.09M | Scene, ViewLayer | Updating Camera Volume
Fra:1 Mem:190.63M (Peak 190.63M) | Time:00:00.38 | Mem:175.09M, Peak:175.09M | Scene, ViewLayer | Updating Lookup Tables
Fra:1 Mem:190.63M (Peak 190.63M) | Time:00:00.38 | Mem:175.18M, Peak:175.18M | Scene, ViewLayer | Updating Lights
Fra:1 Mem:190.63M (Peak 190.63M) | Time:00:00.38 | Mem:175.18M, Peak:175.18M | Scene, ViewLayer | Updating Lights | Computing tree
Fra:1 Mem:190.63M (Peak 190.63M) | Time:00:00.38 | Mem:175.18M, Peak:175.18M | Scene, ViewLayer | Updating Integrator
Fra:1 Mem:190.63M (Peak 190.63M) | Time:00:00.38 | Mem:175.18M, Peak:175.18M | Scene, ViewLayer | Updating Film
Fra:1 Mem:190.63M (Peak 190.63M) | Time:00:00.38 | Mem:175.10M, Peak:175.18M | Scene, ViewLayer | Updating Lookup Tables
Fra:1 Mem:190.63M (Peak 190.63M) | Time:00:00.38 | Mem:175.18M, Peak:175.18M | Scene, ViewLayer | Updating Baking
Fra:1 Mem:190.63M (Peak 190.63M) | Time:00:00.38 | Mem:175.18M, Peak:175.18M | Scene, ViewLayer | Updating Device | Writing constant memory
Fra:1 Mem:190.63M (Peak 190.63M) | Time:00:00.38 | Mem:175.18M, Peak:175.18M | Scene, ViewLayer | Loading denoising kernels (may take a few minutes the first time)
Fra:1 Mem:190.63M (Peak 190.63M) | Time:00:00.38 | Mem:175.18M, Peak:175.18M | Scene, ViewLayer | Sample 0/16
Fra:1 Mem:230.83M (Peak 230.83M) | Time:00:00.46 | Remaining:00:01.14 | Mem:215.20M, Peak:215.20M | Scene, ViewLayer | Sample 1/16
Fra:1 Mem:247.68M (Peak 272.95M) | Time:00:04.61 | Mem:215.20M, Peak:215.20M | Scene, ViewLayer | Sample 16/16
Fra:1 Mem:247.68M (Peak 272.95M) | Time:00:04.61 | Mem:215.20M, Peak:215.20M | Scene, ViewLayer | Finished
Saved: 'C:\Users\SsAnd\AppData\Roaming\Jagged Alliance 3\Mods\jazz\tmp\vz58-r4-material\previews\vz58-no-normal.png'
Time: 00:04.73 (Saving: 00:00.12)

Fra:1 Mem:15.95M (Peak 15.95M) | Time:00:00.00 | Mem:0.00M, Peak:0.00M | Scene, ViewLayer | Synchronizing object | ReviewLight2
Fra:1 Mem:15.95M (Peak 15.95M) | Time:00:00.00 | Mem:0.00M, Peak:0.00M | Scene, ViewLayer | Synchronizing object | ReviewLight1
Fra:1 Mem:15.95M (Peak 15.95M) | Time:00:00.00 | Mem:0.00M, Peak:0.00M | Scene, ViewLayer | Synchronizing object | ReviewLight0
Fra:1 Mem:15.95M (Peak 15.95M) | Time:00:00.00 | Mem:0.00M, Peak:0.00M | Scene, ViewLayer | Synchronizing object | JAZZ_VZ58_Magazine
Fra:1 Mem:16.21M (Peak 16.21M) | Time:00:00.00 | Mem:0.00M, Peak:0.00M | Scene, ViewLayer | Synchronizing object | JAZZ_VZ58_GripWood
Fra:1 Mem:16.25M (Peak 16.25M) | Time:00:00.00 | Mem:0.00M, Peak:0.00M | Scene, ViewLayer | Synchronizing object | JAZZ_VZ58_HandguardWood
Fra:1 Mem:16.40M (Peak 16.40M) | Time:00:00.00 | Mem:0.00M, Peak:0.00M | Scene, ViewLayer | Synchronizing object | JAZZ_VZ58_StockWood
Fra:1 Mem:16.49M (Peak 16.49M) | Time:00:00.00 | Mem:0.00M, Peak:0.00M | Scene, ViewLayer | Synchronizing object | JAZZ_VZ58
Fra:1 Mem:17.09M (Peak 17.09M) | Time:00:00.01 | Mem:0.00M, Peak:0.00M | Scene, ViewLayer | Initializing
Fra:1 Mem:15.93M (Peak 17.09M) | Time:00:00.01 | Mem:0.00M, Peak:0.00M | Scene, ViewLayer | Waiting for render to start
Fra:1 Mem:15.93M (Peak 17.09M) | Time:00:00.01 | Mem:0.00M, Peak:0.00M | Scene, ViewLayer | Updating Scene
Fra:1 Mem:15.93M (Peak 17.09M) | Time:00:00.01 | Mem:0.00M, Peak:0.00M | Scene, ViewLayer | Updating Shaders
Fra:1 Mem:15.93M (Peak 17.09M) | Time:00:00.01 | Mem:0.00M, Peak:0.00M | Scene, ViewLayer | Loading render kernels (may take a few minutes the first time)
Fra:1 Mem:16.03M (Peak 17.09M) | Time:00:00.01 | Mem:0.02M, Peak:0.02M | Scene, ViewLayer | Updating Procedurals
Fra:1 Mem:16.03M (Peak 17.09M) | Time:00:00.01 | Mem:0.02M, Peak:0.02M | Scene, ViewLayer | Updating Background
Fra:1 Mem:16.03M (Peak 17.09M) | Time:00:00.01 | Mem:0.02M, Peak:0.02M | Scene, ViewLayer | Updating Camera
Fra:1 Mem:16.03M (Peak 17.09M) | Time:00:00.01 | Mem:0.02M, Peak:0.02M | Scene, ViewLayer | Updating Meshes Flags
Fra:1 Mem:16.03M (Peak 17.09M) | Time:00:00.01 | Mem:0.02M, Peak:0.02M | Scene, ViewLayer | Updating Objects
Fra:1 Mem:16.03M (Peak 17.09M) | Time:00:00.01 | Mem:0.02M, Peak:0.02M | Scene, ViewLayer | Updating Objects | Copying Transformations to device
Fra:1 Mem:16.04M (Peak 17.09M) | Time:00:00.01 | Mem:0.02M, Peak:0.02M | Scene, ViewLayer | Updating Particle Systems
Fra:1 Mem:16.04M (Peak 17.09M) | Time:00:00.01 | Mem:0.02M, Peak:0.02M | Scene, ViewLayer | Updating Particle Systems | Copying Particles to device
Fra:1 Mem:16.04M (Peak 17.09M) | Time:00:00.01 | Mem:0.02M, Peak:0.02M | Scene, ViewLayer | Updating Meshes
Fra:1 Mem:17.09M (Peak 17.09M) | Time:00:00.03 | Mem:0.02M, Peak:0.02M | Scene, ViewLayer | Updating Objects | Applying Static Transformations
Fra:1 Mem:17.09M (Peak 17.09M) | Time:00:00.03 | Mem:0.02M, Peak:0.02M | Scene, ViewLayer | Updating Mesh | Computing attributes
Fra:1 Mem:18.46M (Peak 18.46M) | Time:00:00.03 | Mem:0.02M, Peak:0.02M | Scene, ViewLayer | Updating Mesh | Copying Attributes to device
Fra:1 Mem:18.45M (Peak 18.46M) | Time:00:00.03 | Mem:1.39M, Peak:1.39M | Scene, ViewLayer | Updating Scene BVH | Building
Fra:1 Mem:18.45M (Peak 18.46M) | Time:00:00.03 | Mem:1.39M, Peak:1.39M | Scene, ViewLayer | Updating Scene BVH | Building BVH
Fra:1 Mem:18.45M (Peak 18.46M) | Time:00:00.03 | Mem:1.95M, Peak:1.95M | Scene, ViewLayer | Updating Scene BVH | Building BVH 0%
Fra:1 Mem:18.45M (Peak 18.46M) | Time:00:00.04 | Mem:2.62M, Peak:3.18M | Scene, ViewLayer | Updating Scene BVH | Copying BVH to device
Fra:1 Mem:18.45M (Peak 18.46M) | Time:00:00.04 | Mem:2.62M, Peak:3.18M | Scene, ViewLayer | Updating Mesh | Computing normals
Fra:1 Mem:18.95M (Peak 18.95M) | Time:00:00.04 | Mem:2.62M, Peak:3.18M | Scene, ViewLayer | Updating Mesh | Copying Mesh to device
Fra:1 Mem:18.95M (Peak 18.95M) | Time:00:00.04 | Mem:3.11M, Peak:3.18M | Scene, ViewLayer | Updating Objects Flags
Fra:1 Mem:18.95M (Peak 18.95M) | Time:00:00.04 | Mem:3.11M, Peak:3.18M | Scene, ViewLayer | Updating Primitive Offsets
Fra:1 Mem:18.95M (Peak 18.95M) | Time:00:00.04 | Mem:3.11M, Peak:3.18M | Scene, ViewLayer | Updating Images
Fra:1 Mem:18.95M (Peak 18.95M) | Time:00:00.04 | Mem:3.11M, Peak:3.18M | Scene, ViewLayer | Updating Images | Loading JAZZ_VZ58_Wood_Normal.tga
Fra:1 Mem:34.95M (Peak 34.95M) | Time:00:00.04 | Mem:3.11M, Peak:3.18M | Scene, ViewLayer | Updating Images | Loading JAZZ_VZ58_Mag_Base.tga
Fra:1 Mem:50.95M (Peak 50.95M) | Time:00:00.04 | Mem:3.11M, Peak:3.18M | Scene, ViewLayer | Updating Images | Loading JAZZ_VZ58_Steel_Base.tga
Fra:1 Mem:66.95M (Peak 66.95M) | Time:00:00.04 | Mem:3.11M, Peak:3.18M | Scene, ViewLayer | Updating Images | Loading StockWood_Base.png
Fra:1 Mem:72.95M (Peak 72.95M) | Time:00:00.04 | Mem:3.11M, Peak:3.18M | Scene, ViewLayer | Updating Images | Loading Wood_Base.png
Fra:1 Mem:72.95M (Peak 72.95M) | Time:00:00.04 | Mem:3.11M, Peak:3.18M | Scene, ViewLayer | Updating Images | Loading JAZZ_VZ58_Mag_RM.tga
Fra:1 Mem:104.95M (Peak 104.95M) | Time:00:00.04 | Mem:3.11M, Peak:3.18M | Scene, ViewLayer | Updating Images | Loading JAZZ_VZ58_Steel_Normal.tga
Fra:1 Mem:120.95M (Peak 120.95M) | Time:00:00.04 | Mem:3.11M, Peak:3.18M | Scene, ViewLayer | Updating Images | Loading JAZZ_VZ58_Mag_Normal.tga
Fra:1 Mem:136.95M (Peak 136.95M) | Time:00:00.04 | Mem:3.11M, Peak:3.18M | Scene, ViewLayer | Updating Images | Loading JAZZ_VZ58_StockWood_RM.tga
Fra:1 Mem:158.94M (Peak 158.94M) | Time:00:00.05 | Mem:3.11M, Peak:3.18M | Scene, ViewLayer | Updating Images | Loading JAZZ_VZ58_Wood_RM.tga
Fra:1 Mem:174.94M (Peak 174.94M) | Time:00:00.05 | Mem:3.11M, Peak:3.18M | Scene, ViewLayer | Updating Images | Loading JAZZ_VZ58_StockWood_Normal.tga
Fra:1 Mem:190.96M (Peak 190.96M) | Time:00:00.41 | Mem:175.11M, Peak:175.11M | Scene, ViewLayer | Updating Camera Volume
Fra:1 Mem:190.96M (Peak 190.96M) | Time:00:00.41 | Mem:175.11M, Peak:175.11M | Scene, ViewLayer | Updating Lookup Tables
Fra:1 Mem:190.96M (Peak 190.96M) | Time:00:00.41 | Mem:175.19M, Peak:175.19M | Scene, ViewLayer | Updating Lights
Fra:1 Mem:190.96M (Peak 190.96M) | Time:00:00.41 | Mem:175.19M, Peak:175.19M | Scene, ViewLayer | Updating Lights | Computing tree
Fra:1 Mem:190.96M (Peak 190.96M) | Time:00:00.41 | Mem:175.19M, Peak:175.19M | Scene, ViewLayer | Updating Integrator
Fra:1 Mem:190.96M (Peak 190.96M) | Time:00:00.41 | Mem:175.19M, Peak:175.19M | Scene, ViewLayer | Updating Film
Fra:1 Mem:190.96M (Peak 190.96M) | Time:00:00.41 | Mem:175.11M, Peak:175.19M | Scene, ViewLayer | Updating Lookup Tables
Fra:1 Mem:190.96M (Peak 190.96M) | Time:00:00.41 | Mem:175.20M, Peak:175.20M | Scene, ViewLayer | Updating Baking
Fra:1 Mem:190.96M (Peak 190.96M) | Time:00:00.41 | Mem:175.20M, Peak:175.20M | Scene, ViewLayer | Updating Device | Writing constant memory
Fra:1 Mem:190.96M (Peak 190.96M) | Time:00:00.41 | Mem:175.20M, Peak:175.20M | Scene, ViewLayer | Loading denoising kernels (may take a few minutes the first time)
Fra:1 Mem:190.96M (Peak 190.96M) | Time:00:00.41 | Mem:175.20M, Peak:175.20M | Scene, ViewLayer | Sample 0/16
Fra:1 Mem:231.16M (Peak 231.16M) | Time:00:00.46 | Remaining:00:00.85 | Mem:215.22M, Peak:215.22M | Scene, ViewLayer | Sample 1/16
Fra:1 Mem:248.01M (Peak 273.28M) | Time:00:04.89 | Mem:215.22M, Peak:215.22M | Scene, ViewLayer | Sample 16/16
Fra:1 Mem:248.01M (Peak 273.28M) | Time:00:04.89 | Mem:215.22M, Peak:215.22M | Scene, ViewLayer | Finished
Saved: 'C:\Users\SsAnd\AppData\Roaming\Jagged Alliance 3\Mods\jazz\tmp\vz58-r4-material\previews\vz58-flip-green.png'
Time: 00:04.95 (Saving: 00:00.05)


Blender quit
