Blender 4.5.3 LTS (hash 67807e1800cc built 2025-09-09 01:33:33)
Read blend: "C:\Users\SsAnd\AppData\Roaming\Jagged Alliance 3\Mods\jazz\tmp\leather-armor-v5\source\LeatherArmor.blend"
Fra:0 Mem:48.65M (Peak 48.65M) | Time:00:00.00 | Mem:0.00M, Peak:0.00M | Scene, ViewLayer | Synchronizing object | M_BaseMesh Skin_BIP
Fra:0 Mem:48.65M (Peak 48.65M) | Time:00:00.00 | Mem:0.00M, Peak:0.00M | Scene, ViewLayer | Synchronizing object | Area.002
Fra:0 Mem:50.86M (Peak 50.86M) | Time:00:00.00 | Mem:0.00M, Peak:0.00M | Scene, ViewLayer | Synchronizing object | Area.001
Fra:0 Mem:51.24M (Peak 51.24M) | Time:00:00.00 | Mem:0.00M, Peak:0.00M | Scene, ViewLayer | Synchronizing object | Area
Fra:0 Mem:53.56M (Peak 53.56M) | Time:00:00.01 | Mem:0.00M, Peak:0.00M | Scene, ViewLayer | Initializing
Fra:0 Mem:45.25M (Peak 53.56M) | Time:00:00.01 | Mem:0.00M, Peak:0.00M | Scene, ViewLayer | Waiting for render to start
Fra:0 Mem:45.25M (Peak 53.56M) | Time:00:00.01 | Mem:0.00M, Peak:0.00M | Scene, ViewLayer | Updating Scene
Fra:0 Mem:45.25M (Peak 53.56M) | Time:00:00.01 | Mem:0.00M, Peak:0.00M | Scene, ViewLayer | Updating Shaders
Fra:0 Mem:45.25M (Peak 53.56M) | Time:00:00.01 | Mem:0.00M, Peak:0.00M | Scene, ViewLayer | Loading render kernels (may take a few minutes the first time)
Fra:0 Mem:45.33M (Peak 53.56M) | Time:00:00.01 | Mem:0.00M, Peak:0.00M | Scene, ViewLayer | Updating Procedurals
Fra:0 Mem:45.33M (Peak 53.56M) | Time:00:00.01 | Mem:0.00M, Peak:0.00M | Scene, ViewLayer | Updating Background
Fra:0 Mem:45.33M (Peak 53.56M) | Time:00:00.01 | Mem:0.00M, Peak:0.00M | Scene, ViewLayer | Updating Camera
Fra:0 Mem:45.33M (Peak 53.56M) | Time:00:00.01 | Mem:0.00M, Peak:0.00M | Scene, ViewLayer | Updating Meshes Flags
Fra:0 Mem:45.33M (Peak 53.56M) | Time:00:00.01 | Mem:0.00M, Peak:0.00M | Scene, ViewLayer | Updating Objects
Fra:0 Mem:45.33M (Peak 53.56M) | Time:00:00.01 | Mem:0.00M, Peak:0.00M | Scene, ViewLayer | Updating Objects | Copying Transformations to device
Fra:0 Mem:45.34M (Peak 53.56M) | Time:00:00.01 | Mem:0.00M, Peak:0.00M | Scene, ViewLayer | Updating Particle Systems
Fra:0 Mem:45.34M (Peak 53.56M) | Time:00:00.01 | Mem:0.00M, Peak:0.00M | Scene, ViewLayer | Updating Particle Systems | Copying Particles to device
Fra:0 Mem:45.34M (Peak 53.56M) | Time:00:00.01 | Mem:0.00M, Peak:0.00M | Scene, ViewLayer | Updating Meshes
Fra:0 Mem:45.34M (Peak 53.56M) | Time:00:00.01 | Mem:0.00M, Peak:0.00M | Scene, ViewLayer | Updating Objects | Applying Static Transformations
Fra:0 Mem:45.34M (Peak 53.56M) | Time:00:00.01 | Mem:0.00M, Peak:0.00M | Scene, ViewLayer | Updating Mesh | Computing attributes
Fra:0 Mem:45.53M (Peak 53.56M) | Time:00:00.01 | Mem:0.00M, Peak:0.00M | Scene, ViewLayer | Updating Mesh | Copying Attributes to device
Fra:0 Mem:45.53M (Peak 53.56M) | Time:00:00.01 | Mem:0.20M, Peak:0.20M | Scene, ViewLayer | Updating Scene BVH | Building
Fra:0 Mem:45.53M (Peak 53.56M) | Time:00:00.01 | Mem:0.20M, Peak:0.20M | Scene, ViewLayer | Updating Scene BVH | Building BVH
Fra:0 Mem:45.53M (Peak 53.56M) | Time:00:00.01 | Mem:1.18M, Peak:1.18M | Scene, ViewLayer | Updating Scene BVH | Building BVH 0%
Fra:0 Mem:45.53M (Peak 53.56M) | Time:00:00.01 | Mem:2.25M, Peak:3.24M | Scene, ViewLayer | Updating Scene BVH | Copying BVH to device
Fra:0 Mem:45.53M (Peak 53.56M) | Time:00:00.01 | Mem:2.25M, Peak:3.24M | Scene, ViewLayer | Updating Mesh | Computing normals
Fra:0 Mem:46.41M (Peak 53.56M) | Time:00:00.01 | Mem:2.25M, Peak:3.24M | Scene, ViewLayer | Updating Mesh | Copying Mesh to device
Fra:0 Mem:46.41M (Peak 53.56M) | Time:00:00.01 | Mem:3.13M, Peak:3.24M | Scene, ViewLayer | Updating Objects Flags
Fra:0 Mem:46.41M (Peak 53.56M) | Time:00:00.01 | Mem:3.13M, Peak:3.24M | Scene, ViewLayer | Updating Primitive Offsets
Fra:0 Mem:46.41M (Peak 53.56M) | Time:00:00.01 | Mem:3.13M, Peak:3.24M | Scene, ViewLayer | Updating Images
Fra:0 Mem:46.41M (Peak 53.56M) | Time:00:00.01 | Mem:3.13M, Peak:3.24M | Scene, ViewLayer | Updating Camera Volume
Fra:0 Mem:46.41M (Peak 53.56M) | Time:00:00.01 | Mem:3.13M, Peak:3.24M | Scene, ViewLayer | Updating Lookup Tables
Fra:0 Mem:46.41M (Peak 53.56M) | Time:00:00.01 | Mem:3.22M, Peak:3.24M | Scene, ViewLayer | Updating Lights
Fra:0 Mem:46.41M (Peak 53.56M) | Time:00:00.01 | Mem:3.22M, Peak:3.24M | Scene, ViewLayer | Updating Lights | Computing tree
Fra:0 Mem:46.41M (Peak 53.56M) | Time:00:00.01 | Mem:3.22M, Peak:3.24M | Scene, ViewLayer | Updating Integrator
Fra:0 Mem:47.41M (Peak 53.56M) | Time:00:00.01 | Mem:4.22M, Peak:4.22M | Scene, ViewLayer | Updating Film
Fra:0 Mem:47.42M (Peak 53.56M) | Time:00:00.01 | Mem:4.14M, Peak:4.22M | Scene, ViewLayer | Updating Lookup Tables
Fra:0 Mem:47.42M (Peak 53.56M) | Time:00:00.01 | Mem:4.22M, Peak:4.22M | Scene, ViewLayer | Updating Baking
Fra:0 Mem:47.42M (Peak 53.56M) | Time:00:00.01 | Mem:4.22M, Peak:4.22M | Scene, ViewLayer | Updating Device | Writing constant memory
Fra:0 Mem:47.42M (Peak 53.56M) | Time:00:00.01 | Mem:4.22M, Peak:4.22M | Scene, ViewLayer | Loading denoising kernels (may take a few minutes the first time)
Fra:0 Mem:47.42M (Peak 53.56M) | Time:00:00.01 | Mem:4.22M, Peak:4.22M | Scene, ViewLayer | Sample 0/12
Fra:0 Mem:106.17M (Peak 106.17M) | Time:00:00.27 | Remaining:00:02.83 | Mem:62.93M, Peak:62.93M | Scene, ViewLayer | Sample 1/12
Fra:0 Mem:130.89M (Peak 167.97M) | Time:00:06.48 | Mem:62.93M, Peak:62.93M | Scene, ViewLayer | Sample 12/12
Fra:0 Mem:130.89M (Peak 167.97M) | Time:00:06.48 | Mem:62.93M, Peak:62.93M | Scene, ViewLayer | Finished
Saved: 'C:\Users\SsAnd\AppData\Roaming\Jagged Alliance 3\Mods\jazz\tmp\leather-armor-v5\clothed-audit\front.png'
Time: 00:06.58 (Saving: 00:00.10)

Fra:0 Mem:51.14M (Peak 51.14M) | Time:00:00.00 | Mem:0.00M, Peak:0.00M | Scene, ViewLayer | Synchronizing object | M_BaseMesh Skin_BIP
Fra:0 Mem:51.14M (Peak 51.14M) | Time:00:00.00 | Mem:0.00M, Peak:0.00M | Scene, ViewLayer | Synchronizing object | QA actual LegionGoon shirt
Fra:0 Mem:51.17M (Peak 51.17M) | Time:00:00.00 | Mem:0.00M, Peak:0.00M | Scene, ViewLayer | Synchronizing object | Area.002
Fra:0 Mem:51.48M (Peak 51.48M) | Time:00:00.00 | Mem:0.00M, Peak:0.00M | Scene, ViewLayer | Synchronizing object | Area.001
Fra:0 Mem:51.52M (Peak 51.52M) | Time:00:00.00 | Mem:0.00M, Peak:0.00M | Scene, ViewLayer | Synchronizing object | Area
Fra:0 Mem:53.56M (Peak 53.56M) | Time:00:00.01 | Mem:0.00M, Peak:0.00M | Scene, ViewLayer | Initializing
Fra:0 Mem:45.25M (Peak 53.56M) | Time:00:00.01 | Mem:0.00M, Peak:0.00M | Scene, ViewLayer | Waiting for render to start
Fra:0 Mem:45.25M (Peak 53.56M) | Time:00:00.01 | Mem:0.00M, Peak:0.00M | Scene, ViewLayer | Updating Scene
Fra:0 Mem:45.25M (Peak 53.56M) | Time:00:00.01 | Mem:0.00M, Peak:0.00M | Scene, ViewLayer | Updating Shaders
Fra:0 Mem:45.25M (Peak 53.56M) | Time:00:00.01 | Mem:0.00M, Peak:0.00M | Scene, ViewLayer | Loading render kernels (may take a few minutes the first time)
Fra:0 Mem:45.33M (Peak 53.56M) | Time:00:00.01 | Mem:0.00M, Peak:0.00M | Scene, ViewLayer | Updating Procedurals
Fra:0 Mem:45.33M (Peak 53.56M) | Time:00:00.01 | Mem:0.00M, Peak:0.00M | Scene, ViewLayer | Updating Background
Fra:0 Mem:45.33M (Peak 53.56M) | Time:00:00.01 | Mem:0.00M, Peak:0.00M | Scene, ViewLayer | Updating Camera
Fra:0 Mem:45.33M (Peak 53.56M) | Time:00:00.01 | Mem:0.00M, Peak:0.00M | Scene, ViewLayer | Updating Meshes Flags
Fra:0 Mem:45.33M (Peak 53.56M) | Time:00:00.01 | Mem:0.00M, Peak:0.00M | Scene, ViewLayer | Updating Objects
Fra:0 Mem:45.33M (Peak 53.56M) | Time:00:00.01 | Mem:0.00M, Peak:0.00M | Scene, ViewLayer | Updating Objects | Copying Transformations to device
Fra:0 Mem:45.34M (Peak 53.56M) | Time:00:00.01 | Mem:0.00M, Peak:0.00M | Scene, ViewLayer | Updating Particle Systems
Fra:0 Mem:45.34M (Peak 53.56M) | Time:00:00.01 | Mem:0.00M, Peak:0.00M | Scene, ViewLayer | Updating Particle Systems | Copying Particles to device
Fra:0 Mem:45.34M (Peak 53.56M) | Time:00:00.01 | Mem:0.00M, Peak:0.00M | Scene, ViewLayer | Updating Meshes
Fra:0 Mem:45.34M (Peak 53.56M) | Time:00:00.01 | Mem:0.00M, Peak:0.00M | Scene, ViewLayer | Updating Objects | Applying Static Transformations
Fra:0 Mem:45.34M (Peak 53.56M) | Time:00:00.01 | Mem:0.00M, Peak:0.00M | Scene, ViewLayer | Updating Mesh | Computing attributes
Fra:0 Mem:45.53M (Peak 53.56M) | Time:00:00.01 | Mem:0.00M, Peak:0.00M | Scene, ViewLayer | Updating Mesh | Copying Attributes to device
Fra:0 Mem:45.53M (Peak 53.56M) | Time:00:00.01 | Mem:0.20M, Peak:0.20M | Scene, ViewLayer | Updating Scene BVH | Building
Fra:0 Mem:45.53M (Peak 53.56M) | Time:00:00.01 | Mem:0.20M, Peak:0.20M | Scene, ViewLayer | Updating Scene BVH | Building BVH
Fra:0 Mem:45.53M (Peak 53.56M) | Time:00:00.01 | Mem:1.18M, Peak:1.18M | Scene, ViewLayer | Updating Scene BVH | Building BVH 0%
Fra:0 Mem:45.53M (Peak 53.56M) | Time:00:00.01 | Mem:2.25M, Peak:3.24M | Scene, ViewLayer | Updating Scene BVH | Copying BVH to device
Fra:0 Mem:45.53M (Peak 53.56M) | Time:00:00.01 | Mem:2.25M, Peak:3.24M | Scene, ViewLayer | Updating Mesh | Computing normals
Fra:0 Mem:46.41M (Peak 53.56M) | Time:00:00.01 | Mem:2.25M, Peak:3.24M | Scene, ViewLayer | Updating Mesh | Copying Mesh to device
Fra:0 Mem:46.41M (Peak 53.56M) | Time:00:00.01 | Mem:3.13M, Peak:3.24M | Scene, ViewLayer | Updating Objects Flags
Fra:0 Mem:46.41M (Peak 53.56M) | Time:00:00.01 | Mem:3.13M, Peak:3.24M | Scene, ViewLayer | Updating Primitive Offsets
Fra:0 Mem:46.41M (Peak 53.56M) | Time:00:00.01 | Mem:3.13M, Peak:3.24M | Scene, ViewLayer | Updating Images
Fra:0 Mem:46.41M (Peak 53.56M) | Time:00:00.01 | Mem:3.13M, Peak:3.24M | Scene, ViewLayer | Updating Camera Volume
Fra:0 Mem:46.41M (Peak 53.56M) | Time:00:00.01 | Mem:3.13M, Peak:3.24M | Scene, ViewLayer | Updating Lookup Tables
Fra:0 Mem:46.41M (Peak 53.56M) | Time:00:00.01 | Mem:3.22M, Peak:3.24M | Scene, ViewLayer | Updating Lights
Fra:0 Mem:46.41M (Peak 53.56M) | Time:00:00.01 | Mem:3.22M, Peak:3.24M | Scene, ViewLayer | Updating Lights | Computing tree
Fra:0 Mem:46.41M (Peak 53.56M) | Time:00:00.01 | Mem:3.22M, Peak:3.24M | Scene, ViewLayer | Updating Integrator
Fra:0 Mem:47.41M (Peak 53.56M) | Time:00:00.01 | Mem:4.22M, Peak:4.22M | Scene, ViewLayer | Updating Film
Fra:0 Mem:47.42M (Peak 53.56M) | Time:00:00.01 | Mem:4.14M, Peak:4.22M | Scene, ViewLayer | Updating Lookup Tables
Fra:0 Mem:47.42M (Peak 53.56M) | Time:00:00.01 | Mem:4.22M, Peak:4.22M | Scene, ViewLayer | Updating Baking
Fra:0 Mem:47.42M (Peak 53.56M) | Time:00:00.01 | Mem:4.22M, Peak:4.22M | Scene, ViewLayer | Updating Device | Writing constant memory
Fra:0 Mem:47.42M (Peak 53.56M) | Time:00:00.01 | Mem:4.22M, Peak:4.22M | Scene, ViewLayer | Loading denoising kernels (may take a few minutes the first time)
Fra:0 Mem:47.42M (Peak 53.56M) | Time:00:00.01 | Mem:4.22M, Peak:4.22M | Scene, ViewLayer | Sample 0/12
Fra:0 Mem:106.17M (Peak 106.17M) | Time:00:00.18 | Remaining:00:01.88 | Mem:62.93M, Peak:62.93M | Scene, ViewLayer | Sample 1/12
Fra:0 Mem:130.89M (Peak 167.97M) | Time:00:05.59 | Mem:62.93M, Peak:62.93M | Scene, ViewLayer | Sample 12/12
Fra:0 Mem:130.89M (Peak 167.97M) | Time:00:05.59 | Mem:62.93M, Peak:62.93M | Scene, ViewLayer | Finished
Saved: 'C:\Users\SsAnd\AppData\Roaming\Jagged Alliance 3\Mods\jazz\tmp\leather-armor-v5\clothed-audit\right.png'
Time: 00:05.66 (Saving: 00:00.07)

Fra:0 Mem:51.14M (Peak 51.14M) | Time:00:00.00 | Mem:0.00M, Peak:0.00M | Scene, ViewLayer | Synchronizing object | M_BaseMesh Skin_BIP
Fra:0 Mem:51.14M (Peak 51.14M) | Time:00:00.00 | Mem:0.00M, Peak:0.00M | Scene, ViewLayer | Synchronizing object | Area.002
Fra:0 Mem:51.17M (Peak 51.17M) | Time:00:00.00 | Mem:0.00M, Peak:0.00M | Scene, ViewLayer | Synchronizing object | Area.001
Fra:0 Mem:51.39M (Peak 51.39M) | Time:00:00.00 | Mem:0.00M, Peak:0.00M | Scene, ViewLayer | Synchronizing object | Area
Fra:0 Mem:53.56M (Peak 53.56M) | Time:00:00.00 | Mem:0.00M, Peak:0.00M | Scene, ViewLayer | Initializing
Fra:0 Mem:45.25M (Peak 53.56M) | Time:00:00.00 | Mem:0.00M, Peak:0.00M | Scene, ViewLayer | Waiting for render to start
Fra:0 Mem:45.25M (Peak 53.56M) | Time:00:00.00 | Mem:0.00M, Peak:0.00M | Scene, ViewLayer | Updating Scene
Fra:0 Mem:45.25M (Peak 53.56M) | Time:00:00.00 | Mem:0.00M, Peak:0.00M | Scene, ViewLayer | Updating Shaders
Fra:0 Mem:45.25M (Peak 53.56M) | Time:00:00.00 | Mem:0.00M, Peak:0.00M | Scene, ViewLayer | Loading render kernels (may take a few minutes the first time)
Fra:0 Mem:45.33M (Peak 53.56M) | Time:00:00.00 | Mem:0.00M, Peak:0.00M | Scene, ViewLayer | Updating Procedurals
Fra:0 Mem:45.33M (Peak 53.56M) | Time:00:00.00 | Mem:0.00M, Peak:0.00M | Scene, ViewLayer | Updating Background
Fra:0 Mem:45.33M (Peak 53.56M) | Time:00:00.00 | Mem:0.00M, Peak:0.00M | Scene, ViewLayer | Updating Camera
Fra:0 Mem:45.33M (Peak 53.56M) | Time:00:00.00 | Mem:0.00M, Peak:0.00M | Scene, ViewLayer | Updating Meshes Flags
Fra:0 Mem:45.33M (Peak 53.56M) | Time:00:00.00 | Mem:0.00M, Peak:0.00M | Scene, ViewLayer | Updating Objects
Fra:0 Mem:45.33M (Peak 53.56M) | Time:00:00.00 | Mem:0.00M, Peak:0.00M | Scene, ViewLayer | Updating Objects | Copying Transformations to device
Fra:0 Mem:45.34M (Peak 53.56M) | Time:00:00.00 | Mem:0.00M, Peak:0.00M | Scene, ViewLayer | Updating Particle Systems
Fra:0 Mem:45.34M (Peak 53.56M) | Time:00:00.00 | Mem:0.00M, Peak:0.00M | Scene, ViewLayer | Updating Particle Systems | Copying Particles to device
Fra:0 Mem:45.34M (Peak 53.56M) | Time:00:00.00 | Mem:0.00M, Peak:0.00M | Scene, ViewLayer | Updating Meshes
Fra:0 Mem:45.34M (Peak 53.56M) | Time:00:00.00 | Mem:0.00M, Peak:0.00M | Scene, ViewLayer | Updating Objects | Applying Static Transformations
Fra:0 Mem:45.34M (Peak 53.56M) | Time:00:00.00 | Mem:0.00M, Peak:0.00M | Scene, ViewLayer | Updating Mesh | Computing attributes
Fra:0 Mem:45.53M (Peak 53.56M) | Time:00:00.00 | Mem:0.00M, Peak:0.00M | Scene, ViewLayer | Updating Mesh | Copying Attributes to device
Fra:0 Mem:45.53M (Peak 53.56M) | Time:00:00.00 | Mem:0.20M, Peak:0.20M | Scene, ViewLayer | Updating Scene BVH | Building
Fra:0 Mem:45.53M (Peak 53.56M) | Time:00:00.00 | Mem:0.20M, Peak:0.20M | Scene, ViewLayer | Updating Scene BVH | Building BVH
Fra:0 Mem:45.53M (Peak 53.56M) | Time:00:00.00 | Mem:1.18M, Peak:1.18M | Scene, ViewLayer | Updating Scene BVH | Building BVH 0%
Fra:0 Mem:45.53M (Peak 53.56M) | Time:00:00.01 | Mem:2.25M, Peak:3.24M | Scene, ViewLayer | Updating Scene BVH | Copying BVH to device
Fra:0 Mem:45.53M (Peak 53.56M) | Time:00:00.01 | Mem:2.25M, Peak:3.24M | Scene, ViewLayer | Updating Mesh | Computing normals
Fra:0 Mem:46.41M (Peak 53.56M) | Time:00:00.01 | Mem:2.25M, Peak:3.24M | Scene, ViewLayer | Updating Mesh | Copying Mesh to device
Fra:0 Mem:46.41M (Peak 53.56M) | Time:00:00.01 | Mem:3.13M, Peak:3.24M | Scene, ViewLayer | Updating Objects Flags
Fra:0 Mem:46.41M (Peak 53.56M) | Time:00:00.01 | Mem:3.13M, Peak:3.24M | Scene, ViewLayer | Updating Primitive Offsets
Fra:0 Mem:46.41M (Peak 53.56M) | Time:00:00.01 | Mem:3.13M, Peak:3.24M | Scene, ViewLayer | Updating Images
Fra:0 Mem:46.41M (Peak 53.56M) | Time:00:00.01 | Mem:3.13M, Peak:3.24M | Scene, ViewLayer | Updating Camera Volume
Fra:0 Mem:46.41M (Peak 53.56M) | Time:00:00.01 | Mem:3.13M, Peak:3.24M | Scene, ViewLayer | Updating Lookup Tables
Fra:0 Mem:46.41M (Peak 53.56M) | Time:00:00.01 | Mem:3.22M, Peak:3.24M | Scene, ViewLayer | Updating Lights
Fra:0 Mem:46.41M (Peak 53.56M) | Time:00:00.01 | Mem:3.22M, Peak:3.24M | Scene, ViewLayer | Updating Lights | Computing tree
Fra:0 Mem:46.41M (Peak 53.56M) | Time:00:00.01 | Mem:3.22M, Peak:3.24M | Scene, ViewLayer | Updating Integrator
Fra:0 Mem:47.41M (Peak 53.56M) | Time:00:00.01 | Mem:4.22M, Peak:4.22M | Scene, ViewLayer | Updating Film
Fra:0 Mem:47.42M (Peak 53.56M) | Time:00:00.01 | Mem:4.14M, Peak:4.22M | Scene, ViewLayer | Updating Lookup Tables
Fra:0 Mem:47.42M (Peak 53.56M) | Time:00:00.01 | Mem:4.22M, Peak:4.22M | Scene, ViewLayer | Updating Baking
Fra:0 Mem:47.42M (Peak 53.56M) | Time:00:00.01 | Mem:4.22M, Peak:4.22M | Scene, ViewLayer | Updating Device | Writing constant memory
Fra:0 Mem:47.42M (Peak 53.56M) | Time:00:00.01 | Mem:4.22M, Peak:4.22M | Scene, ViewLayer | Loading denoising kernels (may take a few minutes the first time)
Fra:0 Mem:47.42M (Peak 53.56M) | Time:00:00.01 | Mem:4.22M, Peak:4.22M | Scene, ViewLayer | Sample 0/12
Fra:0 Mem:106.17M (Peak 106.17M) | Time:00:00.26 | Remaining:00:02.77 | Mem:62.93M, Peak:62.93M | Scene, ViewLayer | Sample 1/12
Fra:0 Mem:130.89M (Peak 167.97M) | Time:00:06.46 | Mem:62.93M, Peak:62.93M | Scene, ViewLayer | Sample 12/12
Fra:0 Mem:130.89M (Peak 167.97M) | Time:00:06.46 | Mem:62.93M, Peak:62.93M | Scene, ViewLayer | Finished
Saved: 'C:\Users\SsAnd\AppData\Roaming\Jagged Alliance 3\Mods\jazz\tmp\leather-armor-v5\clothed-audit\back.png'
Time: 00:06.52 (Saving: 00:00.05)

Fra:0 Mem:51.14M (Peak 51.14M) | Time:00:00.00 | Mem:0.00M, Peak:0.00M | Scene, ViewLayer | Synchronizing object | M_BaseMesh Skin_BIP
Fra:0 Mem:51.14M (Peak 51.14M) | Time:00:00.00 | Mem:0.00M, Peak:0.00M | Scene, ViewLayer | Synchronizing object | Area.002
Fra:0 Mem:51.17M (Peak 51.17M) | Time:00:00.00 | Mem:0.00M, Peak:0.00M | Scene, ViewLayer | Synchronizing object | Area.001
Fra:0 Mem:51.17M (Peak 51.17M) | Time:00:00.00 | Mem:0.00M, Peak:0.00M | Scene, ViewLayer | Synchronizing object | Area
Fra:0 Mem:53.56M (Peak 53.56M) | Time:00:00.00 | Mem:0.00M, Peak:0.00M | Scene, ViewLayer | Initializing
Fra:0 Mem:45.25M (Peak 53.56M) | Time:00:00.00 | Mem:0.00M, Peak:0.00M | Scene, ViewLayer | Waiting for render to start
Fra:0 Mem:45.25M (Peak 53.56M) | Time:00:00.00 | Mem:0.00M, Peak:0.00M | Scene, ViewLayer | Updating Scene
Fra:0 Mem:45.25M (Peak 53.56M) | Time:00:00.00 | Mem:0.00M, Peak:0.00M | Scene, ViewLayer | Updating Shaders
Fra:0 Mem:45.25M (Peak 53.56M) | Time:00:00.00 | Mem:0.00M, Peak:0.00M | Scene, ViewLayer | Loading render kernels (may take a few minutes the first time)
Fra:0 Mem:45.33M (Peak 53.56M) | Time:00:00.00 | Mem:0.00M, Peak:0.00M | Scene, ViewLayer | Updating Procedurals
Fra:0 Mem:45.33M (Peak 53.56M) | Time:00:00.00 | Mem:0.00M, Peak:0.00M | Scene, ViewLayer | Updating Background
Fra:0 Mem:45.33M (Peak 53.56M) | Time:00:00.00 | Mem:0.00M, Peak:0.00M | Scene, ViewLayer | Updating Camera
Fra:0 Mem:45.33M (Peak 53.56M) | Time:00:00.00 | Mem:0.00M, Peak:0.00M | Scene, ViewLayer | Updating Meshes Flags
Fra:0 Mem:45.33M (Peak 53.56M) | Time:00:00.00 | Mem:0.00M, Peak:0.00M | Scene, ViewLayer | Updating Objects
Fra:0 Mem:45.33M (Peak 53.56M) | Time:00:00.00 | Mem:0.00M, Peak:0.00M | Scene, ViewLayer | Updating Objects | Copying Transformations to device
Fra:0 Mem:45.34M (Peak 53.56M) | Time:00:00.00 | Mem:0.00M, Peak:0.00M | Scene, ViewLayer | Updating Particle Systems
Fra:0 Mem:45.34M (Peak 53.56M) | Time:00:00.00 | Mem:0.00M, Peak:0.00M | Scene, ViewLayer | Updating Particle Systems | Copying Particles to device
Fra:0 Mem:45.34M (Peak 53.56M) | Time:00:00.00 | Mem:0.00M, Peak:0.00M | Scene, ViewLayer | Updating Meshes
Fra:0 Mem:45.34M (Peak 53.56M) | Time:00:00.00 | Mem:0.00M, Peak:0.00M | Scene, ViewLayer | Updating Objects | Applying Static Transformations
Fra:0 Mem:45.34M (Peak 53.56M) | Time:00:00.00 | Mem:0.00M, Peak:0.00M | Scene, ViewLayer | Updating Mesh | Computing attributes
Fra:0 Mem:45.53M (Peak 53.56M) | Time:00:00.00 | Mem:0.00M, Peak:0.00M | Scene, ViewLayer | Updating Mesh | Copying Attributes to device
Fra:0 Mem:45.53M (Peak 53.56M) | Time:00:00.00 | Mem:0.20M, Peak:0.20M | Scene, ViewLayer | Updating Scene BVH | Building
Fra:0 Mem:45.53M (Peak 53.56M) | Time:00:00.00 | Mem:0.20M, Peak:0.20M | Scene, ViewLayer | Updating Scene BVH | Building BVH
Fra:0 Mem:45.53M (Peak 53.56M) | Time:00:00.00 | Mem:1.18M, Peak:1.18M | Scene, ViewLayer | Updating Scene BVH | Building BVH 0%
Fra:0 Mem:45.53M (Peak 53.56M) | Time:00:00.01 | Mem:2.25M, Peak:3.24M | Scene, ViewLayer | Updating Scene BVH | Copying BVH to device
Fra:0 Mem:45.53M (Peak 53.56M) | Time:00:00.01 | Mem:2.25M, Peak:3.24M | Scene, ViewLayer | Updating Mesh | Computing normals
Fra:0 Mem:46.41M (Peak 53.56M) | Time:00:00.01 | Mem:2.25M, Peak:3.24M | Scene, ViewLayer | Updating Mesh | Copying Mesh to device
Fra:0 Mem:46.41M (Peak 53.56M) | Time:00:00.01 | Mem:3.13M, Peak:3.24M | Scene, ViewLayer | Updating Objects Flags
Fra:0 Mem:46.41M (Peak 53.56M) | Time:00:00.01 | Mem:3.13M, Peak:3.24M | Scene, ViewLayer | Updating Primitive Offsets
Fra:0 Mem:46.41M (Peak 53.56M) | Time:00:00.01 | Mem:3.13M, Peak:3.24M | Scene, ViewLayer | Updating Images
Fra:0 Mem:46.41M (Peak 53.56M) | Time:00:00.01 | Mem:3.13M, Peak:3.24M | Scene, ViewLayer | Updating Camera Volume
Fra:0 Mem:46.41M (Peak 53.56M) | Time:00:00.01 | Mem:3.13M, Peak:3.24M | Scene, ViewLayer | Updating Lookup Tables
Fra:0 Mem:46.41M (Peak 53.56M) | Time:00:00.01 | Mem:3.22M, Peak:3.24M | Scene, ViewLayer | Updating Lights
Fra:0 Mem:46.41M (Peak 53.56M) | Time:00:00.01 | Mem:3.22M, Peak:3.24M | Scene, ViewLayer | Updating Lights | Computing tree
Fra:0 Mem:46.41M (Peak 53.56M) | Time:00:00.01 | Mem:3.22M, Peak:3.24M | Scene, ViewLayer | Updating Integrator
Fra:0 Mem:47.41M (Peak 53.56M) | Time:00:00.01 | Mem:4.22M, Peak:4.22M | Scene, ViewLayer | Updating Film
Fra:0 Mem:47.42M (Peak 53.56M) | Time:00:00.01 | Mem:4.14M, Peak:4.22M | Scene, ViewLayer | Updating Lookup Tables
Fra:0 Mem:47.42M (Peak 53.56M) | Time:00:00.01 | Mem:4.22M, Peak:4.22M | Scene, ViewLayer | Updating Baking
Fra:0 Mem:47.42M (Peak 53.56M) | Time:00:00.01 | Mem:4.22M, Peak:4.22M | Scene, ViewLayer | Updating Device | Writing constant memory
Fra:0 Mem:47.42M (Peak 53.56M) | Time:00:00.01 | Mem:4.22M, Peak:4.22M | Scene, ViewLayer | Loading denoising kernels (may take a few minutes the first time)
Fra:0 Mem:47.42M (Peak 53.56M) | Time:00:00.01 | Mem:4.22M, Peak:4.22M | Scene, ViewLayer | Sample 0/12
Fra:0 Mem:106.17M (Peak 106.17M) | Time:00:00.17 | Remaining:00:01.75 | Mem:62.93M, Peak:62.93M | Scene, ViewLayer | Sample 1/12
Fra:0 Mem:130.89M (Peak 167.97M) | Time:00:05.94 | Mem:62.93M, Peak:62.93M | Scene, ViewLayer | Sample 12/12
Fra:0 Mem:130.89M (Peak 167.97M) | Time:00:05.94 | Mem:62.93M, Peak:62.93M | Scene, ViewLayer | Finished
Saved: 'C:\Users\SsAnd\AppData\Roaming\Jagged Alliance 3\Mods\jazz\tmp\leather-armor-v5\clothed-audit\left.png'
Time: 00:06.01 (Saving: 00:00.06)

Fra:0 Mem:51.14M (Peak 51.14M) | Time:00:00.00 | Mem:0.00M, Peak:0.00M | Scene, ViewLayer | Synchronizing object | M_BaseMesh Skin_BIP
Fra:0 Mem:51.14M (Peak 51.14M) | Time:00:00.00 | Mem:0.00M, Peak:0.00M | Scene, ViewLayer | Synchronizing object | Area.002
Fra:0 Mem:51.17M (Peak 51.17M) | Time:00:00.00 | Mem:0.00M, Peak:0.00M | Scene, ViewLayer | Synchronizing object | Area.001
Fra:0 Mem:51.39M (Peak 51.39M) | Time:00:00.00 | Mem:0.00M, Peak:0.00M | Scene, ViewLayer | Synchronizing object | Area
Fra:0 Mem:53.56M (Peak 53.56M) | Time:00:00.00 | Mem:0.00M, Peak:0.00M | Scene, ViewLayer | Initializing
Fra:0 Mem:45.25M (Peak 53.56M) | Time:00:00.01 | Mem:0.00M, Peak:0.00M | Scene, ViewLayer | Waiting for render to start
Fra:0 Mem:45.25M (Peak 53.56M) | Time:00:00.01 | Mem:0.00M, Peak:0.00M | Scene, ViewLayer | Updating Scene
Fra:0 Mem:45.25M (Peak 53.56M) | Time:00:00.01 | Mem:0.00M, Peak:0.00M | Scene, ViewLayer | Updating Shaders
Fra:0 Mem:45.25M (Peak 53.56M) | Time:00:00.01 | Mem:0.00M, Peak:0.00M | Scene, ViewLayer | Loading render kernels (may take a few minutes the first time)
Fra:0 Mem:45.33M (Peak 53.56M) | Time:00:00.01 | Mem:0.00M, Peak:0.00M | Scene, ViewLayer | Updating Procedurals
Fra:0 Mem:45.33M (Peak 53.56M) | Time:00:00.01 | Mem:0.00M, Peak:0.00M | Scene, ViewLayer | Updating Background
Fra:0 Mem:45.33M (Peak 53.56M) | Time:00:00.01 | Mem:0.00M, Peak:0.00M | Scene, ViewLayer | Updating Camera
Fra:0 Mem:45.33M (Peak 53.56M) | Time:00:00.01 | Mem:0.00M, Peak:0.00M | Scene, ViewLayer | Updating Meshes Flags
Fra:0 Mem:45.33M (Peak 53.56M) | Time:00:00.01 | Mem:0.00M, Peak:0.00M | Scene, ViewLayer | Updating Objects
Fra:0 Mem:45.33M (Peak 53.56M) | Time:00:00.01 | Mem:0.00M, Peak:0.00M | Scene, ViewLayer | Updating Objects | Copying Transformations to device
Fra:0 Mem:45.34M (Peak 53.56M) | Time:00:00.01 | Mem:0.00M, Peak:0.00M | Scene, ViewLayer | Updating Particle Systems
Fra:0 Mem:45.34M (Peak 53.56M) | Time:00:00.01 | Mem:0.00M, Peak:0.00M | Scene, ViewLayer | Updating Particle Systems | Copying Particles to device
Fra:0 Mem:45.34M (Peak 53.56M) | Time:00:00.01 | Mem:0.00M, Peak:0.00M | Scene, ViewLayer | Updating Meshes
Fra:0 Mem:45.34M (Peak 53.56M) | Time:00:00.01 | Mem:0.00M, Peak:0.00M | Scene, ViewLayer | Updating Objects | Applying Static Transformations
Fra:0 Mem:45.34M (Peak 53.56M) | Time:00:00.01 | Mem:0.00M, Peak:0.00M | Scene, ViewLayer | Updating Mesh | Computing attributes
Fra:0 Mem:45.53M (Peak 53.56M) | Time:00:00.01 | Mem:0.00M, Peak:0.00M | Scene, ViewLayer | Updating Mesh | Copying Attributes to device
Fra:0 Mem:45.53M (Peak 53.56M) | Time:00:00.01 | Mem:0.20M, Peak:0.20M | Scene, ViewLayer | Updating Scene BVH | Building
Fra:0 Mem:45.53M (Peak 53.56M) | Time:00:00.01 | Mem:0.20M, Peak:0.20M | Scene, ViewLayer | Updating Scene BVH | Building BVH
Fra:0 Mem:45.53M (Peak 53.56M) | Time:00:00.01 | Mem:1.18M, Peak:1.18M | Scene, ViewLayer | Updating Scene BVH | Building BVH 0%
Fra:0 Mem:45.53M (Peak 53.56M) | Time:00:00.01 | Mem:2.25M, Peak:3.24M | Scene, ViewLayer | Updating Scene BVH | Copying BVH to device
Fra:0 Mem:45.53M (Peak 53.56M) | Time:00:00.01 | Mem:2.25M, Peak:3.24M | Scene, ViewLayer | Updating Mesh | Computing normals
Fra:0 Mem:46.41M (Peak 53.56M) | Time:00:00.01 | Mem:2.25M, Peak:3.24M | Scene, ViewLayer | Updating Mesh | Copying Mesh to device
Fra:0 Mem:46.41M (Peak 53.56M) | Time:00:00.01 | Mem:3.13M, Peak:3.24M | Scene, ViewLayer | Updating Objects Flags
Fra:0 Mem:46.41M (Peak 53.56M) | Time:00:00.01 | Mem:3.13M, Peak:3.24M | Scene, ViewLayer | Updating Primitive Offsets
Fra:0 Mem:46.41M (Peak 53.56M) | Time:00:00.01 | Mem:3.13M, Peak:3.24M | Scene, ViewLayer | Updating Images
Fra:0 Mem:46.41M (Peak 53.56M) | Time:00:00.01 | Mem:3.13M, Peak:3.24M | Scene, ViewLayer | Updating Camera Volume
Fra:0 Mem:46.41M (Peak 53.56M) | Time:00:00.01 | Mem:3.13M, Peak:3.24M | Scene, ViewLayer | Updating Lookup Tables
Fra:0 Mem:46.41M (Peak 53.56M) | Time:00:00.01 | Mem:3.22M, Peak:3.24M | Scene, ViewLayer | Updating Lights
Fra:0 Mem:46.41M (Peak 53.56M) | Time:00:00.01 | Mem:3.22M, Peak:3.24M | Scene, ViewLayer | Updating Lights | Computing tree
Fra:0 Mem:46.41M (Peak 53.56M) | Time:00:00.01 | Mem:3.22M, Peak:3.24M | Scene, ViewLayer | Updating Integrator
Fra:0 Mem:47.41M (Peak 53.56M) | Time:00:00.01 | Mem:4.22M, Peak:4.22M | Scene, ViewLayer | Updating Film
Fra:0 Mem:47.42M (Peak 53.56M) | Time:00:00.01 | Mem:4.14M, Peak:4.22M | Scene, ViewLayer | Updating Lookup Tables
Fra:0 Mem:47.42M (Peak 53.56M) | Time:00:00.01 | Mem:4.22M, Peak:4.22M | Scene, ViewLayer | Updating Baking
Fra:0 Mem:47.42M (Peak 53.56M) | Time:00:00.01 | Mem:4.22M, Peak:4.22M | Scene, ViewLayer | Updating Device | Writing constant memory
Fra:0 Mem:47.42M (Peak 53.56M) | Time:00:00.01 | Mem:4.22M, Peak:4.22M | Scene, ViewLayer | Loading denoising kernels (may take a few minutes the first time)
Fra:0 Mem:47.42M (Peak 53.56M) | Time:00:00.01 | Mem:4.22M, Peak:4.22M | Scene, ViewLayer | Sample 0/12
Fra:0 Mem:106.17M (Peak 106.17M) | Time:00:00.27 | Remaining:00:02.82 | Mem:62.93M, Peak:62.93M | Scene, ViewLayer | Sample 1/12
Fra:0 Mem:130.89M (Peak 167.97M) | Time:00:07.03 | Mem:62.93M, Peak:62.93M | Scene, ViewLayer | Sample 12/12
Fra:0 Mem:130.89M (Peak 167.97M) | Time:00:07.03 | Mem:62.93M, Peak:62.93M | Scene, ViewLayer | Finished
Saved: 'C:\Users\SsAnd\AppData\Roaming\Jagged Alliance 3\Mods\jazz\tmp\leather-armor-v5\clothed-audit\rear_left.png'
Time: 00:07.11 (Saving: 00:00.07)

Fra:0 Mem:51.14M (Peak 51.14M) | Time:00:00.00 | Mem:0.00M, Peak:0.00M | Scene, ViewLayer | Synchronizing object | M_BaseMesh Skin_BIP
Fra:0 Mem:51.14M (Peak 51.14M) | Time:00:00.00 | Mem:0.00M, Peak:0.00M | Scene, ViewLayer | Synchronizing object | QA actual LegionGoon shirt
Fra:0 Mem:51.15M (Peak 51.15M) | Time:00:00.00 | Mem:0.00M, Peak:0.00M | Scene, ViewLayer | Synchronizing object | Area.002
Fra:0 Mem:51.48M (Peak 51.48M) | Time:00:00.00 | Mem:0.00M, Peak:0.00M | Scene, ViewLayer | Synchronizing object | Area.001
Fra:0 Mem:51.52M (Peak 51.52M) | Time:00:00.00 | Mem:0.00M, Peak:0.00M | Scene, ViewLayer | Synchronizing object | Area
Fra:0 Mem:53.56M (Peak 53.56M) | Time:00:00.00 | Mem:0.00M, Peak:0.00M | Scene, ViewLayer | Initializing
Fra:0 Mem:45.25M (Peak 53.56M) | Time:00:00.00 | Mem:0.00M, Peak:0.00M | Scene, ViewLayer | Waiting for render to start
Fra:0 Mem:45.25M (Peak 53.56M) | Time:00:00.00 | Mem:0.00M, Peak:0.00M | Scene, ViewLayer | Updating Scene
Fra:0 Mem:45.25M (Peak 53.56M) | Time:00:00.00 | Mem:0.00M, Peak:0.00M | Scene, ViewLayer | Updating Shaders
Fra:0 Mem:45.25M (Peak 53.56M) | Time:00:00.00 | Mem:0.00M, Peak:0.00M | Scene, ViewLayer | Loading render kernels (may take a few minutes the first time)
Fra:0 Mem:45.33M (Peak 53.56M) | Time:00:00.00 | Mem:0.00M, Peak:0.00M | Scene, ViewLayer | Updating Procedurals
Fra:0 Mem:45.33M (Peak 53.56M) | Time:00:00.00 | Mem:0.00M, Peak:0.00M | Scene, ViewLayer | Updating Background
Fra:0 Mem:45.33M (Peak 53.56M) | Time:00:00.00 | Mem:0.00M, Peak:0.00M | Scene, ViewLayer | Updating Camera
Fra:0 Mem:45.33M (Peak 53.56M) | Time:00:00.00 | Mem:0.00M, Peak:0.00M | Scene, ViewLayer | Updating Meshes Flags
Fra:0 Mem:45.33M (Peak 53.56M) | Time:00:00.00 | Mem:0.00M, Peak:0.00M | Scene, ViewLayer | Updating Objects
Fra:0 Mem:45.33M (Peak 53.56M) | Time:00:00.00 | Mem:0.00M, Peak:0.00M | Scene, ViewLayer | Updating Objects | Copying Transformations to device
Fra:0 Mem:45.34M (Peak 53.56M) | Time:00:00.00 | Mem:0.00M, Peak:0.00M | Scene, ViewLayer | Updating Particle Systems
Fra:0 Mem:45.34M (Peak 53.56M) | Time:00:00.00 | Mem:0.00M, Peak:0.00M | Scene, ViewLayer | Updating Particle Systems | Copying Particles to device
Fra:0 Mem:45.34M (Peak 53.56M) | Time:00:00.00 | Mem:0.00M, Peak:0.00M | Scene, ViewLayer | Updating Meshes
Fra:0 Mem:45.34M (Peak 53.56M) | Time:00:00.00 | Mem:0.00M, Peak:0.00M | Scene, ViewLayer | Updating Objects | Applying Static Transformations
Fra:0 Mem:45.34M (Peak 53.56M) | Time:00:00.00 | Mem:0.00M, Peak:0.00M | Scene, ViewLayer | Updating Mesh | Computing attributes
Fra:0 Mem:45.53M (Peak 53.56M) | Time:00:00.00 | Mem:0.00M, Peak:0.00M | Scene, ViewLayer | Updating Mesh | Copying Attributes to device
Fra:0 Mem:45.53M (Peak 53.56M) | Time:00:00.00 | Mem:0.20M, Peak:0.20M | Scene, ViewLayer | Updating Scene BVH | Building
Fra:0 Mem:45.53M (Peak 53.56M) | Time:00:00.00 | Mem:0.20M, Peak:0.20M | Scene, ViewLayer | Updating Scene BVH | Building BVH
Fra:0 Mem:45.53M (Peak 53.56M) | Time:00:00.00 | Mem:1.18M, Peak:1.18M | Scene, ViewLayer | Updating Scene BVH | Building BVH 0%
Fra:0 Mem:45.53M (Peak 53.56M) | Time:00:00.01 | Mem:2.25M, Peak:3.24M | Scene, ViewLayer | Updating Scene BVH | Copying BVH to device
Fra:0 Mem:45.53M (Peak 53.56M) | Time:00:00.01 | Mem:2.25M, Peak:3.24M | Scene, ViewLayer | Updating Mesh | Computing normals
Fra:0 Mem:46.41M (Peak 53.56M) | Time:00:00.01 | Mem:2.25M, Peak:3.24M | Scene, ViewLayer | Updating Mesh | Copying Mesh to device
Fra:0 Mem:46.41M (Peak 53.56M) | Time:00:00.01 | Mem:3.13M, Peak:3.24M | Scene, ViewLayer | Updating Objects Flags
Fra:0 Mem:46.41M (Peak 53.56M) | Time:00:00.01 | Mem:3.13M, Peak:3.24M | Scene, ViewLayer | Updating Primitive Offsets
Fra:0 Mem:46.41M (Peak 53.56M) | Time:00:00.01 | Mem:3.13M, Peak:3.24M | Scene, ViewLayer | Updating Images
Fra:0 Mem:46.41M (Peak 53.56M) | Time:00:00.01 | Mem:3.13M, Peak:3.24M | Scene, ViewLayer | Updating Camera Volume
Fra:0 Mem:46.41M (Peak 53.56M) | Time:00:00.01 | Mem:3.13M, Peak:3.24M | Scene, ViewLayer | Updating Lookup Tables
Fra:0 Mem:46.41M (Peak 53.56M) | Time:00:00.01 | Mem:3.22M, Peak:3.24M | Scene, ViewLayer | Updating Lights
Fra:0 Mem:46.41M (Peak 53.56M) | Time:00:00.01 | Mem:3.22M, Peak:3.24M | Scene, ViewLayer | Updating Lights | Computing tree
Fra:0 Mem:46.41M (Peak 53.56M) | Time:00:00.01 | Mem:3.22M, Peak:3.24M | Scene, ViewLayer | Updating Integrator
Fra:0 Mem:47.41M (Peak 53.56M) | Time:00:00.01 | Mem:4.22M, Peak:4.22M | Scene, ViewLayer | Updating Film
Fra:0 Mem:47.42M (Peak 53.56M) | Time:00:00.01 | Mem:4.14M, Peak:4.22M | Scene, ViewLayer | Updating Lookup Tables
Fra:0 Mem:47.42M (Peak 53.56M) | Time:00:00.01 | Mem:4.22M, Peak:4.22M | Scene, ViewLayer | Updating Baking
Fra:0 Mem:47.42M (Peak 53.56M) | Time:00:00.01 | Mem:4.22M, Peak:4.22M | Scene, ViewLayer | Updating Device | Writing constant memory
Fra:0 Mem:47.42M (Peak 53.56M) | Time:00:00.01 | Mem:4.22M, Peak:4.22M | Scene, ViewLayer | Loading denoising kernels (may take a few minutes the first time)
Fra:0 Mem:47.42M (Peak 53.56M) | Time:00:00.01 | Mem:4.22M, Peak:4.22M | Scene, ViewLayer | Sample 0/12
Fra:0 Mem:106.17M (Peak 106.17M) | Time:00:00.17 | Remaining:00:01.81 | Mem:62.93M, Peak:62.93M | Scene, ViewLayer | Sample 1/12
Fra:0 Mem:130.89M (Peak 167.97M) | Time:00:06.10 | Mem:62.93M, Peak:62.93M | Scene, ViewLayer | Sample 12/12
Fra:0 Mem:130.89M (Peak 167.97M) | Time:00:06.10 | Mem:62.93M, Peak:62.93M | Scene, ViewLayer | Finished
Saved: 'C:\Users\SsAnd\AppData\Roaming\Jagged Alliance 3\Mods\jazz\tmp\leather-armor-v5\clothed-audit\top.png'
Time: 00:06.16 (Saving: 00:00.06)

Fra:0 Mem:51.14M (Peak 51.14M) | Time:00:00.00 | Mem:0.00M, Peak:0.00M | Scene, ViewLayer | Synchronizing object | M_BaseMesh Skin_BIP
Fra:0 Mem:51.15M (Peak 51.15M) | Time:00:00.00 | Mem:0.00M, Peak:0.00M | Scene, ViewLayer | Synchronizing object | Area.002
Fra:0 Mem:51.48M (Peak 51.48M) | Time:00:00.00 | Mem:0.00M, Peak:0.00M | Scene, ViewLayer | Synchronizing object | Area.001
Fra:0 Mem:51.52M (Peak 51.52M) | Time:00:00.00 | Mem:0.00M, Peak:0.00M | Scene, ViewLayer | Synchronizing object | Area
Fra:0 Mem:53.56M (Peak 53.56M) | Time:00:00.01 | Mem:0.00M, Peak:0.00M | Scene, ViewLayer | Initializing
Fra:0 Mem:45.25M (Peak 53.56M) | Time:00:00.01 | Mem:0.00M, Peak:0.00M | Scene, ViewLayer | Waiting for render to start
Fra:0 Mem:45.25M (Peak 53.56M) | Time:00:00.01 | Mem:0.00M, Peak:0.00M | Scene, ViewLayer | Updating Scene
Fra:0 Mem:45.25M (Peak 53.56M) | Time:00:00.01 | Mem:0.00M, Peak:0.00M | Scene, ViewLayer | Updating Shaders
Fra:0 Mem:45.25M (Peak 53.56M) | Time:00:00.01 | Mem:0.00M, Peak:0.00M | Scene, ViewLayer | Loading render kernels (may take a few minutes the first time)
Fra:0 Mem:45.33M (Peak 53.56M) | Time:00:00.01 | Mem:0.00M, Peak:0.00M | Scene, ViewLayer | Updating Procedurals
Fra:0 Mem:45.33M (Peak 53.56M) | Time:00:00.01 | Mem:0.00M, Peak:0.00M | Scene, ViewLayer | Updating Background
Fra:0 Mem:45.33M (Peak 53.56M) | Time:00:00.01 | Mem:0.00M, Peak:0.00M | Scene, ViewLayer | Updating Camera
Fra:0 Mem:45.33M (Peak 53.56M) | Time:00:00.01 | Mem:0.00M, Peak:0.00M | Scene, ViewLayer | Updating Meshes Flags
Fra:0 Mem:45.33M (Peak 53.56M) | Time:00:00.01 | Mem:0.00M, Peak:0.00M | Scene, ViewLayer | Updating Objects
Fra:0 Mem:45.33M (Peak 53.56M) | Time:00:00.01 | Mem:0.00M, Peak:0.00M | Scene, ViewLayer | Updating Objects | Copying Transformations to device
Fra:0 Mem:45.34M (Peak 53.56M) | Time:00:00.01 | Mem:0.00M, Peak:0.00M | Scene, ViewLayer | Updating Particle Systems
Fra:0 Mem:45.34M (Peak 53.56M) | Time:00:00.01 | Mem:0.00M, Peak:0.00M | Scene, ViewLayer | Updating Particle Systems | Copying Particles to device
Fra:0 Mem:45.34M (Peak 53.56M) | Time:00:00.01 | Mem:0.00M, Peak:0.00M | Scene, ViewLayer | Updating Meshes
Fra:0 Mem:45.34M (Peak 53.56M) | Time:00:00.01 | Mem:0.00M, Peak:0.00M | Scene, ViewLayer | Updating Objects | Applying Static Transformations
Fra:0 Mem:45.34M (Peak 53.56M) | Time:00:00.01 | Mem:0.00M, Peak:0.00M | Scene, ViewLayer | Updating Mesh | Computing attributes
Fra:0 Mem:45.53M (Peak 53.56M) | Time:00:00.01 | Mem:0.00M, Peak:0.00M | Scene, ViewLayer | Updating Mesh | Copying Attributes to device
Fra:0 Mem:45.53M (Peak 53.56M) | Time:00:00.01 | Mem:0.20M, Peak:0.20M | Scene, ViewLayer | Updating Scene BVH | Building
Fra:0 Mem:45.53M (Peak 53.56M) | Time:00:00.01 | Mem:0.20M, Peak:0.20M | Scene, ViewLayer | Updating Scene BVH | Building BVH
Fra:0 Mem:45.53M (Peak 53.56M) | Time:00:00.01 | Mem:1.18M, Peak:1.18M | Scene, ViewLayer | Updating Scene BVH | Building BVH 0%
Fra:0 Mem:45.53M (Peak 53.56M) | Time:00:00.01 | Mem:2.25M, Peak:3.24M | Scene, ViewLayer | Updating Scene BVH | Copying BVH to device
Fra:0 Mem:45.53M (Peak 53.56M) | Time:00:00.01 | Mem:2.25M, Peak:3.24M | Scene, ViewLayer | Updating Mesh | Computing normals
Fra:0 Mem:46.41M (Peak 53.56M) | Time:00:00.01 | Mem:2.25M, Peak:3.24M | Scene, ViewLayer | Updating Mesh | Copying Mesh to device
Fra:0 Mem:46.41M (Peak 53.56M) | Time:00:00.01 | Mem:3.13M, Peak:3.24M | Scene, ViewLayer | Updating Objects Flags
Fra:0 Mem:46.41M (Peak 53.56M) | Time:00:00.01 | Mem:3.13M, Peak:3.24M | Scene, ViewLayer | Updating Primitive Offsets
Fra:0 Mem:46.41M (Peak 53.56M) | Time:00:00.01 | Mem:3.13M, Peak:3.24M | Scene, ViewLayer | Updating Images
Fra:0 Mem:46.41M (Peak 53.56M) | Time:00:00.01 | Mem:3.13M, Peak:3.24M | Scene, ViewLayer | Updating Camera Volume
Fra:0 Mem:46.41M (Peak 53.56M) | Time:00:00.01 | Mem:3.13M, Peak:3.24M | Scene, ViewLayer | Updating Lookup Tables
Fra:0 Mem:46.41M (Peak 53.56M) | Time:00:00.01 | Mem:3.22M, Peak:3.24M | Scene, ViewLayer | Updating Lights
Fra:0 Mem:46.41M (Peak 53.56M) | Time:00:00.01 | Mem:3.22M, Peak:3.24M | Scene, ViewLayer | Updating Lights | Computing tree
Fra:0 Mem:46.41M (Peak 53.56M) | Time:00:00.01 | Mem:3.22M, Peak:3.24M | Scene, ViewLayer | Updating Integrator
Fra:0 Mem:47.41M (Peak 53.56M) | Time:00:00.01 | Mem:4.22M, Peak:4.22M | Scene, ViewLayer | Updating Film
Fra:0 Mem:47.42M (Peak 53.56M) | Time:00:00.01 | Mem:4.14M, Peak:4.22M | Scene, ViewLayer | Updating Lookup Tables
Fra:0 Mem:47.42M (Peak 53.56M) | Time:00:00.01 | Mem:4.22M, Peak:4.22M | Scene, ViewLayer | Updating Baking
Fra:0 Mem:47.42M (Peak 53.56M) | Time:00:00.01 | Mem:4.22M, Peak:4.22M | Scene, ViewLayer | Updating Device | Writing constant memory
Fra:0 Mem:47.42M (Peak 53.56M) | Time:00:00.01 | Mem:4.22M, Peak:4.22M | Scene, ViewLayer | Loading denoising kernels (may take a few minutes the first time)
Fra:0 Mem:47.42M (Peak 53.56M) | Time:00:00.01 | Mem:4.22M, Peak:4.22M | Scene, ViewLayer | Sample 0/12
Fra:0 Mem:106.17M (Peak 106.17M) | Time:00:00.27 | Remaining:00:02.85 | Mem:62.93M, Peak:62.93M | Scene, ViewLayer | Sample 1/12
Fra:0 Mem:130.89M (Peak 167.97M) | Time:00:07.19 | Mem:62.93M, Peak:62.93M | Scene, ViewLayer | Sample 12/12
Fra:0 Mem:130.89M (Peak 167.97M) | Time:00:07.19 | Mem:62.93M, Peak:62.93M | Scene, ViewLayer | Finished
Saved: 'C:\Users\SsAnd\AppData\Roaming\Jagged Alliance 3\Mods\jazz\tmp\leather-armor-v5\clothed-audit\bottom.png'
Time: 00:07.25 (Saving: 00:00.06)

Fra:0 Mem:51.14M (Peak 51.14M) | Time:00:00.00 | Mem:0.00M, Peak:0.00M | Scene, ViewLayer | Synchronizing object | M_BaseMesh Skin_BIP
Fra:0 Mem:51.14M (Peak 51.14M) | Time:00:00.00 | Mem:0.00M, Peak:0.00M | Scene, ViewLayer | Synchronizing object | Area.002
Fra:0 Mem:51.15M (Peak 51.15M) | Time:00:00.00 | Mem:0.00M, Peak:0.00M | Scene, ViewLayer | Synchronizing object | Area.001
Fra:0 Mem:51.17M (Peak 51.17M) | Time:00:00.00 | Mem:0.00M, Peak:0.00M | Scene, ViewLayer | Synchronizing object | Area
Fra:0 Mem:53.56M (Peak 53.56M) | Time:00:00.00 | Mem:0.00M, Peak:0.00M | Scene, ViewLayer | Initializing
Fra:0 Mem:45.25M (Peak 53.56M) | Time:00:00.00 | Mem:0.00M, Peak:0.00M | Scene, ViewLayer | Waiting for render to start
Fra:0 Mem:45.25M (Peak 53.56M) | Time:00:00.00 | Mem:0.00M, Peak:0.00M | Scene, ViewLayer | Updating Scene
Fra:0 Mem:45.25M (Peak 53.56M) | Time:00:00.00 | Mem:0.00M, Peak:0.00M | Scene, ViewLayer | Updating Shaders
Fra:0 Mem:45.25M (Peak 53.56M) | Time:00:00.00 | Mem:0.00M, Peak:0.00M | Scene, ViewLayer | Loading render kernels (may take a few minutes the first time)
Fra:0 Mem:45.33M (Peak 53.56M) | Time:00:00.00 | Mem:0.00M, Peak:0.00M | Scene, ViewLayer | Updating Procedurals
Fra:0 Mem:45.33M (Peak 53.56M) | Time:00:00.00 | Mem:0.00M, Peak:0.00M | Scene, ViewLayer | Updating Background
Fra:0 Mem:45.33M (Peak 53.56M) | Time:00:00.00 | Mem:0.00M, Peak:0.00M | Scene, ViewLayer | Updating Camera
Fra:0 Mem:45.33M (Peak 53.56M) | Time:00:00.00 | Mem:0.00M, Peak:0.00M | Scene, ViewLayer | Updating Meshes Flags
Fra:0 Mem:45.33M (Peak 53.56M) | Time:00:00.00 | Mem:0.00M, Peak:0.00M | Scene, ViewLayer | Updating Objects
Fra:0 Mem:45.33M (Peak 53.56M) | Time:00:00.00 | Mem:0.00M, Peak:0.00M | Scene, ViewLayer | Updating Objects | Copying Transformations to device
Fra:0 Mem:45.34M (Peak 53.56M) | Time:00:00.00 | Mem:0.00M, Peak:0.00M | Scene, ViewLayer | Updating Particle Systems
Fra:0 Mem:45.34M (Peak 53.56M) | Time:00:00.00 | Mem:0.00M, Peak:0.00M | Scene, ViewLayer | Updating Particle Systems | Copying Particles to device
Fra:0 Mem:45.34M (Peak 53.56M) | Time:00:00.00 | Mem:0.00M, Peak:0.00M | Scene, ViewLayer | Updating Meshes
Fra:0 Mem:45.34M (Peak 53.56M) | Time:00:00.00 | Mem:0.00M, Peak:0.00M | Scene, ViewLayer | Updating Objects | Applying Static Transformations
Fra:0 Mem:45.34M (Peak 53.56M) | Time:00:00.00 | Mem:0.00M, Peak:0.00M | Scene, ViewLayer | Updating Mesh | Computing attributes
Fra:0 Mem:45.53M (Peak 53.56M) | Time:00:00.00 | Mem:0.00M, Peak:0.00M | Scene, ViewLayer | Updating Mesh | Copying Attributes to device
Fra:0 Mem:45.53M (Peak 53.56M) | Time:00:00.00 | Mem:0.20M, Peak:0.20M | Scene, ViewLayer | Updating Scene BVH | Building
Fra:0 Mem:45.53M (Peak 53.56M) | Time:00:00.00 | Mem:0.20M, Peak:0.20M | Scene, ViewLayer | Updating Scene BVH | Building BVH
Fra:0 Mem:45.53M (Peak 53.56M) | Time:00:00.00 | Mem:1.18M, Peak:1.18M | Scene, ViewLayer | Updating Scene BVH | Building BVH 0%
Fra:0 Mem:45.53M (Peak 53.56M) | Time:00:00.01 | Mem:2.25M, Peak:3.24M | Scene, ViewLayer | Updating Scene BVH | Copying BVH to device
Fra:0 Mem:45.53M (Peak 53.56M) | Time:00:00.01 | Mem:2.25M, Peak:3.24M | Scene, ViewLayer | Updating Mesh | Computing normals
Fra:0 Mem:46.41M (Peak 53.56M) | Time:00:00.01 | Mem:2.25M, Peak:3.24M | Scene, ViewLayer | Updating Mesh | Copying Mesh to device
Fra:0 Mem:46.41M (Peak 53.56M) | Time:00:00.01 | Mem:3.13M, Peak:3.24M | Scene, ViewLayer | Updating Objects Flags
Fra:0 Mem:46.41M (Peak 53.56M) | Time:00:00.01 | Mem:3.13M, Peak:3.24M | Scene, ViewLayer | Updating Primitive Offsets
Fra:0 Mem:46.41M (Peak 53.56M) | Time:00:00.01 | Mem:3.13M, Peak:3.24M | Scene, ViewLayer | Updating Images
Fra:0 Mem:46.41M (Peak 53.56M) | Time:00:00.01 | Mem:3.13M, Peak:3.24M | Scene, ViewLayer | Updating Camera Volume
Fra:0 Mem:46.41M (Peak 53.56M) | Time:00:00.01 | Mem:3.13M, Peak:3.24M | Scene, ViewLayer | Updating Lookup Tables
Fra:0 Mem:46.41M (Peak 53.56M) | Time:00:00.01 | Mem:3.22M, Peak:3.24M | Scene, ViewLayer | Updating Lights
Fra:0 Mem:46.41M (Peak 53.56M) | Time:00:00.01 | Mem:3.22M, Peak:3.24M | Scene, ViewLayer | Updating Lights | Computing tree
Fra:0 Mem:46.41M (Peak 53.56M) | Time:00:00.01 | Mem:3.22M, Peak:3.24M | Scene, ViewLayer | Updating Integrator
Fra:0 Mem:47.41M (Peak 53.56M) | Time:00:00.01 | Mem:4.22M, Peak:4.22M | Scene, ViewLayer | Updating Film
Fra:0 Mem:47.42M (Peak 53.56M) | Time:00:00.01 | Mem:4.14M, Peak:4.22M | Scene, ViewLayer | Updating Lookup Tables
Fra:0 Mem:47.42M (Peak 53.56M) | Time:00:00.01 | Mem:4.22M, Peak:4.22M | Scene, ViewLayer | Updating Baking
Fra:0 Mem:47.42M (Peak 53.56M) | Time:00:00.01 | Mem:4.22M, Peak:4.22M | Scene, ViewLayer | Updating Device | Writing constant memory
Fra:0 Mem:47.42M (Peak 53.56M) | Time:00:00.01 | Mem:4.22M, Peak:4.22M | Scene, ViewLayer | Loading denoising kernels (may take a few minutes the first time)
Fra:0 Mem:47.42M (Peak 53.56M) | Time:00:00.01 | Mem:4.22M, Peak:4.22M | Scene, ViewLayer | Sample 0/12
Fra:0 Mem:106.17M (Peak 106.17M) | Time:00:00.27 | Remaining:00:02.87 | Mem:62.93M, Peak:62.93M | Scene, ViewLayer | Sample 1/12
Fra:0 Mem:130.89M (Peak 167.97M) | Time:00:07.23 | Mem:62.93M, Peak:62.93M | Scene, ViewLayer | Sample 12/12
Fra:0 Mem:130.89M (Peak 167.97M) | Time:00:07.23 | Mem:62.93M, Peak:62.93M | Scene, ViewLayer | Finished
Saved: 'C:\Users\SsAnd\AppData\Roaming\Jagged Alliance 3\Mods\jazz\tmp\leather-armor-v5\clothed-audit\lean_front.png'
Time: 00:07.30 (Saving: 00:00.07)

Fra:0 Mem:51.14M (Peak 51.14M) | Time:00:00.00 | Mem:0.00M, Peak:0.00M | Scene, ViewLayer | Synchronizing object | M_BaseMesh Skin_BIP
Fra:0 Mem:51.14M (Peak 51.14M) | Time:00:00.00 | Mem:0.00M, Peak:0.00M | Scene, ViewLayer | Synchronizing object | QA actual LegionGoon shirt
Fra:0 Mem:51.17M (Peak 51.17M) | Time:00:00.00 | Mem:0.00M, Peak:0.00M | Scene, ViewLayer | Synchronizing object | Area.002
Fra:0 Mem:51.52M (Peak 51.52M) | Time:00:00.00 | Mem:0.00M, Peak:0.00M | Scene, ViewLayer | Synchronizing object | Area.001
Fra:0 Mem:51.52M (Peak 51.52M) | Time:00:00.00 | Mem:0.00M, Peak:0.00M | Scene, ViewLayer | Synchronizing object | Area
Fra:0 Mem:53.56M (Peak 53.56M) | Time:00:00.00 | Mem:0.00M, Peak:0.00M | Scene, ViewLayer | Initializing
Fra:0 Mem:45.25M (Peak 53.56M) | Time:00:00.00 | Mem:0.00M, Peak:0.00M | Scene, ViewLayer | Waiting for render to start
Fra:0 Mem:45.25M (Peak 53.56M) | Time:00:00.00 | Mem:0.00M, Peak:0.00M | Scene, ViewLayer | Updating Scene
Fra:0 Mem:45.25M (Peak 53.56M) | Time:00:00.00 | Mem:0.00M, Peak:0.00M | Scene, ViewLayer | Updating Shaders
Fra:0 Mem:45.25M (Peak 53.56M) | Time:00:00.00 | Mem:0.00M, Peak:0.00M | Scene, ViewLayer | Loading render kernels (may take a few minutes the first time)
Fra:0 Mem:45.33M (Peak 53.56M) | Time:00:00.00 | Mem:0.00M, Peak:0.00M | Scene, ViewLayer | Updating Procedurals
Fra:0 Mem:45.33M (Peak 53.56M) | Time:00:00.00 | Mem:0.00M, Peak:0.00M | Scene, ViewLayer | Updating Background
Fra:0 Mem:45.33M (Peak 53.56M) | Time:00:00.00 | Mem:0.00M, Peak:0.00M | Scene, ViewLayer | Updating Camera
Fra:0 Mem:45.33M (Peak 53.56M) | Time:00:00.00 | Mem:0.00M, Peak:0.00M | Scene, ViewLayer | Updating Meshes Flags
Fra:0 Mem:45.33M (Peak 53.56M) | Time:00:00.00 | Mem:0.00M, Peak:0.00M | Scene, ViewLayer | Updating Objects
Fra:0 Mem:45.33M (Peak 53.56M) | Time:00:00.00 | Mem:0.00M, Peak:0.00M | Scene, ViewLayer | Updating Objects | Copying Transformations to device
Fra:0 Mem:45.34M (Peak 53.56M) | Time:00:00.00 | Mem:0.00M, Peak:0.00M | Scene, ViewLayer | Updating Particle Systems
Fra:0 Mem:45.34M (Peak 53.56M) | Time:00:00.00 | Mem:0.00M, Peak:0.00M | Scene, ViewLayer | Updating Particle Systems | Copying Particles to device
Fra:0 Mem:45.34M (Peak 53.56M) | Time:00:00.00 | Mem:0.00M, Peak:0.00M | Scene, ViewLayer | Updating Meshes
Fra:0 Mem:45.34M (Peak 53.56M) | Time:00:00.00 | Mem:0.00M, Peak:0.00M | Scene, ViewLayer | Updating Objects | Applying Static Transformations
Fra:0 Mem:45.34M (Peak 53.56M) | Time:00:00.00 | Mem:0.00M, Peak:0.00M | Scene, ViewLayer | Updating Mesh | Computing attributes
Fra:0 Mem:45.53M (Peak 53.56M) | Time:00:00.00 | Mem:0.00M, Peak:0.00M | Scene, ViewLayer | Updating Mesh | Copying Attributes to device
Fra:0 Mem:45.53M (Peak 53.56M) | Time:00:00.00 | Mem:0.20M, Peak:0.20M | Scene, ViewLayer | Updating Scene BVH | Building
Fra:0 Mem:45.53M (Peak 53.56M) | Time:00:00.00 | Mem:0.20M, Peak:0.20M | Scene, ViewLayer | Updating Scene BVH | Building BVH
Fra:0 Mem:45.53M (Peak 53.56M) | Time:00:00.00 | Mem:1.18M, Peak:1.18M | Scene, ViewLayer | Updating Scene BVH | Building BVH 0%
Fra:0 Mem:45.53M (Peak 53.56M) | Time:00:00.01 | Mem:2.25M, Peak:3.24M | Scene, ViewLayer | Updating Scene BVH | Copying BVH to device
Fra:0 Mem:45.53M (Peak 53.56M) | Time:00:00.01 | Mem:2.25M, Peak:3.24M | Scene, ViewLayer | Updating Mesh | Computing normals
Fra:0 Mem:46.41M (Peak 53.56M) | Time:00:00.01 | Mem:2.25M, Peak:3.24M | Scene, ViewLayer | Updating Mesh | Copying Mesh to device
Fra:0 Mem:46.41M (Peak 53.56M) | Time:00:00.01 | Mem:3.13M, Peak:3.24M | Scene, ViewLayer | Updating Objects Flags
Fra:0 Mem:46.41M (Peak 53.56M) | Time:00:00.01 | Mem:3.13M, Peak:3.24M | Scene, ViewLayer | Updating Primitive Offsets
Fra:0 Mem:46.41M (Peak 53.56M) | Time:00:00.01 | Mem:3.13M, Peak:3.24M | Scene, ViewLayer | Updating Images
Fra:0 Mem:46.41M (Peak 53.56M) | Time:00:00.01 | Mem:3.13M, Peak:3.24M | Scene, ViewLayer | Updating Camera Volume
Fra:0 Mem:46.41M (Peak 53.56M) | Time:00:00.01 | Mem:3.13M, Peak:3.24M | Scene, ViewLayer | Updating Lookup Tables
Fra:0 Mem:46.41M (Peak 53.56M) | Time:00:00.01 | Mem:3.22M, Peak:3.24M | Scene, ViewLayer | Updating Lights
Fra:0 Mem:46.41M (Peak 53.56M) | Time:00:00.01 | Mem:3.22M, Peak:3.24M | Scene, ViewLayer | Updating Lights | Computing tree
Fra:0 Mem:46.41M (Peak 53.56M) | Time:00:00.01 | Mem:3.22M, Peak:3.24M | Scene, ViewLayer | Updating Integrator
Fra:0 Mem:47.41M (Peak 53.56M) | Time:00:00.01 | Mem:4.22M, Peak:4.22M | Scene, ViewLayer | Updating Film
Fra:0 Mem:47.42M (Peak 53.56M) | Time:00:00.01 | Mem:4.14M, Peak:4.22M | Scene, ViewLayer | Updating Lookup Tables
Fra:0 Mem:47.42M (Peak 53.56M) | Time:00:00.01 | Mem:4.22M, Peak:4.22M | Scene, ViewLayer | Updating Baking
Fra:0 Mem:47.42M (Peak 53.56M) | Time:00:00.01 | Mem:4.22M, Peak:4.22M | Scene, ViewLayer | Updating Device | Writing constant memory
Fra:0 Mem:47.42M (Peak 53.56M) | Time:00:00.01 | Mem:4.22M, Peak:4.22M | Scene, ViewLayer | Loading denoising kernels (may take a few minutes the first time)
Fra:0 Mem:47.42M (Peak 53.56M) | Time:00:00.01 | Mem:4.22M, Peak:4.22M | Scene, ViewLayer | Sample 0/12
Fra:0 Mem:106.17M (Peak 106.17M) | Time:00:00.26 | Remaining:00:02.78 | Mem:62.93M, Peak:62.93M | Scene, ViewLayer | Sample 1/12
Fra:0 Mem:130.89M (Peak 167.97M) | Time:00:07.36 | Mem:62.93M, Peak:62.93M | Scene, ViewLayer | Sample 12/12
Fra:0 Mem:130.89M (Peak 167.97M) | Time:00:07.36 | Mem:62.93M, Peak:62.93M | Scene, ViewLayer | Finished
Saved: 'C:\Users\SsAnd\AppData\Roaming\Jagged Alliance 3\Mods\jazz\tmp\leather-armor-v5\clothed-audit\lean_back.png'
Time: 00:07.42 (Saving: 00:00.06)

Fra:0 Mem:51.14M (Peak 51.14M) | Time:00:00.00 | Mem:0.00M, Peak:0.00M | Scene, ViewLayer | Synchronizing object | M_BaseMesh Skin_BIP
Fra:0 Mem:51.14M (Peak 51.14M) | Time:00:00.00 | Mem:0.00M, Peak:0.00M | Scene, ViewLayer | Synchronizing object | Area.002
Fra:0 Mem:51.31M (Peak 51.31M) | Time:00:00.00 | Mem:0.00M, Peak:0.00M | Scene, ViewLayer | Synchronizing object | Area.001
Fra:0 Mem:51.52M (Peak 51.52M) | Time:00:00.00 | Mem:0.00M, Peak:0.00M | Scene, ViewLayer | Synchronizing object | Area
Fra:0 Mem:53.56M (Peak 53.56M) | Time:00:00.00 | Mem:0.00M, Peak:0.00M | Scene, ViewLayer | Initializing
Fra:0 Mem:45.25M (Peak 53.56M) | Time:00:00.00 | Mem:0.00M, Peak:0.00M | Scene, ViewLayer | Waiting for render to start
Fra:0 Mem:45.25M (Peak 53.56M) | Time:00:00.00 | Mem:0.00M, Peak:0.00M | Scene, ViewLayer | Updating Scene
Fra:0 Mem:45.25M (Peak 53.56M) | Time:00:00.00 | Mem:0.00M, Peak:0.00M | Scene, ViewLayer | Updating Shaders
Fra:0 Mem:45.25M (Peak 53.56M) | Time:00:00.00 | Mem:0.00M, Peak:0.00M | Scene, ViewLayer | Loading render kernels (may take a few minutes the first time)
Fra:0 Mem:45.33M (Peak 53.56M) | Time:00:00.00 | Mem:0.00M, Peak:0.00M | Scene, ViewLayer | Updating Procedurals
Fra:0 Mem:45.33M (Peak 53.56M) | Time:00:00.00 | Mem:0.00M, Peak:0.00M | Scene, ViewLayer | Updating Background
Fra:0 Mem:45.33M (Peak 53.56M) | Time:00:00.00 | Mem:0.00M, Peak:0.00M | Scene, ViewLayer | Updating Camera
Fra:0 Mem:45.33M (Peak 53.56M) | Time:00:00.00 | Mem:0.00M, Peak:0.00M | Scene, ViewLayer | Updating Meshes Flags
Fra:0 Mem:45.33M (Peak 53.56M) | Time:00:00.00 | Mem:0.00M, Peak:0.00M | Scene, ViewLayer | Updating Objects
Fra:0 Mem:45.33M (Peak 53.56M) | Time:00:00.00 | Mem:0.00M, Peak:0.00M | Scene, ViewLayer | Updating Objects | Copying Transformations to device
Fra:0 Mem:45.34M (Peak 53.56M) | Time:00:00.00 | Mem:0.00M, Peak:0.00M | Scene, ViewLayer | Updating Particle Systems
Fra:0 Mem:45.34M (Peak 53.56M) | Time:00:00.00 | Mem:0.00M, Peak:0.00M | Scene, ViewLayer | Updating Particle Systems | Copying Particles to device
Fra:0 Mem:45.34M (Peak 53.56M) | Time:00:00.00 | Mem:0.00M, Peak:0.00M | Scene, ViewLayer | Updating Meshes
Fra:0 Mem:45.34M (Peak 53.56M) | Time:00:00.00 | Mem:0.00M, Peak:0.00M | Scene, ViewLayer | Updating Objects | Applying Static Transformations
Fra:0 Mem:45.34M (Peak 53.56M) | Time:00:00.00 | Mem:0.00M, Peak:0.00M | Scene, ViewLayer | Updating Mesh | Computing attributes
Fra:0 Mem:45.53M (Peak 53.56M) | Time:00:00.00 | Mem:0.00M, Peak:0.00M | Scene, ViewLayer | Updating Mesh | Copying Attributes to device
Fra:0 Mem:45.53M (Peak 53.56M) | Time:00:00.00 | Mem:0.20M, Peak:0.20M | Scene, ViewLayer | Updating Scene BVH | Building
Fra:0 Mem:45.53M (Peak 53.56M) | Time:00:00.00 | Mem:0.20M, Peak:0.20M | Scene, ViewLayer | Updating Scene BVH | Building BVH
Fra:0 Mem:45.53M (Peak 53.56M) | Time:00:00.00 | Mem:1.18M, Peak:1.18M | Scene, ViewLayer | Updating Scene BVH | Building BVH 0%
Fra:0 Mem:45.53M (Peak 53.56M) | Time:00:00.01 | Mem:2.25M, Peak:3.24M | Scene, ViewLayer | Updating Scene BVH | Copying BVH to device
Fra:0 Mem:45.53M (Peak 53.56M) | Time:00:00.01 | Mem:2.25M, Peak:3.24M | Scene, ViewLayer | Updating Mesh | Computing normals
Fra:0 Mem:46.41M (Peak 53.56M) | Time:00:00.01 | Mem:2.25M, Peak:3.24M | Scene, ViewLayer | Updating Mesh | Copying Mesh to device
Fra:0 Mem:46.41M (Peak 53.56M) | Time:00:00.01 | Mem:3.13M, Peak:3.24M | Scene, ViewLayer | Updating Objects Flags
Fra:0 Mem:46.41M (Peak 53.56M) | Time:00:00.01 | Mem:3.13M, Peak:3.24M | Scene, ViewLayer | Updating Primitive Offsets
Fra:0 Mem:46.41M (Peak 53.56M) | Time:00:00.01 | Mem:3.13M, Peak:3.24M | Scene, ViewLayer | Updating Images
Fra:0 Mem:46.41M (Peak 53.56M) | Time:00:00.01 | Mem:3.13M, Peak:3.24M | Scene, ViewLayer | Updating Camera Volume
Fra:0 Mem:46.41M (Peak 53.56M) | Time:00:00.01 | Mem:3.13M, Peak:3.24M | Scene, ViewLayer | Updating Lookup Tables
Fra:0 Mem:46.41M (Peak 53.56M) | Time:00:00.01 | Mem:3.22M, Peak:3.24M | Scene, ViewLayer | Updating Lights
Fra:0 Mem:46.41M (Peak 53.56M) | Time:00:00.01 | Mem:3.22M, Peak:3.24M | Scene, ViewLayer | Updating Lights | Computing tree
Fra:0 Mem:46.41M (Peak 53.56M) | Time:00:00.01 | Mem:3.22M, Peak:3.24M | Scene, ViewLayer | Updating Integrator
Fra:0 Mem:47.41M (Peak 53.56M) | Time:00:00.01 | Mem:4.22M, Peak:4.22M | Scene, ViewLayer | Updating Film
Fra:0 Mem:47.42M (Peak 53.56M) | Time:00:00.01 | Mem:4.14M, Peak:4.22M | Scene, ViewLayer | Updating Lookup Tables
Fra:0 Mem:47.42M (Peak 53.56M) | Time:00:00.01 | Mem:4.22M, Peak:4.22M | Scene, ViewLayer | Updating Baking
Fra:0 Mem:47.42M (Peak 53.56M) | Time:00:00.01 | Mem:4.22M, Peak:4.22M | Scene, ViewLayer | Updating Device | Writing constant memory
Fra:0 Mem:47.42M (Peak 53.56M) | Time:00:00.01 | Mem:4.22M, Peak:4.22M | Scene, ViewLayer | Loading denoising kernels (may take a few minutes the first time)
Fra:0 Mem:47.42M (Peak 53.56M) | Time:00:00.01 | Mem:4.22M, Peak:4.22M | Scene, ViewLayer | Sample 0/12
Fra:0 Mem:106.17M (Peak 106.17M) | Time:00:00.26 | Remaining:00:02.73 | Mem:62.93M, Peak:62.93M | Scene, ViewLayer | Sample 1/12
Fra:0 Mem:130.89M (Peak 167.97M) | Time:00:06.99 | Mem:62.93M, Peak:62.93M | Scene, ViewLayer | Sample 12/12
Fra:0 Mem:130.89M (Peak 167.97M) | Time:00:06.99 | Mem:62.93M, Peak:62.93M | Scene, ViewLayer | Finished
Saved: 'C:\Users\SsAnd\AppData\Roaming\Jagged Alliance 3\Mods\jazz\tmp\leather-armor-v5\clothed-audit\lean_left.png'
Time: 00:07.06 (Saving: 00:00.06)

Fra:0 Mem:51.14M (Peak 51.14M) | Time:00:00.00 | Mem:0.00M, Peak:0.00M | Scene, ViewLayer | Synchronizing object | M_BaseMesh Skin_BIP
Fra:0 Mem:51.14M (Peak 51.14M) | Time:00:00.00 | Mem:0.00M, Peak:0.00M | Scene, ViewLayer | Synchronizing object | Area.002
Fra:0 Mem:51.48M (Peak 51.48M) | Time:00:00.00 | Mem:0.00M, Peak:0.00M | Scene, ViewLayer | Synchronizing object | Area.001
Fra:0 Mem:51.52M (Peak 51.52M) | Time:00:00.00 | Mem:0.00M, Peak:0.00M | Scene, ViewLayer | Synchronizing object | Area
Fra:0 Mem:53.56M (Peak 53.56M) | Time:00:00.00 | Mem:0.00M, Peak:0.00M | Scene, ViewLayer | Initializing
Fra:0 Mem:45.25M (Peak 53.56M) | Time:00:00.00 | Mem:0.00M, Peak:0.00M | Scene, ViewLayer | Waiting for render to start
Fra:0 Mem:45.25M (Peak 53.56M) | Time:00:00.00 | Mem:0.00M, Peak:0.00M | Scene, ViewLayer | Updating Scene
Fra:0 Mem:45.25M (Peak 53.56M) | Time:00:00.00 | Mem:0.00M, Peak:0.00M | Scene, ViewLayer | Updating Shaders
Fra:0 Mem:45.25M (Peak 53.56M) | Time:00:00.00 | Mem:0.00M, Peak:0.00M | Scene, ViewLayer | Loading render kernels (may take a few minutes the first time)
Fra:0 Mem:45.33M (Peak 53.56M) | Time:00:00.00 | Mem:0.00M, Peak:0.00M | Scene, ViewLayer | Updating Procedurals
Fra:0 Mem:45.33M (Peak 53.56M) | Time:00:00.00 | Mem:0.00M, Peak:0.00M | Scene, ViewLayer | Updating Background
Fra:0 Mem:45.33M (Peak 53.56M) | Time:00:00.00 | Mem:0.00M, Peak:0.00M | Scene, ViewLayer | Updating Camera
Fra:0 Mem:45.33M (Peak 53.56M) | Time:00:00.00 | Mem:0.00M, Peak:0.00M | Scene, ViewLayer | Updating Meshes Flags
Fra:0 Mem:45.33M (Peak 53.56M) | Time:00:00.00 | Mem:0.00M, Peak:0.00M | Scene, ViewLayer | Updating Objects
Fra:0 Mem:45.33M (Peak 53.56M) | Time:00:00.00 | Mem:0.00M, Peak:0.00M | Scene, ViewLayer | Updating Objects | Copying Transformations to device
Fra:0 Mem:45.34M (Peak 53.56M) | Time:00:00.00 | Mem:0.00M, Peak:0.00M | Scene, ViewLayer | Updating Particle Systems
Fra:0 Mem:45.34M (Peak 53.56M) | Time:00:00.00 | Mem:0.00M, Peak:0.00M | Scene, ViewLayer | Updating Particle Systems | Copying Particles to device
Fra:0 Mem:45.34M (Peak 53.56M) | Time:00:00.00 | Mem:0.00M, Peak:0.00M | Scene, ViewLayer | Updating Meshes
Fra:0 Mem:45.34M (Peak 53.56M) | Time:00:00.00 | Mem:0.00M, Peak:0.00M | Scene, ViewLayer | Updating Objects | Applying Static Transformations
Fra:0 Mem:45.34M (Peak 53.56M) | Time:00:00.00 | Mem:0.00M, Peak:0.00M | Scene, ViewLayer | Updating Mesh | Computing attributes
Fra:0 Mem:45.53M (Peak 53.56M) | Time:00:00.00 | Mem:0.00M, Peak:0.00M | Scene, ViewLayer | Updating Mesh | Copying Attributes to device
Fra:0 Mem:45.53M (Peak 53.56M) | Time:00:00.00 | Mem:0.20M, Peak:0.20M | Scene, ViewLayer | Updating Scene BVH | Building
Fra:0 Mem:45.53M (Peak 53.56M) | Time:00:00.00 | Mem:0.20M, Peak:0.20M | Scene, ViewLayer | Updating Scene BVH | Building BVH
Fra:0 Mem:45.53M (Peak 53.56M) | Time:00:00.00 | Mem:1.18M, Peak:1.18M | Scene, ViewLayer | Updating Scene BVH | Building BVH 0%
Fra:0 Mem:45.53M (Peak 53.56M) | Time:00:00.01 | Mem:2.25M, Peak:3.24M | Scene, ViewLayer | Updating Scene BVH | Copying BVH to device
Fra:0 Mem:45.53M (Peak 53.56M) | Time:00:00.01 | Mem:2.25M, Peak:3.24M | Scene, ViewLayer | Updating Mesh | Computing normals
Fra:0 Mem:46.41M (Peak 53.56M) | Time:00:00.01 | Mem:2.25M, Peak:3.24M | Scene, ViewLayer | Updating Mesh | Copying Mesh to device
Fra:0 Mem:46.41M (Peak 53.56M) | Time:00:00.01 | Mem:3.13M, Peak:3.24M | Scene, ViewLayer | Updating Objects Flags
Fra:0 Mem:46.41M (Peak 53.56M) | Time:00:00.01 | Mem:3.13M, Peak:3.24M | Scene, ViewLayer | Updating Primitive Offsets
Fra:0 Mem:46.41M (Peak 53.56M) | Time:00:00.01 | Mem:3.13M, Peak:3.24M | Scene, ViewLayer | Updating Images
Fra:0 Mem:46.41M (Peak 53.56M) | Time:00:00.01 | Mem:3.13M, Peak:3.24M | Scene, ViewLayer | Updating Camera Volume
Fra:0 Mem:46.41M (Peak 53.56M) | Time:00:00.01 | Mem:3.13M, Peak:3.24M | Scene, ViewLayer | Updating Lookup Tables
Fra:0 Mem:46.41M (Peak 53.56M) | Time:00:00.01 | Mem:3.22M, Peak:3.24M | Scene, ViewLayer | Updating Lights
Fra:0 Mem:46.41M (Peak 53.56M) | Time:00:00.01 | Mem:3.22M, Peak:3.24M | Scene, ViewLayer | Updating Lights | Computing tree
Fra:0 Mem:46.41M (Peak 53.56M) | Time:00:00.01 | Mem:3.22M, Peak:3.24M | Scene, ViewLayer | Updating Integrator
Fra:0 Mem:47.41M (Peak 53.56M) | Time:00:00.01 | Mem:4.22M, Peak:4.22M | Scene, ViewLayer | Updating Film
Fra:0 Mem:47.42M (Peak 53.56M) | Time:00:00.01 | Mem:4.14M, Peak:4.22M | Scene, ViewLayer | Updating Lookup Tables
Fra:0 Mem:47.42M (Peak 53.56M) | Time:00:00.01 | Mem:4.22M, Peak:4.22M | Scene, ViewLayer | Updating Baking
Fra:0 Mem:47.42M (Peak 53.56M) | Time:00:00.01 | Mem:4.22M, Peak:4.22M | Scene, ViewLayer | Updating Device | Writing constant memory
Fra:0 Mem:47.42M (Peak 53.56M) | Time:00:00.01 | Mem:4.22M, Peak:4.22M | Scene, ViewLayer | Loading denoising kernels (may take a few minutes the first time)
Fra:0 Mem:47.42M (Peak 53.56M) | Time:00:00.01 | Mem:4.22M, Peak:4.22M | Scene, ViewLayer | Sample 0/12
Fra:0 Mem:106.17M (Peak 106.17M) | Time:00:00.22 | Remaining:00:02.31 | Mem:62.93M, Peak:62.93M | Scene, ViewLayer | Sample 1/12
Fra:0 Mem:130.89M (Peak 167.97M) | Time:00:06.23 | Mem:62.93M, Peak:62.93M | Scene, ViewLayer | Sample 12/12
Fra:0 Mem:130.89M (Peak 167.97M) | Time:00:06.23 | Mem:62.93M, Peak:62.93M | Scene, ViewLayer | Finished
Saved: 'C:\Users\SsAnd\AppData\Roaming\Jagged Alliance 3\Mods\jazz\tmp\leather-armor-v5\clothed-audit\deep_lean_front.png'
Time: 00:06.29 (Saving: 00:00.05)

Fra:0 Mem:51.14M (Peak 51.14M) | Time:00:00.00 | Mem:0.00M, Peak:0.00M | Scene, ViewLayer | Synchronizing object | M_BaseMesh Skin_BIP
Fra:0 Mem:51.14M (Peak 51.14M) | Time:00:00.00 | Mem:0.00M, Peak:0.00M | Scene, ViewLayer | Synchronizing object | Area.002
Fra:0 Mem:51.17M (Peak 51.17M) | Time:00:00.00 | Mem:0.00M, Peak:0.00M | Scene, ViewLayer | Synchronizing object | Area.001
Fra:0 Mem:51.17M (Peak 51.17M) | Time:00:00.00 | Mem:0.00M, Peak:0.00M | Scene, ViewLayer | Synchronizing object | Area
Fra:0 Mem:53.56M (Peak 53.56M) | Time:00:00.00 | Mem:0.00M, Peak:0.00M | Scene, ViewLayer | Initializing
Fra:0 Mem:45.25M (Peak 53.56M) | Time:00:00.00 | Mem:0.00M, Peak:0.00M | Scene, ViewLayer | Waiting for render to start
Fra:0 Mem:45.25M (Peak 53.56M) | Time:00:00.00 | Mem:0.00M, Peak:0.00M | Scene, ViewLayer | Updating Scene
Fra:0 Mem:45.25M (Peak 53.56M) | Time:00:00.00 | Mem:0.00M, Peak:0.00M | Scene, ViewLayer | Updating Shaders
Fra:0 Mem:45.25M (Peak 53.56M) | Time:00:00.00 | Mem:0.00M, Peak:0.00M | Scene, ViewLayer | Loading render kernels (may take a few minutes the first time)
Fra:0 Mem:45.33M (Peak 53.56M) | Time:00:00.00 | Mem:0.00M, Peak:0.00M | Scene, ViewLayer | Updating Procedurals
Fra:0 Mem:45.33M (Peak 53.56M) | Time:00:00.00 | Mem:0.00M, Peak:0.00M | Scene, ViewLayer | Updating Background
Fra:0 Mem:45.33M (Peak 53.56M) | Time:00:00.00 | Mem:0.00M, Peak:0.00M | Scene, ViewLayer | Updating Camera
Fra:0 Mem:45.33M (Peak 53.56M) | Time:00:00.00 | Mem:0.00M, Peak:0.00M | Scene, ViewLayer | Updating Meshes Flags
Fra:0 Mem:45.33M (Peak 53.56M) | Time:00:00.00 | Mem:0.00M, Peak:0.00M | Scene, ViewLayer | Updating Objects
Fra:0 Mem:45.33M (Peak 53.56M) | Time:00:00.00 | Mem:0.00M, Peak:0.00M | Scene, ViewLayer | Updating Objects | Copying Transformations to device
Fra:0 Mem:45.34M (Peak 53.56M) | Time:00:00.00 | Mem:0.00M, Peak:0.00M | Scene, ViewLayer | Updating Particle Systems
Fra:0 Mem:45.34M (Peak 53.56M) | Time:00:00.00 | Mem:0.00M, Peak:0.00M | Scene, ViewLayer | Updating Particle Systems | Copying Particles to device
Fra:0 Mem:45.34M (Peak 53.56M) | Time:00:00.00 | Mem:0.00M, Peak:0.00M | Scene, ViewLayer | Updating Meshes
Fra:0 Mem:45.34M (Peak 53.56M) | Time:00:00.00 | Mem:0.00M, Peak:0.00M | Scene, ViewLayer | Updating Objects | Applying Static Transformations
Fra:0 Mem:45.34M (Peak 53.56M) | Time:00:00.00 | Mem:0.00M, Peak:0.00M | Scene, ViewLayer | Updating Mesh | Computing attributes
Fra:0 Mem:45.53M (Peak 53.56M) | Time:00:00.00 | Mem:0.00M, Peak:0.00M | Scene, ViewLayer | Updating Mesh | Copying Attributes to device
Fra:0 Mem:45.53M (Peak 53.56M) | Time:00:00.00 | Mem:0.20M, Peak:0.20M | Scene, ViewLayer | Updating Scene BVH | Building
Fra:0 Mem:45.53M (Peak 53.56M) | Time:00:00.00 | Mem:0.20M, Peak:0.20M | Scene, ViewLayer | Updating Scene BVH | Building BVH
Fra:0 Mem:45.53M (Peak 53.56M) | Time:00:00.00 | Mem:1.18M, Peak:1.18M | Scene, ViewLayer | Updating Scene BVH | Building BVH 0%
Fra:0 Mem:45.53M (Peak 53.56M) | Time:00:00.01 | Mem:2.25M, Peak:3.24M | Scene, ViewLayer | Updating Scene BVH | Copying BVH to device
Fra:0 Mem:45.53M (Peak 53.56M) | Time:00:00.01 | Mem:2.25M, Peak:3.24M | Scene, ViewLayer | Updating Mesh | Computing normals
Fra:0 Mem:46.41M (Peak 53.56M) | Time:00:00.01 | Mem:2.25M, Peak:3.24M | Scene, ViewLayer | Updating Mesh | Copying Mesh to device
Fra:0 Mem:46.41M (Peak 53.56M) | Time:00:00.01 | Mem:3.13M, Peak:3.24M | Scene, ViewLayer | Updating Objects Flags
Fra:0 Mem:46.41M (Peak 53.56M) | Time:00:00.01 | Mem:3.13M, Peak:3.24M | Scene, ViewLayer | Updating Primitive Offsets
Fra:0 Mem:46.41M (Peak 53.56M) | Time:00:00.01 | Mem:3.13M, Peak:3.24M | Scene, ViewLayer | Updating Images
Fra:0 Mem:46.41M (Peak 53.56M) | Time:00:00.01 | Mem:3.13M, Peak:3.24M | Scene, ViewLayer | Updating Camera Volume
Fra:0 Mem:46.41M (Peak 53.56M) | Time:00:00.01 | Mem:3.13M, Peak:3.24M | Scene, ViewLayer | Updating Lookup Tables
Fra:0 Mem:46.41M (Peak 53.56M) | Time:00:00.01 | Mem:3.22M, Peak:3.24M | Scene, ViewLayer | Updating Lights
Fra:0 Mem:46.41M (Peak 53.56M) | Time:00:00.01 | Mem:3.22M, Peak:3.24M | Scene, ViewLayer | Updating Lights | Computing tree
Fra:0 Mem:46.41M (Peak 53.56M) | Time:00:00.01 | Mem:3.22M, Peak:3.24M | Scene, ViewLayer | Updating Integrator
Fra:0 Mem:47.41M (Peak 53.56M) | Time:00:00.01 | Mem:4.22M, Peak:4.22M | Scene, ViewLayer | Updating Film
Fra:0 Mem:47.42M (Peak 53.56M) | Time:00:00.01 | Mem:4.14M, Peak:4.22M | Scene, ViewLayer | Updating Lookup Tables
Fra:0 Mem:47.42M (Peak 53.56M) | Time:00:00.01 | Mem:4.22M, Peak:4.22M | Scene, ViewLayer | Updating Baking
Fra:0 Mem:47.42M (Peak 53.56M) | Time:00:00.01 | Mem:4.22M, Peak:4.22M | Scene, ViewLayer | Updating Device | Writing constant memory
Fra:0 Mem:47.42M (Peak 53.56M) | Time:00:00.01 | Mem:4.22M, Peak:4.22M | Scene, ViewLayer | Loading denoising kernels (may take a few minutes the first time)
Fra:0 Mem:47.42M (Peak 53.56M) | Time:00:00.01 | Mem:4.22M, Peak:4.22M | Scene, ViewLayer | Sample 0/12
Fra:0 Mem:106.17M (Peak 106.17M) | Time:00:00.19 | Remaining:00:02.02 | Mem:62.93M, Peak:62.93M | Scene, ViewLayer | Sample 1/12
Fra:0 Mem:130.89M (Peak 167.97M) | Time:00:05.76 | Mem:62.93M, Peak:62.93M | Scene, ViewLayer | Sample 12/12
Fra:0 Mem:130.89M (Peak 167.97M) | Time:00:05.76 | Mem:62.93M, Peak:62.93M | Scene, ViewLayer | Finished
Saved: 'C:\Users\SsAnd\AppData\Roaming\Jagged Alliance 3\Mods\jazz\tmp\leather-armor-v5\clothed-audit\deep_lean_back.png'
Time: 00:05.82 (Saving: 00:00.06)

Fra:0 Mem:51.14M (Peak 51.14M) | Time:00:00.00 | Mem:0.00M, Peak:0.00M | Scene, ViewLayer | Synchronizing object | M_BaseMesh Skin_BIP
Fra:0 Mem:51.14M (Peak 51.14M) | Time:00:00.00 | Mem:0.00M, Peak:0.00M | Scene, ViewLayer | Synchronizing object | QA actual LegionGoon shirt
Fra:0 Mem:51.15M (Peak 51.15M) | Time:00:00.00 | Mem:0.00M, Peak:0.00M | Scene, ViewLayer | Synchronizing object | Area.002
Fra:0 Mem:51.33M (Peak 51.33M) | Time:00:00.00 | Mem:0.00M, Peak:0.00M | Scene, ViewLayer | Synchronizing object | Area.001
Fra:0 Mem:51.62M (Peak 51.62M) | Time:00:00.00 | Mem:0.00M, Peak:0.00M | Scene, ViewLayer | Synchronizing object | Area
Fra:0 Mem:53.56M (Peak 53.56M) | Time:00:00.00 | Mem:0.00M, Peak:0.00M | Scene, ViewLayer | Initializing
Fra:0 Mem:45.25M (Peak 53.56M) | Time:00:00.00 | Mem:0.00M, Peak:0.00M | Scene, ViewLayer | Waiting for render to start
Fra:0 Mem:45.25M (Peak 53.56M) | Time:00:00.00 | Mem:0.00M, Peak:0.00M | Scene, ViewLayer | Updating Scene
Fra:0 Mem:45.25M (Peak 53.56M) | Time:00:00.00 | Mem:0.00M, Peak:0.00M | Scene, ViewLayer | Updating Shaders
Fra:0 Mem:45.25M (Peak 53.56M) | Time:00:00.00 | Mem:0.00M, Peak:0.00M | Scene, ViewLayer | Loading render kernels (may take a few minutes the first time)
Fra:0 Mem:45.33M (Peak 53.56M) | Time:00:00.00 | Mem:0.00M, Peak:0.00M | Scene, ViewLayer | Updating Procedurals
Fra:0 Mem:45.33M (Peak 53.56M) | Time:00:00.00 | Mem:0.00M, Peak:0.00M | Scene, ViewLayer | Updating Background
Fra:0 Mem:45.33M (Peak 53.56M) | Time:00:00.00 | Mem:0.00M, Peak:0.00M | Scene, ViewLayer | Updating Camera
Fra:0 Mem:45.33M (Peak 53.56M) | Time:00:00.00 | Mem:0.00M, Peak:0.00M | Scene, ViewLayer | Updating Meshes Flags
Fra:0 Mem:45.33M (Peak 53.56M) | Time:00:00.00 | Mem:0.00M, Peak:0.00M | Scene, ViewLayer | Updating Objects
Fra:0 Mem:45.33M (Peak 53.56M) | Time:00:00.00 | Mem:0.00M, Peak:0.00M | Scene, ViewLayer | Updating Objects | Copying Transformations to device
Fra:0 Mem:45.34M (Peak 53.56M) | Time:00:00.00 | Mem:0.00M, Peak:0.00M | Scene, ViewLayer | Updating Particle Systems
Fra:0 Mem:45.34M (Peak 53.56M) | Time:00:00.00 | Mem:0.00M, Peak:0.00M | Scene, ViewLayer | Updating Particle Systems | Copying Particles to device
Fra:0 Mem:45.34M (Peak 53.56M) | Time:00:00.00 | Mem:0.00M, Peak:0.00M | Scene, ViewLayer | Updating Meshes
Fra:0 Mem:45.34M (Peak 53.56M) | Time:00:00.00 | Mem:0.00M, Peak:0.00M | Scene, ViewLayer | Updating Objects | Applying Static Transformations
Fra:0 Mem:45.34M (Peak 53.56M) | Time:00:00.00 | Mem:0.00M, Peak:0.00M | Scene, ViewLayer | Updating Mesh | Computing attributes
Fra:0 Mem:45.53M (Peak 53.56M) | Time:00:00.00 | Mem:0.00M, Peak:0.00M | Scene, ViewLayer | Updating Mesh | Copying Attributes to device
Fra:0 Mem:45.53M (Peak 53.56M) | Time:00:00.00 | Mem:0.20M, Peak:0.20M | Scene, ViewLayer | Updating Scene BVH | Building
Fra:0 Mem:45.53M (Peak 53.56M) | Time:00:00.00 | Mem:0.20M, Peak:0.20M | Scene, ViewLayer | Updating Scene BVH | Building BVH
Fra:0 Mem:45.53M (Peak 53.56M) | Time:00:00.00 | Mem:1.18M, Peak:1.18M | Scene, ViewLayer | Updating Scene BVH | Building BVH 0%
Fra:0 Mem:45.53M (Peak 53.56M) | Time:00:00.01 | Mem:2.25M, Peak:3.24M | Scene, ViewLayer | Updating Scene BVH | Copying BVH to device
Fra:0 Mem:45.53M (Peak 53.56M) | Time:00:00.01 | Mem:2.25M, Peak:3.24M | Scene, ViewLayer | Updating Mesh | Computing normals
Fra:0 Mem:46.41M (Peak 53.56M) | Time:00:00.01 | Mem:2.25M, Peak:3.24M | Scene, ViewLayer | Updating Mesh | Copying Mesh to device
Fra:0 Mem:46.41M (Peak 53.56M) | Time:00:00.01 | Mem:3.13M, Peak:3.24M | Scene, ViewLayer | Updating Objects Flags
Fra:0 Mem:46.41M (Peak 53.56M) | Time:00:00.01 | Mem:3.13M, Peak:3.24M | Scene, ViewLayer | Updating Primitive Offsets
Fra:0 Mem:46.41M (Peak 53.56M) | Time:00:00.01 | Mem:3.13M, Peak:3.24M | Scene, ViewLayer | Updating Images
Fra:0 Mem:46.41M (Peak 53.56M) | Time:00:00.01 | Mem:3.13M, Peak:3.24M | Scene, ViewLayer | Updating Camera Volume
Fra:0 Mem:46.41M (Peak 53.56M) | Time:00:00.01 | Mem:3.13M, Peak:3.24M | Scene, ViewLayer | Updating Lookup Tables
Fra:0 Mem:46.41M (Peak 53.56M) | Time:00:00.01 | Mem:3.22M, Peak:3.24M | Scene, ViewLayer | Updating Lights
Fra:0 Mem:46.41M (Peak 53.56M) | Time:00:00.01 | Mem:3.22M, Peak:3.24M | Scene, ViewLayer | Updating Lights | Computing tree
Fra:0 Mem:46.41M (Peak 53.56M) | Time:00:00.01 | Mem:3.22M, Peak:3.24M | Scene, ViewLayer | Updating Integrator
Fra:0 Mem:47.41M (Peak 53.56M) | Time:00:00.01 | Mem:4.22M, Peak:4.22M | Scene, ViewLayer | Updating Film
Fra:0 Mem:47.42M (Peak 53.56M) | Time:00:00.01 | Mem:4.14M, Peak:4.22M | Scene, ViewLayer | Updating Lookup Tables
Fra:0 Mem:47.42M (Peak 53.56M) | Time:00:00.01 | Mem:4.22M, Peak:4.22M | Scene, ViewLayer | Updating Baking
Fra:0 Mem:47.42M (Peak 53.56M) | Time:00:00.01 | Mem:4.22M, Peak:4.22M | Scene, ViewLayer | Updating Device | Writing constant memory
Fra:0 Mem:47.42M (Peak 53.56M) | Time:00:00.01 | Mem:4.22M, Peak:4.22M | Scene, ViewLayer | Loading denoising kernels (may take a few minutes the first time)
Fra:0 Mem:47.42M (Peak 53.56M) | Time:00:00.01 | Mem:4.22M, Peak:4.22M | Scene, ViewLayer | Sample 0/12
Fra:0 Mem:106.17M (Peak 106.17M) | Time:00:00.23 | Remaining:00:02.40 | Mem:62.93M, Peak:62.93M | Scene, ViewLayer | Sample 1/12
Fra:0 Mem:130.89M (Peak 167.97M) | Time:00:06.31 | Mem:62.93M, Peak:62.93M | Scene, ViewLayer | Sample 12/12
Fra:0 Mem:130.89M (Peak 167.97M) | Time:00:06.31 | Mem:62.93M, Peak:62.93M | Scene, ViewLayer | Finished
Saved: 'C:\Users\SsAnd\AppData\Roaming\Jagged Alliance 3\Mods\jazz\tmp\leather-armor-v5\clothed-audit\deep_lean_left.png'
Time: 00:06.37 (Saving: 00:00.06)

Fra:0 Mem:51.14M (Peak 51.14M) | Time:00:00.00 | Mem:0.00M, Peak:0.00M | Scene, ViewLayer | Synchronizing object | M_BaseMesh Skin_BIP
Fra:0 Mem:51.14M (Peak 51.14M) | Time:00:00.00 | Mem:0.00M, Peak:0.00M | Scene, ViewLayer | Synchronizing object | Area.002
Fra:0 Mem:51.77M (Peak 51.77M) | Time:00:00.00 | Mem:0.00M, Peak:0.00M | Scene, ViewLayer | Synchronizing object | Area.001
Fra:0 Mem:51.91M (Peak 51.91M) | Time:00:00.00 | Mem:0.00M, Peak:0.00M | Scene, ViewLayer | Synchronizing object | Area
Fra:0 Mem:53.56M (Peak 53.56M) | Time:00:00.00 | Mem:0.00M, Peak:0.00M | Scene, ViewLayer | Initializing
Fra:0 Mem:45.25M (Peak 53.56M) | Time:00:00.00 | Mem:0.00M, Peak:0.00M | Scene, ViewLayer | Waiting for render to start
Fra:0 Mem:45.25M (Peak 53.56M) | Time:00:00.00 | Mem:0.00M, Peak:0.00M | Scene, ViewLayer | Updating Scene
Fra:0 Mem:45.25M (Peak 53.56M) | Time:00:00.00 | Mem:0.00M, Peak:0.00M | Scene, ViewLayer | Updating Shaders
Fra:0 Mem:45.25M (Peak 53.56M) | Time:00:00.00 | Mem:0.00M, Peak:0.00M | Scene, ViewLayer | Loading render kernels (may take a few minutes the first time)
Fra:0 Mem:45.33M (Peak 53.56M) | Time:00:00.00 | Mem:0.00M, Peak:0.00M | Scene, ViewLayer | Updating Procedurals
Fra:0 Mem:45.33M (Peak 53.56M) | Time:00:00.00 | Mem:0.00M, Peak:0.00M | Scene, ViewLayer | Updating Background
Fra:0 Mem:45.33M (Peak 53.56M) | Time:00:00.00 | Mem:0.00M, Peak:0.00M | Scene, ViewLayer | Updating Camera
Fra:0 Mem:45.33M (Peak 53.56M) | Time:00:00.00 | Mem:0.00M, Peak:0.00M | Scene, ViewLayer | Updating Meshes Flags
Fra:0 Mem:45.33M (Peak 53.56M) | Time:00:00.00 | Mem:0.00M, Peak:0.00M | Scene, ViewLayer | Updating Objects
Fra:0 Mem:45.33M (Peak 53.56M) | Time:00:00.00 | Mem:0.00M, Peak:0.00M | Scene, ViewLayer | Updating Objects | Copying Transformations to device
Fra:0 Mem:45.34M (Peak 53.56M) | Time:00:00.00 | Mem:0.00M, Peak:0.00M | Scene, ViewLayer | Updating Particle Systems
Fra:0 Mem:45.34M (Peak 53.56M) | Time:00:00.00 | Mem:0.00M, Peak:0.00M | Scene, ViewLayer | Updating Particle Systems | Copying Particles to device
Fra:0 Mem:45.34M (Peak 53.56M) | Time:00:00.00 | Mem:0.00M, Peak:0.00M | Scene, ViewLayer | Updating Meshes
Fra:0 Mem:45.34M (Peak 53.56M) | Time:00:00.00 | Mem:0.00M, Peak:0.00M | Scene, ViewLayer | Updating Objects | Applying Static Transformations
Fra:0 Mem:45.34M (Peak 53.56M) | Time:00:00.00 | Mem:0.00M, Peak:0.00M | Scene, ViewLayer | Updating Mesh | Computing attributes
Fra:0 Mem:45.53M (Peak 53.56M) | Time:00:00.00 | Mem:0.00M, Peak:0.00M | Scene, ViewLayer | Updating Mesh | Copying Attributes to device
Fra:0 Mem:45.53M (Peak 53.56M) | Time:00:00.00 | Mem:0.20M, Peak:0.20M | Scene, ViewLayer | Updating Scene BVH | Building
Fra:0 Mem:45.53M (Peak 53.56M) | Time:00:00.00 | Mem:0.20M, Peak:0.20M | Scene, ViewLayer | Updating Scene BVH | Building BVH
Fra:0 Mem:45.53M (Peak 53.56M) | Time:00:00.00 | Mem:1.18M, Peak:1.18M | Scene, ViewLayer | Updating Scene BVH | Building BVH 0%
Fra:0 Mem:45.53M (Peak 53.56M) | Time:00:00.01 | Mem:2.25M, Peak:3.24M | Scene, ViewLayer | Updating Scene BVH | Copying BVH to device
Fra:0 Mem:45.53M (Peak 53.56M) | Time:00:00.01 | Mem:2.25M, Peak:3.24M | Scene, ViewLayer | Updating Mesh | Computing normals
Fra:0 Mem:46.41M (Peak 53.56M) | Time:00:00.01 | Mem:2.25M, Peak:3.24M | Scene, ViewLayer | Updating Mesh | Copying Mesh to device
Fra:0 Mem:46.41M (Peak 53.56M) | Time:00:00.01 | Mem:3.13M, Peak:3.24M | Scene, ViewLayer | Updating Objects Flags
Fra:0 Mem:46.41M (Peak 53.56M) | Time:00:00.01 | Mem:3.13M, Peak:3.24M | Scene, ViewLayer | Updating Primitive Offsets
Fra:0 Mem:46.41M (Peak 53.56M) | Time:00:00.01 | Mem:3.13M, Peak:3.24M | Scene, ViewLayer | Updating Images
Fra:0 Mem:46.41M (Peak 53.56M) | Time:00:00.01 | Mem:3.13M, Peak:3.24M | Scene, ViewLayer | Updating Camera Volume
Fra:0 Mem:46.41M (Peak 53.56M) | Time:00:00.01 | Mem:3.13M, Peak:3.24M | Scene, ViewLayer | Updating Lookup Tables
Fra:0 Mem:46.41M (Peak 53.56M) | Time:00:00.01 | Mem:3.22M, Peak:3.24M | Scene, ViewLayer | Updating Lights
Fra:0 Mem:46.41M (Peak 53.56M) | Time:00:00.01 | Mem:3.22M, Peak:3.24M | Scene, ViewLayer | Updating Lights | Computing tree
Fra:0 Mem:46.41M (Peak 53.56M) | Time:00:00.01 | Mem:3.22M, Peak:3.24M | Scene, ViewLayer | Updating Integrator
Fra:0 Mem:47.41M (Peak 53.56M) | Time:00:00.01 | Mem:4.22M, Peak:4.22M | Scene, ViewLayer | Updating Film
Fra:0 Mem:47.42M (Peak 53.56M) | Time:00:00.01 | Mem:4.14M, Peak:4.22M | Scene, ViewLayer | Updating Lookup Tables
Fra:0 Mem:47.42M (Peak 53.56M) | Time:00:00.01 | Mem:4.22M, Peak:4.22M | Scene, ViewLayer | Updating Baking
Fra:0 Mem:47.42M (Peak 53.56M) | Time:00:00.01 | Mem:4.22M, Peak:4.22M | Scene, ViewLayer | Updating Device | Writing constant memory
Fra:0 Mem:47.42M (Peak 53.56M) | Time:00:00.01 | Mem:4.22M, Peak:4.22M | Scene, ViewLayer | Loading denoising kernels (may take a few minutes the first time)
Fra:0 Mem:47.42M (Peak 53.56M) | Time:00:00.01 | Mem:4.22M, Peak:4.22M | Scene, ViewLayer | Sample 0/12
Fra:0 Mem:106.17M (Peak 106.17M) | Time:00:00.19 | Remaining:00:02.01 | Mem:62.93M, Peak:62.93M | Scene, ViewLayer | Sample 1/12
Fra:0 Mem:130.89M (Peak 167.97M) | Time:00:05.82 | Mem:62.93M, Peak:62.93M | Scene, ViewLayer | Sample 12/12
Fra:0 Mem:130.89M (Peak 167.97M) | Time:00:05.82 | Mem:62.93M, Peak:62.93M | Scene, ViewLayer | Finished
Saved: 'C:\Users\SsAnd\AppData\Roaming\Jagged Alliance 3\Mods\jazz\tmp\leather-armor-v5\clothed-audit\twist_front.png'
Time: 00:05.88 (Saving: 00:00.05)

Fra:0 Mem:51.14M (Peak 51.14M) | Time:00:00.00 | Mem:0.00M, Peak:0.00M | Scene, ViewLayer | Synchronizing object | M_BaseMesh Skin_BIP
Fra:0 Mem:51.15M (Peak 51.15M) | Time:00:00.00 | Mem:0.00M, Peak:0.00M | Scene, ViewLayer | Synchronizing object | Area.002
Fra:0 Mem:51.34M (Peak 51.34M) | Time:00:00.00 | Mem:0.00M, Peak:0.00M | Scene, ViewLayer | Synchronizing object | Area.001
Fra:0 Mem:51.34M (Peak 51.34M) | Time:00:00.00 | Mem:0.00M, Peak:0.00M | Scene, ViewLayer | Synchronizing object | Area
Fra:0 Mem:53.56M (Peak 53.56M) | Time:00:00.00 | Mem:0.00M, Peak:0.00M | Scene, ViewLayer | Initializing
Fra:0 Mem:45.25M (Peak 53.56M) | Time:00:00.00 | Mem:0.00M, Peak:0.00M | Scene, ViewLayer | Waiting for render to start
Fra:0 Mem:45.25M (Peak 53.56M) | Time:00:00.00 | Mem:0.00M, Peak:0.00M | Scene, ViewLayer | Updating Scene
Fra:0 Mem:45.25M (Peak 53.56M) | Time:00:00.00 | Mem:0.00M, Peak:0.00M | Scene, ViewLayer | Updating Shaders
Fra:0 Mem:45.25M (Peak 53.56M) | Time:00:00.00 | Mem:0.00M, Peak:0.00M | Scene, ViewLayer | Loading render kernels (may take a few minutes the first time)
Fra:0 Mem:45.33M (Peak 53.56M) | Time:00:00.00 | Mem:0.00M, Peak:0.00M | Scene, ViewLayer | Updating Procedurals
Fra:0 Mem:45.33M (Peak 53.56M) | Time:00:00.00 | Mem:0.00M, Peak:0.00M | Scene, ViewLayer | Updating Background
Fra:0 Mem:45.33M (Peak 53.56M) | Time:00:00.00 | Mem:0.00M, Peak:0.00M | Scene, ViewLayer | Updating Camera
Fra:0 Mem:45.33M (Peak 53.56M) | Time:00:00.00 | Mem:0.00M, Peak:0.00M | Scene, ViewLayer | Updating Meshes Flags
Fra:0 Mem:45.33M (Peak 53.56M) | Time:00:00.00 | Mem:0.00M, Peak:0.00M | Scene, ViewLayer | Updating Objects
Fra:0 Mem:45.33M (Peak 53.56M) | Time:00:00.00 | Mem:0.00M, Peak:0.00M | Scene, ViewLayer | Updating Objects | Copying Transformations to device
Fra:0 Mem:45.34M (Peak 53.56M) | Time:00:00.00 | Mem:0.00M, Peak:0.00M | Scene, ViewLayer | Updating Particle Systems
Fra:0 Mem:45.34M (Peak 53.56M) | Time:00:00.00 | Mem:0.00M, Peak:0.00M | Scene, ViewLayer | Updating Particle Systems | Copying Particles to device
Fra:0 Mem:45.34M (Peak 53.56M) | Time:00:00.00 | Mem:0.00M, Peak:0.00M | Scene, ViewLayer | Updating Meshes
Fra:0 Mem:45.34M (Peak 53.56M) | Time:00:00.00 | Mem:0.00M, Peak:0.00M | Scene, ViewLayer | Updating Objects | Applying Static Transformations
Fra:0 Mem:45.34M (Peak 53.56M) | Time:00:00.00 | Mem:0.00M, Peak:0.00M | Scene, ViewLayer | Updating Mesh | Computing attributes
Fra:0 Mem:45.53M (Peak 53.56M) | Time:00:00.00 | Mem:0.00M, Peak:0.00M | Scene, ViewLayer | Updating Mesh | Copying Attributes to device
Fra:0 Mem:45.53M (Peak 53.56M) | Time:00:00.00 | Mem:0.20M, Peak:0.20M | Scene, ViewLayer | Updating Scene BVH | Building
Fra:0 Mem:45.53M (Peak 53.56M) | Time:00:00.00 | Mem:0.20M, Peak:0.20M | Scene, ViewLayer | Updating Scene BVH | Building BVH
Fra:0 Mem:45.53M (Peak 53.56M) | Time:00:00.00 | Mem:1.18M, Peak:1.18M | Scene, ViewLayer | Updating Scene BVH | Building BVH 0%
Fra:0 Mem:45.53M (Peak 53.56M) | Time:00:00.01 | Mem:2.25M, Peak:3.24M | Scene, ViewLayer | Updating Scene BVH | Copying BVH to device
Fra:0 Mem:45.53M (Peak 53.56M) | Time:00:00.01 | Mem:2.25M, Peak:3.24M | Scene, ViewLayer | Updating Mesh | Computing normals
Fra:0 Mem:46.41M (Peak 53.56M) | Time:00:00.01 | Mem:2.25M, Peak:3.24M | Scene, ViewLayer | Updating Mesh | Copying Mesh to device
Fra:0 Mem:46.41M (Peak 53.56M) | Time:00:00.01 | Mem:3.13M, Peak:3.24M | Scene, ViewLayer | Updating Objects Flags
Fra:0 Mem:46.41M (Peak 53.56M) | Time:00:00.01 | Mem:3.13M, Peak:3.24M | Scene, ViewLayer | Updating Primitive Offsets
Fra:0 Mem:46.41M (Peak 53.56M) | Time:00:00.01 | Mem:3.13M, Peak:3.24M | Scene, ViewLayer | Updating Images
Fra:0 Mem:46.41M (Peak 53.56M) | Time:00:00.01 | Mem:3.13M, Peak:3.24M | Scene, ViewLayer | Updating Camera Volume
Fra:0 Mem:46.41M (Peak 53.56M) | Time:00:00.01 | Mem:3.13M, Peak:3.24M | Scene, ViewLayer | Updating Lookup Tables
Fra:0 Mem:46.41M (Peak 53.56M) | Time:00:00.01 | Mem:3.22M, Peak:3.24M | Scene, ViewLayer | Updating Lights
Fra:0 Mem:46.41M (Peak 53.56M) | Time:00:00.01 | Mem:3.22M, Peak:3.24M | Scene, ViewLayer | Updating Lights | Computing tree
Fra:0 Mem:46.41M (Peak 53.56M) | Time:00:00.01 | Mem:3.22M, Peak:3.24M | Scene, ViewLayer | Updating Integrator
Fra:0 Mem:47.41M (Peak 53.56M) | Time:00:00.01 | Mem:4.22M, Peak:4.22M | Scene, ViewLayer | Updating Film
Fra:0 Mem:47.42M (Peak 53.56M) | Time:00:00.01 | Mem:4.14M, Peak:4.22M | Scene, ViewLayer | Updating Lookup Tables
Fra:0 Mem:47.42M (Peak 53.56M) | Time:00:00.01 | Mem:4.22M, Peak:4.22M | Scene, ViewLayer | Updating Baking
Fra:0 Mem:47.42M (Peak 53.56M) | Time:00:00.01 | Mem:4.22M, Peak:4.22M | Scene, ViewLayer | Updating Device | Writing constant memory
Fra:0 Mem:47.42M (Peak 53.56M) | Time:00:00.01 | Mem:4.22M, Peak:4.22M | Scene, ViewLayer | Loading denoising kernels (may take a few minutes the first time)
Fra:0 Mem:47.42M (Peak 53.56M) | Time:00:00.01 | Mem:4.22M, Peak:4.22M | Scene, ViewLayer | Sample 0/12
Fra:0 Mem:106.17M (Peak 106.17M) | Time:00:00.22 | Remaining:00:02.39 | Mem:62.93M, Peak:62.93M | Scene, ViewLayer | Sample 1/12
Fra:0 Mem:130.89M (Peak 167.97M) | Time:00:06.12 | Mem:62.93M, Peak:62.93M | Scene, ViewLayer | Sample 12/12
Fra:0 Mem:130.89M (Peak 167.97M) | Time:00:06.12 | Mem:62.93M, Peak:62.93M | Scene, ViewLayer | Finished
Saved: 'C:\Users\SsAnd\AppData\Roaming\Jagged Alliance 3\Mods\jazz\tmp\leather-armor-v5\clothed-audit\twist_back.png'
Time: 00:06.18 (Saving: 00:00.05)

Fra:0 Mem:51.14M (Peak 51.14M) | Time:00:00.00 | Mem:0.00M, Peak:0.00M | Scene, ViewLayer | Synchronizing object | M_BaseMesh Skin_BIP
Fra:0 Mem:51.14M (Peak 51.14M) | Time:00:00.00 | Mem:0.00M, Peak:0.00M | Scene, ViewLayer | Synchronizing object | Area.002
Fra:0 Mem:51.15M (Peak 51.15M) | Time:00:00.00 | Mem:0.00M, Peak:0.00M | Scene, ViewLayer | Synchronizing object | Area.001
Fra:0 Mem:51.17M (Peak 51.17M) | Time:00:00.00 | Mem:0.00M, Peak:0.00M | Scene, ViewLayer | Synchronizing object | Area
Fra:0 Mem:53.56M (Peak 53.56M) | Time:00:00.00 | Mem:0.00M, Peak:0.00M | Scene, ViewLayer | Initializing
Fra:0 Mem:45.25M (Peak 53.56M) | Time:00:00.00 | Mem:0.00M, Peak:0.00M | Scene, ViewLayer | Waiting for render to start
Fra:0 Mem:45.25M (Peak 53.56M) | Time:00:00.00 | Mem:0.00M, Peak:0.00M | Scene, ViewLayer | Updating Scene
Fra:0 Mem:45.25M (Peak 53.56M) | Time:00:00.00 | Mem:0.00M, Peak:0.00M | Scene, ViewLayer | Updating Shaders
Fra:0 Mem:45.25M (Peak 53.56M) | Time:00:00.00 | Mem:0.00M, Peak:0.00M | Scene, ViewLayer | Loading render kernels (may take a few minutes the first time)
Fra:0 Mem:45.33M (Peak 53.56M) | Time:00:00.00 | Mem:0.00M, Peak:0.00M | Scene, ViewLayer | Updating Procedurals
Fra:0 Mem:45.33M (Peak 53.56M) | Time:00:00.00 | Mem:0.00M, Peak:0.00M | Scene, ViewLayer | Updating Background
Fra:0 Mem:45.33M (Peak 53.56M) | Time:00:00.00 | Mem:0.00M, Peak:0.00M | Scene, ViewLayer | Updating Camera
Fra:0 Mem:45.33M (Peak 53.56M) | Time:00:00.00 | Mem:0.00M, Peak:0.00M | Scene, ViewLayer | Updating Meshes Flags
Fra:0 Mem:45.33M (Peak 53.56M) | Time:00:00.00 | Mem:0.00M, Peak:0.00M | Scene, ViewLayer | Updating Objects
Fra:0 Mem:45.33M (Peak 53.56M) | Time:00:00.00 | Mem:0.00M, Peak:0.00M | Scene, ViewLayer | Updating Objects | Copying Transformations to device
Fra:0 Mem:45.34M (Peak 53.56M) | Time:00:00.00 | Mem:0.00M, Peak:0.00M | Scene, ViewLayer | Updating Particle Systems
Fra:0 Mem:45.34M (Peak 53.56M) | Time:00:00.00 | Mem:0.00M, Peak:0.00M | Scene, ViewLayer | Updating Particle Systems | Copying Particles to device
Fra:0 Mem:45.34M (Peak 53.56M) | Time:00:00.00 | Mem:0.00M, Peak:0.00M | Scene, ViewLayer | Updating Meshes
Fra:0 Mem:45.34M (Peak 53.56M) | Time:00:00.00 | Mem:0.00M, Peak:0.00M | Scene, ViewLayer | Updating Objects | Applying Static Transformations
Fra:0 Mem:45.34M (Peak 53.56M) | Time:00:00.00 | Mem:0.00M, Peak:0.00M | Scene, ViewLayer | Updating Mesh | Computing attributes
Fra:0 Mem:45.53M (Peak 53.56M) | Time:00:00.00 | Mem:0.00M, Peak:0.00M | Scene, ViewLayer | Updating Mesh | Copying Attributes to device
Fra:0 Mem:45.53M (Peak 53.56M) | Time:00:00.00 | Mem:0.20M, Peak:0.20M | Scene, ViewLayer | Updating Scene BVH | Building
Fra:0 Mem:45.53M (Peak 53.56M) | Time:00:00.00 | Mem:0.20M, Peak:0.20M | Scene, ViewLayer | Updating Scene BVH | Building BVH
Fra:0 Mem:45.53M (Peak 53.56M) | Time:00:00.00 | Mem:1.18M, Peak:1.18M | Scene, ViewLayer | Updating Scene BVH | Building BVH 0%
Fra:0 Mem:45.53M (Peak 53.56M) | Time:00:00.01 | Mem:2.25M, Peak:3.24M | Scene, ViewLayer | Updating Scene BVH | Copying BVH to device
Fra:0 Mem:45.53M (Peak 53.56M) | Time:00:00.01 | Mem:2.25M, Peak:3.24M | Scene, ViewLayer | Updating Mesh | Computing normals
Fra:0 Mem:46.41M (Peak 53.56M) | Time:00:00.01 | Mem:2.25M, Peak:3.24M | Scene, ViewLayer | Updating Mesh | Copying Mesh to device
Fra:0 Mem:46.41M (Peak 53.56M) | Time:00:00.01 | Mem:3.13M, Peak:3.24M | Scene, ViewLayer | Updating Objects Flags
Fra:0 Mem:46.41M (Peak 53.56M) | Time:00:00.01 | Mem:3.13M, Peak:3.24M | Scene, ViewLayer | Updating Primitive Offsets
Fra:0 Mem:46.41M (Peak 53.56M) | Time:00:00.01 | Mem:3.13M, Peak:3.24M | Scene, ViewLayer | Updating Images
Fra:0 Mem:46.41M (Peak 53.56M) | Time:00:00.01 | Mem:3.13M, Peak:3.24M | Scene, ViewLayer | Updating Camera Volume
Fra:0 Mem:46.41M (Peak 53.56M) | Time:00:00.01 | Mem:3.13M, Peak:3.24M | Scene, ViewLayer | Updating Lookup Tables
Fra:0 Mem:46.41M (Peak 53.56M) | Time:00:00.01 | Mem:3.22M, Peak:3.24M | Scene, ViewLayer | Updating Lights
Fra:0 Mem:46.41M (Peak 53.56M) | Time:00:00.01 | Mem:3.22M, Peak:3.24M | Scene, ViewLayer | Updating Lights | Computing tree
Fra:0 Mem:46.41M (Peak 53.56M) | Time:00:00.01 | Mem:3.22M, Peak:3.24M | Scene, ViewLayer | Updating Integrator
Fra:0 Mem:47.41M (Peak 53.56M) | Time:00:00.01 | Mem:4.22M, Peak:4.22M | Scene, ViewLayer | Updating Film
Fra:0 Mem:47.42M (Peak 53.56M) | Time:00:00.01 | Mem:4.14M, Peak:4.22M | Scene, ViewLayer | Updating Lookup Tables
Fra:0 Mem:47.42M (Peak 53.56M) | Time:00:00.01 | Mem:4.22M, Peak:4.22M | Scene, ViewLayer | Updating Baking
Fra:0 Mem:47.42M (Peak 53.56M) | Time:00:00.01 | Mem:4.22M, Peak:4.22M | Scene, ViewLayer | Updating Device | Writing constant memory
Fra:0 Mem:47.42M (Peak 53.56M) | Time:00:00.01 | Mem:4.22M, Peak:4.22M | Scene, ViewLayer | Loading denoising kernels (may take a few minutes the first time)
Fra:0 Mem:47.42M (Peak 53.56M) | Time:00:00.01 | Mem:4.22M, Peak:4.22M | Scene, ViewLayer | Sample 0/12
Fra:0 Mem:106.17M (Peak 106.17M) | Time:00:00.18 | Remaining:00:01.86 | Mem:62.93M, Peak:62.93M | Scene, ViewLayer | Sample 1/12
Fra:0 Mem:130.89M (Peak 167.97M) | Time:00:05.57 | Mem:62.93M, Peak:62.93M | Scene, ViewLayer | Sample 12/12
Fra:0 Mem:130.89M (Peak 167.97M) | Time:00:05.57 | Mem:62.93M, Peak:62.93M | Scene, ViewLayer | Finished
Saved: 'C:\Users\SsAnd\AppData\Roaming\Jagged Alliance 3\Mods\jazz\tmp\leather-armor-v5\clothed-audit\twist_left.png'
Time: 00:05.62 (Saving: 00:00.05)


Blender quit
